Archive member included to satisfy reference by file (symbol)

app/libapp.a(main.c.obj)      (--whole-archive)
app/libapp.a(circular_buffer.c.obj)
                              (--whole-archive)
app/libapp.a(clock.c.obj)     (--whole-archive)
app/libapp.a(interrupt.c.obj)
                              (--whole-archive)
app/libapp.a(led.c.obj)       (--whole-archive)
app/libapp.a(mt29f_nand.c.obj)
                              (--whole-archive)
app/libapp.a(nvs.c.obj)       (--whole-archive)
app/libapp.a(imu.c.obj)       (--whole-archive)
app/libapp.a(ICM_42670.c.obj)
                              (--whole-archive)
app/libapp.a(inv_imu_driver.c.obj)
                              (--whole-archive)
app/libapp.a(inv_imu_apex.c.obj)
                              (--whole-archive)
app/libapp.a(imu_process.c.obj)
                              (--whole-archive)
app/libapp.a(inv_imu_transport.c.obj)
                              (--whole-archive)
app/libapp.a(inv_time.c.obj)  (--whole-archive)
zephyr/libzephyr.a(heap.c.obj)
                              (--whole-archive)
zephyr/libzephyr.a(cbprintf_packaged.c.obj)
                              (--whole-archive)
zephyr/libzephyr.a(printk.c.obj)
                              (--whole-archive)
zephyr/libzephyr.a(sem.c.obj)
                              (--whole-archive)
zephyr/libzephyr.a(thread_entry.c.obj)
                              (--whole-archive)
zephyr/libzephyr.a(cbprintf_complete.c.obj)
                              (--whole-archive)
zephyr/libzephyr.a(assert.c.obj)
                              (--whole-archive)
zephyr/libzephyr.a(mpsc_pbuf.c.obj)
                              (--whole-archive)
zephyr/libzephyr.a(dec.c.obj)
                              (--whole-archive)
zephyr/libzephyr.a(hex.c.obj)
                              (--whole-archive)
zephyr/libzephyr.a(rb.c.obj)  (--whole-archive)
zephyr/libzephyr.a(timeutil.c.obj)
                              (--whole-archive)
zephyr/libzephyr.a(bitarray.c.obj)
                              (--whole-archive)
zephyr/libzephyr.a(onoff.c.obj)
                              (--whole-archive)
zephyr/libzephyr.a(notify.c.obj)
                              (--whole-archive)
zephyr/libzephyr.a(ring_buffer.c.obj)
                              (--whole-archive)
zephyr/libzephyr.a(last_section_id.c.obj)
                              (--whole-archive)
zephyr/libzephyr.a(configs.c.obj)
                              (--whole-archive)
zephyr/libzephyr.a(log_core.c.obj)
                              (--whole-archive)
zephyr/libzephyr.a(log_mgmt.c.obj)
                              (--whole-archive)
zephyr/libzephyr.a(log_cache.c.obj)
                              (--whole-archive)
zephyr/libzephyr.a(log_msg.c.obj)
                              (--whole-archive)
zephyr/libzephyr.a(log_output.c.obj)
                              (--whole-archive)
zephyr/libzephyr.a(log_backend_uart.c.obj)
                              (--whole-archive)
zephyr/libzephyr.a(mem_attr.c.obj)
                              (--whole-archive)
zephyr/libzephyr.a(tracing_none.c.obj)
                              (--whole-archive)
zephyr/libzephyr.a(banner.c.obj)
                              (--whole-archive)
zephyr/libzephyr.a(flash_map_partition_manager.c.obj)
                              (--whole-archive)
zephyr/arch/common/libarch__common.a(sw_isr_common.c.obj)
                              (--whole-archive)
zephyr/arch/arch/arm/core/libarch__arm__core.a(fatal.c.obj)
                              (--whole-archive)
zephyr/arch/arch/arm/core/libarch__arm__core.a(nmi.c.obj)
                              (--whole-archive)
zephyr/arch/arch/arm/core/libarch__arm__core.a(nmi_on_reset.S.obj)
                              (--whole-archive)
zephyr/arch/arch/arm/core/libarch__arm__core.a(tls.c.obj)
                              (--whole-archive)
zephyr/arch/arch/arm/core/cortex_m/libarch__arm__core__cortex_m.a(exc_exit.c.obj)
                              (--whole-archive)
zephyr/arch/arch/arm/core/cortex_m/libarch__arm__core__cortex_m.a(fault.c.obj)
                              (--whole-archive)
zephyr/arch/arch/arm/core/cortex_m/libarch__arm__core__cortex_m.a(fault_s.S.obj)
                              (--whole-archive)
zephyr/arch/arch/arm/core/cortex_m/libarch__arm__core__cortex_m.a(fpu.c.obj)
                              (--whole-archive)
zephyr/arch/arch/arm/core/cortex_m/libarch__arm__core__cortex_m.a(reset.S.obj)
                              (--whole-archive)
zephyr/arch/arch/arm/core/cortex_m/libarch__arm__core__cortex_m.a(scb.c.obj)
                              (--whole-archive)
zephyr/arch/arch/arm/core/cortex_m/libarch__arm__core__cortex_m.a(thread_abort.c.obj)
                              (--whole-archive)
zephyr/arch/arch/arm/core/cortex_m/libarch__arm__core__cortex_m.a(vector_table.S.obj)
                              (--whole-archive)
zephyr/arch/arch/arm/core/cortex_m/libarch__arm__core__cortex_m.a(swap_helper.S.obj)
[...]
Memory Configuration

Name             Origin             Length             Attributes
FLASH            0x0000000000000000 0x0000000000080000 xr
RAM              0x0000000020000000 0x0000000000010000 xw
IDT_LIST         0x00000000ffff7fff 0x0000000000008000 xw
*default*        0x0000000000000000 0xffffffffffffffff

Linker script and memory map

                0x00000000000076b4                vfprintf = __l_vfprintf
                0x0000000000000000                vfscanf = __l_vfscanf
LOAD zephyr/CMakeFiles/zephyr_final.dir/misc/empty_file.c.obj
LOAD zephyr/CMakeFiles/zephyr_final.dir/isr_tables.c.obj
LOAD zephyr/CMakeFiles/offsets.dir/./arch/arm/core/offsets/offsets.c.obj
LOAD app/libapp.a
LOAD zephyr/libzephyr.a
LOAD zephyr/arch/common/libarch__common.a
LOAD zephyr/arch/arch/arm/core/libarch__arm__core.a
LOAD zephyr/arch/arch/arm/core/cortex_m/libarch__arm__core__cortex_m.a
LOAD zephyr/arch/arch/arm/core/mpu/libarch__arm__core__mpu.a
LOAD zephyr/lib/libc/picolibc/liblib__libc__picolibc.a
LOAD zephyr/lib/libc/common/liblib__libc__common.a
LOAD zephyr/soc/soc/nrf52832/libsoc__nordic.a
LOAD zephyr/drivers/clock_control/libdrivers__clock_control.a
LOAD zephyr/drivers/console/libdrivers__console.a
LOAD zephyr/drivers/gpio/libdrivers__gpio.a
LOAD zephyr/drivers/pinctrl/libdrivers__pinctrl.a
LOAD zephyr/drivers/sensor/nordic/temp/libdrivers__sensor__nordic__temp.a
LOAD zephyr/drivers/serial/libdrivers__serial.a
LOAD zephyr/drivers/spi/libdrivers__spi.a
LOAD zephyr/drivers/timer/libdrivers__timer.a
LOAD modules/hal_nordic/modules/hal_nordic/nrfx/libmodules__hal_nordic__nrfx.a
LOAD zephyr/kernel/libkernel.a
LOAD zephyr/arch/common/libisr_tables.a
LOAD /home/anders/ncs/toolchains/c5be9c56c7/opt/zephyr-sdk/arm-zephyr-eabi/bin/../lib/gcc/../../picolibc/arm-zephyr-eabi/lib/thumb/v7e-m/nofp/libc.a
LOAD /home/anders/ncs/toolchains/c5be9c56c7/opt/zephyr-sdk/arm-zephyr-eabi/bin/../lib/gcc/arm-zephyr-eabi/12.2.0/thumb/v7e-m/nofp/libgcc.a
                0x0000000000000020                _region_min_align = 0x20

.rel.plt        0x0000000000000000        0x0
 *(SORT_BY_ALIGNMENT(.rel.plt))
                [!provide]                        PROVIDE (__rel_iplt_start = .)
 *(SORT_BY_ALIGNMENT(.rel.iplt))
 .rel.iplt      0x0000000000000000        0x0 zephyr/CMakeFiles/zephyr_final.dir/isr_tables.c.obj
                [!provide]                        PROVIDE (__rel_iplt_end = .)

.rela.plt       0x0000000000000000        0x0
 *(SORT_BY_ALIGNMENT(.rela.plt))
                [!provide]                        PROVIDE (__rela_iplt_start = .)
 *(SORT_BY_ALIGNMENT(.rela.iplt))
                [!provide]                        PROVIDE (__rela_iplt_end = .)

.rel.dyn
 *(SORT_BY_ALIGNMENT(.rel.*))

.rela.dyn
 *(SORT_BY_ALIGNMENT(.rela.*))

/DISCARD/
 *(SORT_BY_ALIGNMENT(.plt))

/DISCARD/
 *(SORT_BY_ALIGNMENT(.iplt))
                0x0000000000000000                __rom_region_start = 0x0

rom_start       0x0000000000000000       0xdc
                0x0000000000000000                __rom_start_address = .
 FILL mask 0x00
                0x0000000000000000                . = (. + (0x0 - (. - __rom_start_address)))
                0x0000000000000000                . = ALIGN (0x4)
                0x0000000000000000                . = ALIGN (0x80)
                0x0000000000000000                . = ALIGN (0x100)
                0x0000000000000000                _vector_start = .
 *(SORT_BY_ALIGNMENT(.exc_vector_table))
 *(SORT_BY_ALIGNMENT(.exc_vector_table.*))
 .exc_vector_table._vector_table_section
                0x0000000000000000       0x40 zephyr/arch/arch/arm/core/cortex_m/libarch__arm__core__cortex_m.a(vector_table.S.obj)
                0x0000000000000000                _vector_table
 *(SORT_BY_ALIGNMENT(.vectors))
                0x00000000000000dc                _vector_end = .
                0x0000000000000040                . = ALIGN (0x4)
 *(SORT_BY_ALIGNMENT(.gnu.linkonce.irq_vector_table*))
 .gnu.linkonce.irq_vector_table
                0x0000000000000040       0x9c zephyr/CMakeFiles/zephyr_final.dir/isr_tables.c.obj
                0x0000000000000040                _irq_vector_table
                0x00000000000000dc                _vector_end = .

text            0x00000000000000e0     0x93ec
                0x00000000000000e0                __text_region_start = .
 *(SORT_BY_ALIGNMENT(.text))
 .text          0x00000000000000e0      0x378 /home/anders/ncs/toolchains/c5be9c56c7/opt/zephyr-sdk/arm-zephyr-eabi/bin/../lib/gcc/arm-zephyr-eabi/12.2.0/thumb/v7e-m/nofp/libgcc.a(_arm_addsubdf3.o)
                0x00000000000000e0                __aeabi_drsub
                0x00000000000000e8                __aeabi_dsub
                0x00000000000000e8                __subdf3
                0x00000000000000ec                __adddf3
                0x00000000000000ec                __aeabi_dadd
                0x0000000000000364                __aeabi_ui2d
                0x0000000000000364                __floatunsidf
                0x0000000000000384                __floatsidf
                0x0000000000000384                __aeabi_i2d
                0x00000000000003a8                __extendsfdf2
                0x00000000000003a8                __aeabi_f2d
                0x00000000000003ec                __aeabi_ul2d
                0x00000000000003ec                __floatundidf
                0x00000000000003fc                __floatdidf
                0x00000000000003fc                __aeabi_l2d
 .text          0x0000000000000458      0x424 /home/anders/ncs/toolchains/c5be9c56c7/opt/zephyr-sdk/arm-zephyr-eabi/bin/../lib/gcc/arm-zephyr-eabi/12.2.0/thumb/v7e-m/nofp/libgcc.a(_arm_muldivdf3.o)
                0x0000000000000458                __aeabi_dmul
                0x0000000000000458                __muldf3
                0x00000000000006ac                __aeabi_ddiv
                0x00000000000006ac                __divdf3
 .text          0x000000000000087c       0x40 /home/anders/ncs/toolchains/c5be9c56c7/opt/zephyr-sdk/arm-zephyr-eabi/bin/../lib/gcc/arm-zephyr-eabi/12.2.0/thumb/v7e-m/nofp/libgcc.a(_arm_fixunsdfsi.o)
                0x000000000000087c                __fixunsdfsi
                0x000000000000087c                __aeabi_d2uiz
 .text          0x00000000000008bc       0x30 /home/anders/ncs/toolchains/c5be9c56c7/opt/zephyr-sdk/arm-zephyr-eabi/bin/../lib/gcc/arm-zephyr-eabi/12.2.0/thumb/v7e-m/nofp/libgcc.a(_aeabi_uldivmod.o)
                0x00000000000008bc                __aeabi_uldivmod
 .text          0x00000000000008ec        0x4 /home/anders/ncs/toolchains/c5be9c56c7/opt/zephyr-sdk/arm-zephyr-eabi/bin/../lib/gcc/arm-zephyr-eabi/12.2.0/thumb/v7e-m/nofp/libgcc.a(_dvmd_tls.o)
                0x00000000000008ec                __aeabi_ldiv0
                0x00000000000008ec                __aeabi_idiv0
 .text          0x00000000000008f0       0x10 /home/anders/ncs/toolchains/c5be9c56c7/opt/zephyr-sdk/arm-zephyr-eabi/bin/../lib/gcc/../../picolibc/arm-zephyr-eabi/lib/thumb/v7e-m/nofp/libc.a(strlen.S.o)
                0x00000000000008f0                strlen
 .text          0x0000000000000900      0x2a0 /home/anders/ncs/toolchains/c5be9c56c7/opt/zephyr-sdk/arm-zephyr-eabi/bin/../lib/gcc/arm-zephyr-eabi/12.2.0/thumb/v7e-m/nofp/libgcc.a(_udivmoddi4.o)
                0x0000000000000900                __udivmoddi4
 *(SORT_BY_ALIGNMENT(.text.*))
 .text.get_ms   0x0000000000000ba0       0x84 app/libapp.a(clock.c.obj)
                0x0000000000000ba0                get_ms
 .text.flash_init
                0x0000000000000c24        0xc app/libapp.a(main.c.obj)
                0x0000000000000c24                flash_init
 .text.main     0x0000000000000c30       0x50 app/libapp.a(main.c.obj)
                0x0000000000000c30                main
 .text.get_raw_ms
                0x0000000000000c80       0x1c app/libapp.a(clock.c.obj)
                0x0000000000000c80                get_raw_ms
 .text.gpio_pin_toggle_dt.constprop.0.isra.0
                0x0000000000000c9c       0x10 app/libapp.a(led.c.obj)
 .text.gpio_pin_set_dt.constprop.0.isra.0
                0x0000000000000cac       0x1c app/libapp.a(led.c.obj)
 .text.led_init
                0x0000000000000cc8       0x48 app/libapp.a(led.c.obj)
                0x0000000000000cc8                led_init
 .text.spi_transceive_dt.constprop.0
                0x0000000000000d10       0x1c app/libapp.a(mt29f_nand.c.obj)
 .text.spi_write_dt.constprop.0
                0x0000000000000d2c       0x1c app/libapp.a(mt29f_nand.c.obj)
 .text.spi_nand_die_select
                0x0000000000000d48       0x48 app/libapp.a(mt29f_nand.c.obj)
 .text.spi_nand_unlock
                0x0000000000000d90       0x3c app/libapp.a(mt29f_nand.c.obj)
 .text.mt29f_init
                0x0000000000000dcc      0x140 app/libapp.a(mt29f_nand.c.obj)
                0x0000000000000dcc                mt29f_init
 .text.imu_init
                0x0000000000000f0c       0x84 app/libapp.a(imu.c.obj)
                0x0000000000000f0c                imu_init
 .text.event_cb
                0x0000000000000f90       0x2c app/libapp.a(ICM_42670.c.obj)
                0x0000000000000f90                event_cb
 .text.imu_spi_write
                0x0000000000000fbc       0x4c app/libapp.a(ICM_42670.c.obj)
                0x0000000000000fbc                imu_spi_write
 .text.imu_spi_read
                0x0000000000001008       0x48 app/libapp.a(ICM_42670.c.obj)
                0x0000000000001008                imu_spi_read
 .text.init_icm
                0x0000000000001050       0x9c app/libapp.a(ICM_42670.c.obj)
                0x0000000000001050                init_icm
 .text.configure_serial_interface
                0x00000000000010ec       0xc8 app/libapp.a(inv_imu_driver.c.obj)
 .text.inv_imu_device_reset
                0x00000000000011b4       0x80 app/libapp.a(inv_imu_driver.c.obj)
                0x00000000000011b4                inv_imu_device_reset
 .text.inv_imu_get_who_am_i
                0x0000000000001234       0x10 app/libapp.a(inv_imu_driver.c.obj)
                0x0000000000001234                inv_imu_get_who_am_i
 .text.inv_imu_set_config_int1
                0x0000000000001244      0x104 app/libapp.a(inv_imu_driver.c.obj)
                0x0000000000001244                inv_imu_set_config_int1
 .text.inv_imu_set_config_int2
                0x0000000000001348      0x104 app/libapp.a(inv_imu_driver.c.obj)
                0x0000000000001348                inv_imu_set_config_int2
 .text.inv_imu_get_endianness
                0x000000000000144c       0x2c app/libapp.a(inv_imu_driver.c.obj)
                0x000000000000144c                inv_imu_get_endianness
 .text.inv_imu_init
                0x0000000000001478      0x1f4 app/libapp.a(inv_imu_driver.c.obj)
                0x0000000000001478                inv_imu_init
 .text.inv_imu_switch_off_mclk
                0x000000000000166c       0x64 app/libapp.a(inv_imu_transport.c.obj)
                0x000000000000166c                inv_imu_switch_off_mclk
 .text.inv_imu_write_reg
                0x00000000000016d0      0x110 app/libapp.a(inv_imu_transport.c.obj)
                0x00000000000016d0                inv_imu_write_reg
 .text.inv_imu_switch_on_mclk
                0x00000000000017e0       0xb4 app/libapp.a(inv_imu_transport.c.obj)
                0x00000000000017e0                inv_imu_switch_on_mclk
 .text.cbvprintf_package
                0x0000000000001894      0x3a4 zephyr/libzephyr.a(cbprintf_packaged.c.obj)
                0x0000000000001894                cbvprintf_package
 .text.cbprintf_package_convert
                0x0000000000001c38      0x3cc zephyr/libzephyr.a(cbprintf_packaged.c.obj)
                0x0000000000001c38                cbprintf_package_convert
 .text.__printk_hook_install
                0x0000000000002004        0xc zephyr/libzephyr.a(printk.c.obj)
                0x0000000000002004                __printk_hook_install
 .text.z_thread_entry
                0x0000000000002010       0x34 zephyr/libzephyr.a(thread_entry.c.obj)
                0x0000000000002010                z_thread_entry
 .text.process_event
                0x0000000000002044      0x21c zephyr/libzephyr.a(onoff.c.obj)
 .text.activate_foreach_backend
                0x0000000000002260       0x64 zephyr/libzephyr.a(log_core.c.obj)
 .text.enable_logger
                0x00000000000022c4       0x5c zephyr/libzephyr.a(log_core.c.obj)
 .text.log_process_thread_timer_expiry_fn
                0x0000000000002320        0xc zephyr/libzephyr.a(log_core.c.obj)
 .text.z_log_init
                0x000000000000232c       0x98 zephyr/libzephyr.a(log_core.c.obj)
 .text.log_format_func_t_get
                0x00000000000023c4        0xc zephyr/libzephyr.a(log_core.c.obj)
                0x00000000000023c4                log_format_func_t_get
 .text.log_set_timestamp_func
                0x00000000000023d0       0x20 zephyr/libzephyr.a(log_core.c.obj)
                0x00000000000023d0                log_set_timestamp_func
 .text.z_log_notify_backend_enabled
                0x00000000000023f0       0x1c zephyr/libzephyr.a(log_core.c.obj)
                0x00000000000023f0                z_log_notify_backend_enabled
 .text.z_log_dropped
                0x000000000000240c       0x44 zephyr/libzephyr.a(log_core.c.obj)
                0x000000000000240c                z_log_dropped
 .text.z_log_dropped_read_and_clear
                0x0000000000002450       0x20 zephyr/libzephyr.a(log_core.c.obj)
                0x0000000000002450                z_log_dropped_read_and_clear
 .text.dropped_notify
                0x0000000000002470       0x30 zephyr/libzephyr.a(log_core.c.obj)
                0x0000000000002470                dropped_notify
 .text.z_log_msg_init
                0x00000000000024a0       0x20 zephyr/libzephyr.a(log_core.c.obj)
                0x00000000000024a0                z_log_msg_init
 .text.log_core_init
                0x00000000000024c0       0x50 zephyr/libzephyr.a(log_core.c.obj)
                0x00000000000024c0                log_core_init
 .text.z_log_msg_alloc
                0x0000000000002510       0x10 zephyr/libzephyr.a(log_core.c.obj)
                0x0000000000002510                z_log_msg_alloc
 .text.z_log_msg_local_claim
                0x0000000000002520        0xc zephyr/libzephyr.a(log_core.c.obj)
                0x0000000000002520                z_log_msg_local_claim
 .text.z_log_msg_free
                0x000000000000252c       0x10 zephyr/libzephyr.a(log_core.c.obj)
                0x000000000000252c                z_log_msg_free
 .text.z_log_msg_pending
                0x000000000000253c        0xc zephyr/libzephyr.a(log_core.c.obj)
                0x000000000000253c                z_log_msg_pending
 .text.z_impl_log_process
                0x0000000000002548       0xc0 zephyr/libzephyr.a(log_core.c.obj)
                0x0000000000002548                z_impl_log_process
 .text.z_impl_log_panic
                0x0000000000002608       0x44 zephyr/libzephyr.a(log_core.c.obj)
                0x0000000000002608                z_impl_log_panic
 .text.log_process_thread_func
                0x000000000000264c       0xa4 zephyr/libzephyr.a(log_core.c.obj)
 .text.z_log_msg_post_finalize
                0x00000000000026f0       0x78 zephyr/libzephyr.a(log_core.c.obj)
 .text.z_log_msg_commit
                0x0000000000002768       0x24 zephyr/libzephyr.a(log_core.c.obj)
                0x0000000000002768                z_log_msg_commit
 .text.log_source_name_get
                0x000000000000278c       0x1c zephyr/libzephyr.a(log_mgmt.c.obj)
                0x000000000000278c                log_source_name_get
 .text.z_impl_z_log_msg_static_create
                0x00000000000027a8      0x108 zephyr/libzephyr.a(log_msg.c.obj)
                0x00000000000027a8                z_impl_z_log_msg_static_create
 .text.z_log_msg_runtime_vcreate
                0x00000000000028b0       0xa0 zephyr/libzephyr.a(log_msg.c.obj)
                0x00000000000028b0                z_log_msg_runtime_vcreate
 .text.log_msg_get_source_id
                0x0000000000002950       0x18 zephyr/libzephyr.a(log_msg.c.obj)
                0x0000000000002950                log_msg_get_source_id
 .text.print_formatted
                0x0000000000002968       0x24 zephyr/libzephyr.a(log_output.c.obj)
 .text.newline_print
                0x000000000000298c       0x1c zephyr/libzephyr.a(log_output.c.obj)
 .text.log_output_process
                0x00000000000029a8      0x2d4 zephyr/libzephyr.a(log_output.c.obj)
                0x00000000000029a8                log_output_process
 .text.log_output_dropped_process
                0x0000000000002c7c       0x58 zephyr/libzephyr.a(log_output.c.obj)
                0x0000000000002c7c                log_output_dropped_process
 .text.log_output_timestamp_freq_set
                0x0000000000002cd4       0x2c zephyr/libzephyr.a(log_output.c.obj)
                0x0000000000002cd4                log_output_timestamp_freq_set
 .text.char_out
                0x0000000000002d00       0x24 zephyr/libzephyr.a(log_backend_uart.c.obj)
 .text.mem_attr_get_regions
                0x0000000000002d24        0xc zephyr/libzephyr.a(mem_attr.c.obj)
                0x0000000000002d24                mem_attr_get_regions
 .text.boot_banner
                0x0000000000002d30       0x1c zephyr/libzephyr.a(banner.c.obj)
                0x0000000000002d30                boot_banner
 .text.z_arm_fatal_error
                0x0000000000002d4c       0xb8 zephyr/arch/arch/arm/core/libarch__arm__core.a(fatal.c.obj)
                0x0000000000002d4c                z_arm_fatal_error
 .text.z_SysNmiOnReset
                0x0000000000002e04        0x8 zephyr/arch/arch/arm/core/libarch__arm__core.a(nmi_on_reset.S.obj)
                0x0000000000002e04                z_SysNmiOnReset
 .text.arch_tls_stack_setup
                0x0000000000002e0c       0x40 zephyr/arch/arch/arm/core/libarch__arm__core.a(tls.c.obj)
                0x0000000000002e0c                arch_tls_stack_setup
 .text._HandlerModeExit
                0x0000000000002e4c       0x20 zephyr/arch/arch/arm/core/cortex_m/libarch__arm__core__cortex_m.a(exc_exit.c.obj)
                0x0000000000002e4c                z_arm_exc_exit
                0x0000000000002e4c                z_arm_int_exit
 .text.mem_manage_fault.constprop.0
                0x0000000000002e6c       0xd0 zephyr/arch/arch/arm/core/cortex_m/libarch__arm__core__cortex_m.a(fault.c.obj)
 .text.usage_fault.constprop.0
                0x0000000000002f3c       0xa8 zephyr/arch/arch/arm/core/cortex_m/libarch__arm__core__cortex_m.a(fault.c.obj)
 .text.bus_fault.constprop.0
                0x0000000000002fe4       0xd0 zephyr/arch/arch/arm/core/cortex_m/libarch__arm__core__cortex_m.a(fault.c.obj)
 .text.z_arm_fault
                0x00000000000030b4      0x1d0 zephyr/arch/arch/arm/core/cortex_m/libarch__arm__core__cortex_m.a(fault.c.obj)
                0x00000000000030b4                z_arm_fault
 .text.z_arm_fault_init
                0x0000000000003284       0x18 zephyr/arch/arch/arm/core/cortex_m/libarch__arm__core__cortex_m.a(fault.c.obj)
                0x0000000000003284                z_arm_fault_init
 .text.__fault  0x000000000000329c       0x14 zephyr/arch/arch/arm/core/cortex_m/libarch__arm__core__cortex_m.a(fault_s.S.obj)
                0x000000000000329c                z_arm_bus_fault
                0x000000000000329c                z_arm_usage_fault
                0x000000000000329c                z_arm_mpu_fault
                0x000000000000329c                z_arm_exc_spurious
                0x000000000000329c                z_arm_debug_monitor
                0x000000000000329c                z_arm_hard_fault
 .text._reset_section
                0x00000000000032b0       0x54 zephyr/arch/arch/arm/core/cortex_m/libarch__arm__core__cortex_m.a(reset.S.obj)
                0x00000000000032b0                z_arm_reset
                0x00000000000032b0                __start
 .text.z_arm_clear_arm_mpu_config
                0x0000000000003304       0x24 zephyr/arch/arch/arm/core/cortex_m/libarch__arm__core__cortex_m.a(scb.c.obj)
                0x0000000000003304                z_arm_clear_arm_mpu_config
 .text.z_arm_init_arch_hw_at_boot
                0x0000000000003328       0x64 zephyr/arch/arch/arm/core/cortex_m/libarch__arm__core__cortex_m.a(scb.c.obj)
                0x0000000000003328                z_arm_init_arch_hw_at_boot
 .text.z_impl_k_thread_abort
                0x000000000000338c       0x2c zephyr/arch/arch/arm/core/cortex_m/libarch__arm__core__cortex_m.a(thread_abort.c.obj)
                0x000000000000338c                z_impl_k_thread_abort
 .text.z_arm_pendsv
                0x00000000000033b8       0x54 zephyr/arch/arch/arm/core/cortex_m/libarch__arm__core__cortex_m.a(swap_helper.S.obj)
                0x00000000000033b8                z_arm_pendsv
 .text.z_arm_svc
                0x000000000000340c       0x24 zephyr/arch/arch/arm/core/cortex_m/libarch__arm__core__cortex_m.a(swap_helper.S.obj)
                0x000000000000340c                z_arm_svc
 .text.arm_irq_enable
                0x0000000000003430       0x1c zephyr/arch/arch/arm/core/cortex_m/libarch__arm__core__cortex_m.a(irq_manage.c.obj)
                0x0000000000003430                arm_irq_enable
 .text.arm_irq_disable
                0x000000000000344c       0x28 zephyr/arch/arch/arm/core/cortex_m/libarch__arm__core__cortex_m.a(irq_manage.c.obj)
                0x000000000000344c                arm_irq_disable
 .text.arm_irq_is_enabled
                0x0000000000003474       0x1c zephyr/arch/arch/arm/core/cortex_m/libarch__arm__core__cortex_m.a(irq_manage.c.obj)
                0x0000000000003474                arm_irq_is_enabled
 .text.arm_irq_priority_set
                0x0000000000003490       0x30 zephyr/arch/arch/arm/core/cortex_m/libarch__arm__core__cortex_m.a(irq_manage.c.obj)
                0x0000000000003490                arm_irq_priority_set
 .text.relocate_vector_table
                0x00000000000034c0       0x1c zephyr/arch/arch/arm/core/cortex_m/libarch__arm__core__cortex_m.a(prep_c.c.obj)
                0x00000000000034c0                relocate_vector_table
 .text.z_prep_c
                0x00000000000034dc       0x28 zephyr/arch/arch/arm/core/cortex_m/libarch__arm__core__cortex_m.a(prep_c.c.obj)
                0x00000000000034dc                z_prep_c
 .text.arch_new_thread
                0x0000000000003504       0x38 zephyr/arch/arch/arm/core/cortex_m/libarch__arm__core__cortex_m.a(thread.c.obj)
                0x0000000000003504                arch_new_thread
 .text.arch_switch_to_main_thread
                0x000000000000353c       0x38 zephyr/arch/arch/arm/core/cortex_m/libarch__arm__core__cortex_m.a(thread.c.obj)
                0x000000000000353c                arch_switch_to_main_thread
 .text.z_arm_cpu_idle_init
                0x0000000000003574        0xc zephyr/arch/arch/arm/core/cortex_m/libarch__arm__core__cortex_m.a(cpu_idle.c.obj)
                0x0000000000003574                z_arm_cpu_idle_init
 .text.z_arm_interrupt_init
                0x0000000000003580       0x18 zephyr/arch/arch/arm/core/cortex_m/libarch__arm__core__cortex_m.a(irq_init.c.obj)
                0x0000000000003580                z_arm_interrupt_init
 .text._isr_wrapper
                0x0000000000003598       0x24 zephyr/arch/arch/arm/core/cortex_m/libarch__arm__core__cortex_m.a(isr_wrapper.c.obj)
                0x0000000000003598                _isr_wrapper
 .text.z_arm_configure_static_mpu_regions
                0x00000000000035bc       0x18 zephyr/arch/arch/arm/core/mpu/libarch__arm__core__mpu.a(arm_core_mpu.c.obj)
                0x00000000000035bc                z_arm_configure_static_mpu_regions
 .text.region_allocate_and_init
                0x00000000000035d4       0x54 zephyr/arch/arch/arm/core/mpu/libarch__arm__core__mpu.a(arm_mpu.c.obj)
 .text.mpu_configure_regions
                0x0000000000003628       0x68 zephyr/arch/arch/arm/core/mpu/libarch__arm__core__mpu.a(arm_mpu.c.obj)
 .text.arm_core_mpu_enable
                0x0000000000003690       0x18 zephyr/arch/arch/arm/core/mpu/libarch__arm__core__mpu.a(arm_mpu.c.obj)
                0x0000000000003690                arm_core_mpu_enable
 .text.arm_core_mpu_disable
                0x00000000000036a8       0x14 zephyr/arch/arch/arm/core/mpu/libarch__arm__core__mpu.a(arm_mpu.c.obj)
                0x00000000000036a8                arm_core_mpu_disable
 .text.arm_core_mpu_configure_static_mpu_regions
                0x00000000000036bc       0x14 zephyr/arch/arch/arm/core/mpu/libarch__arm__core__mpu.a(arm_mpu.c.obj)
                0x00000000000036bc                arm_core_mpu_configure_static_mpu_regions
 .text.z_arm_mpu_init
                0x00000000000036d0      0x17c zephyr/arch/arch/arm/core/mpu/libarch__arm__core__mpu.a(arm_mpu.c.obj)
                0x00000000000036d0                z_arm_mpu_init
 .text.cbvprintf
                0x000000000000384c       0x38 zephyr/lib/libc/picolibc/liblib__libc__picolibc.a(cbprintf.c.obj)
                0x000000000000384c                cbvprintf
 .text.z_impl_zephyr_fputc
                0x0000000000003884       0x10 zephyr/lib/libc/picolibc/liblib__libc__picolibc.a(stdio.c.obj)
                0x0000000000003884                z_impl_zephyr_fputc
 .text.__stdout_hook_install
                0x0000000000003894       0x18 zephyr/lib/libc/picolibc/liblib__libc__picolibc.a(stdio.c.obj)
                0x0000000000003894                __stdout_hook_install
 .text.malloc_prepare
                0x00000000000038ac       0x24 zephyr/lib/libc/common/liblib__libc__common.a(malloc.c.obj)
 .text.nordicsemi_nrf52_init
                0x00000000000038d0       0x10 zephyr/soc/soc/nrf52832/libsoc__nordic.a(soc.c.obj)
 .text.arch_busy_wait
                0x00000000000038e0       0x14 zephyr/soc/soc/nrf52832/libsoc__nordic.a(soc.c.obj)
                0x00000000000038e0                arch_busy_wait
 .text.onoff_stop
                0x00000000000038f4       0x30 zephyr/drivers/clock_control/libdrivers__clock_control.a(clock_control_nrf.c.obj)
 .text.onoff_start
                0x0000000000003924       0x44 zephyr/drivers/clock_control/libdrivers__clock_control.a(clock_control_nrf.c.obj)
 .text.clk_init
                0x0000000000003968       0x60 zephyr/drivers/clock_control/libdrivers__clock_control.a(clock_control_nrf.c.obj)
 .text.api_blocking_start
                0x00000000000039c8       0x34 zephyr/drivers/clock_control/libdrivers__clock_control.a(clock_control_nrf.c.obj)
 .text.lfclk_start
                0x00000000000039fc       0x24 zephyr/drivers/clock_control/libdrivers__clock_control.a(clock_control_nrf.c.obj)
 .text.generic_hfclk_stop
                0x0000000000003a20       0x34 zephyr/drivers/clock_control/libdrivers__clock_control.a(clock_control_nrf.c.obj)
 .text.clkstarted_handle.constprop.0
                0x0000000000003a54       0x4c zephyr/drivers/clock_control/libdrivers__clock_control.a(clock_control_nrf.c.obj)
 .text.clock_event_handler
                0x0000000000003aa0       0x34 zephyr/drivers/clock_control/libdrivers__clock_control.a(clock_control_nrf.c.obj)
 .text.generic_hfclk_start
                0x0000000000003ad4       0x78 zephyr/drivers/clock_control/libdrivers__clock_control.a(clock_control_nrf.c.obj)
 .text.z_nrf_clock_control_get_onoff
                0x0000000000003b4c       0x10 zephyr/drivers/clock_control/libdrivers__clock_control.a(clock_control_nrf.c.obj)
                0x0000000000003b4c                z_nrf_clock_control_get_onoff
 .text.z_nrf_clock_control_lf_on
                0x0000000000003b5c       0xb4 zephyr/drivers/clock_control/libdrivers__clock_control.a(clock_control_nrf.c.obj)
                0x0000000000003b5c                z_nrf_clock_control_lf_on
 .text.start_cal_process
                0x0000000000003c10       0x48 zephyr/drivers/clock_control/libdrivers__clock_control.a(nrf_clock_calibration.c.obj)
 .text.start_cycle
                0x0000000000003c58       0x38 zephyr/drivers/clock_control/libdrivers__clock_control.a(nrf_clock_calibration.c.obj)
 .text.measure_temperature
                0x0000000000003c90       0x88 zephyr/drivers/clock_control/libdrivers__clock_control.a(nrf_clock_calibration.c.obj)
 .text.cal_hf_callback
                0x0000000000003d18       0x2c zephyr/drivers/clock_control/libdrivers__clock_control.a(nrf_clock_calibration.c.obj)
 .text.z_nrf_clock_calibration_init
                0x0000000000003d44       0x1c zephyr/drivers/clock_control/libdrivers__clock_control.a(nrf_clock_calibration.c.obj)
                0x0000000000003d44                z_nrf_clock_calibration_init
 .text.z_nrf_clock_calibration_lfclk_started
                0x0000000000003d60       0x10 zephyr/drivers/clock_control/libdrivers__clock_control.a(nrf_clock_calibration.c.obj)
                0x0000000000003d60                z_nrf_clock_calibration_lfclk_started
 .text.z_nrf_clock_calibration_lfclk_stopped
                0x0000000000003d70        0xc zephyr/drivers/clock_control/libdrivers__clock_control.a(nrf_clock_calibration.c.obj)
                0x0000000000003d70                z_nrf_clock_calibration_lfclk_stopped
 .text.z_nrf_clock_calibration_done_handler
                0x0000000000003d7c       0x10 zephyr/drivers/clock_control/libdrivers__clock_control.a(nrf_clock_calibration.c.obj)
                0x0000000000003d7c                z_nrf_clock_calibration_done_handler
 .text.uart_console_init
                0x0000000000003d8c       0x28 zephyr/drivers/console/libdrivers__console.a(uart_console.c.obj)
 .text.console_out
                0x0000000000003db4       0x28 zephyr/drivers/console/libdrivers__console.a(uart_console.c.obj)
 .text.nrfx_gpio_handler
                0x0000000000003ddc       0x3c zephyr/drivers/gpio/libdrivers__gpio.a(gpio_nrfx.c.obj)
 .text.gpio_nrfx_pin_configure
                0x0000000000003e18      0x180 zephyr/drivers/gpio/libdrivers__gpio.a(gpio_nrfx.c.obj)
 .text.gpio_nrfx_init
                0x0000000000003f98       0x48 zephyr/drivers/gpio/libdrivers__gpio.a(gpio_nrfx.c.obj)
 .text.gpio_nrfx_pin_interrupt_configure
                0x0000000000003fe0      0x110 zephyr/drivers/gpio/libdrivers__gpio.a(gpio_nrfx.c.obj)
 .text.pinctrl_configure_pins
                0x00000000000040f0      0x12c zephyr/drivers/pinctrl/libdrivers__pinctrl.a(pinctrl_nrf.c.obj)
                0x00000000000040f0                pinctrl_configure_pins
 .text.hfclk_on_callback
                0x000000000000421c        0xc zephyr/drivers/sensor/nordic/temp/libdrivers__sensor__nordic__temp.a(temp_nrf5.c.obj)
 .text.temp_nrf5_channel_get
                0x0000000000004228       0x2c zephyr/drivers/sensor/nordic/temp/libdrivers__sensor__nordic__temp.a(temp_nrf5.c.obj)
 .text.temp_nrf5_isr
                0x0000000000004254       0x18 zephyr/drivers/sensor/nordic/temp/libdrivers__sensor__nordic__temp.a(temp_nrf5.c.obj)
 .text.temp_nrf5_sample_fetch
                0x000000000000426c       0x78 zephyr/drivers/sensor/nordic/temp/libdrivers__sensor__nordic__temp.a(temp_nrf5.c.obj)
 .text.temp_nrf5_init
                0x00000000000042e4       0x40 zephyr/drivers/sensor/nordic/temp/libdrivers__sensor__nordic__temp.a(temp_nrf5.c.obj)
 .text.uart_nrfx_poll_in
                0x0000000000004324       0x24 zephyr/drivers/serial/libdrivers__serial.a(uart_nrfx_uart.c.obj)
 .text.uart_nrfx_err_check
                0x0000000000004348       0x10 zephyr/drivers/serial/libdrivers__serial.a(uart_nrfx_uart.c.obj)
 .text.uart_nrfx_poll_out
                0x0000000000004358       0x7c zephyr/drivers/serial/libdrivers__serial.a(uart_nrfx_uart.c.obj)
 .text.uart_nrfx_init
                0x00000000000043d4      0x1a0 zephyr/drivers/serial/libdrivers__serial.a(uart_nrfx_uart.c.obj)
 .text.spi_nrfx_init
                0x0000000000004574      0x120 zephyr/drivers/spi/libdrivers__spi.a(spi_nrfx_spi.c.obj)
 .text.transfer_next_chunk
                0x0000000000004694       0x70 zephyr/drivers/spi/libdrivers__spi.a(spi_nrfx_spi.c.obj)
 .text.event_handler
                0x0000000000004704       0xc0 zephyr/drivers/spi/libdrivers__spi.a(spi_nrfx_spi.c.obj)
 .text.spi_nrfx_transceive
                0x00000000000047c4      0x3dc zephyr/drivers/spi/libdrivers__spi.a(spi_nrfx_spi.c.obj)
 .text.spi_nrfx_wake_init
                0x0000000000004ba0       0x60 zephyr/drivers/spi/libdrivers__spi.a(spi_nrfx_common.c.obj)
                0x0000000000004ba0                spi_nrfx_wake_init
 .text.spi_nrfx_wake_request
                0x0000000000004c00       0x84 zephyr/drivers/spi/libdrivers__spi.a(spi_nrfx_common.c.obj)
                0x0000000000004c00                spi_nrfx_wake_request
 .text.compare_int_lock
                0x0000000000004c84       0x48 zephyr/drivers/timer/libdrivers__timer.a(nrf_rtc_timer.c.obj)
 .text.sys_clock_timeout_handler
                0x0000000000004ccc       0x48 zephyr/drivers/timer/libdrivers__timer.a(nrf_rtc_timer.c.obj)
 .text.compare_int_unlock
                0x0000000000004d14       0x5c zephyr/drivers/timer/libdrivers__timer.a(nrf_rtc_timer.c.obj)
 .text.z_nrf_rtc_timer_read
                0x0000000000004d70       0x44 zephyr/drivers/timer/libdrivers__timer.a(nrf_rtc_timer.c.obj)
                0x0000000000004d70                z_nrf_rtc_timer_read
 .text.compare_set
                0x0000000000004db4      0x130 zephyr/drivers/timer/libdrivers__timer.a(nrf_rtc_timer.c.obj)
 .text.sys_clock_driver_init
                0x0000000000004ee4       0x90 zephyr/drivers/timer/libdrivers__timer.a(nrf_rtc_timer.c.obj)
 .text.rtc_nrf_isr
                0x0000000000004f74       0xd4 zephyr/drivers/timer/libdrivers__timer.a(nrf_rtc_timer.c.obj)
                0x0000000000004f74                rtc_nrf_isr
 .text.sys_clock_set_timeout
                0x0000000000005048       0x5c zephyr/drivers/timer/libdrivers__timer.a(nrf_rtc_timer.c.obj)
                0x0000000000005048                sys_clock_set_timeout
 .text.sys_clock_elapsed
                0x00000000000050a4       0x14 zephyr/drivers/timer/libdrivers__timer.a(nrf_rtc_timer.c.obj)
                0x00000000000050a4                sys_clock_elapsed
 .text.nrf52_errata_16
                0x00000000000050b8       0x28 modules/hal_nordic/modules/hal_nordic/nrfx/libmodules__hal_nordic__nrfx.a(system_nrf52.c.obj)
 .text.nvmc_wait
                0x00000000000050e0       0x10 modules/hal_nordic/modules/hal_nordic/nrfx/libmodules__hal_nordic__nrfx.a(system_nrf52.c.obj)
                0x00000000000050e0                nvmc_wait
 .text.SystemInit
                0x00000000000050f0      0x278 modules/hal_nordic/modules/hal_nordic/nrfx/libmodules__hal_nordic__nrfx.a(system_nrf52.c.obj)
                0x00000000000050f0                SystemInit
 .text.nrfx_flag32_alloc
                0x0000000000005368       0x48 modules/hal_nordic/modules/hal_nordic/nrfx/libmodules__hal_nordic__nrfx.a(nrfx_flag32_allocator.c.obj)
                0x0000000000005368                nrfx_flag32_alloc
 .text.nrfx_flag32_free
                0x00000000000053b0       0x40 modules/hal_nordic/modules/hal_nordic/nrfx/libmodules__hal_nordic__nrfx.a(nrfx_flag32_allocator.c.obj)
                0x00000000000053b0                nrfx_flag32_free
 .text.clock_stop
                0x00000000000053f0       0xc4 modules/hal_nordic/modules/hal_nordic/nrfx/libmodules__hal_nordic__nrfx.a(nrfx_clock.c.obj)
 .text.nrfx_clock_init
                0x00000000000054b4       0x24 modules/hal_nordic/modules/hal_nordic/nrfx/libmodules__hal_nordic__nrfx.a(nrfx_clock.c.obj)
                0x00000000000054b4                nrfx_clock_init
 .text.nrfx_clock_enable
                0x00000000000054d8       0x24 modules/hal_nordic/modules/hal_nordic/nrfx/libmodules__hal_nordic__nrfx.a(nrfx_clock.c.obj)
                0x00000000000054d8                nrfx_clock_enable
 .text.nrfx_clock_start
                0x00000000000054fc       0xe4 modules/hal_nordic/modules/hal_nordic/nrfx/libmodules__hal_nordic__nrfx.a(nrfx_clock.c.obj)
                0x00000000000054fc                nrfx_clock_start
 .text.nrfx_clock_calibration_start
                0x00000000000055e0       0x74 modules/hal_nordic/modules/hal_nordic/nrfx/libmodules__hal_nordic__nrfx.a(nrfx_clock.c.obj)
                0x00000000000055e0                nrfx_clock_calibration_start
 .text.nrfx_power_clock_irq_handler
                0x0000000000005654       0x6c modules/hal_nordic/modules/hal_nordic/nrfx/libmodules__hal_nordic__nrfx.a(nrfx_clock.c.obj)
                0x0000000000005654                nrfx_power_clock_irq_handler
 .text.call_handler.constprop.0
                0x00000000000056c0       0x3c modules/hal_nordic/modules/hal_nordic/nrfx/libmodules__hal_nordic__nrfx.a(nrfx_gpiote.c.obj)
 .text.release_handler.isra.0
                0x00000000000056fc       0x54 modules/hal_nordic/modules/hal_nordic/nrfx/libmodules__hal_nordic__nrfx.a(nrfx_gpiote.c.obj)
 .text.__nrfy_internal_gpiote_events_process.constprop.0
                0x0000000000005750       0x5c modules/hal_nordic/modules/hal_nordic/nrfx/libmodules__hal_nordic__nrfx.a(nrfx_gpiote.c.obj)
 .text.pin_in_event_get.isra.0
                0x00000000000057ac       0x20 modules/hal_nordic/modules/hal_nordic/nrfx/libmodules__hal_nordic__nrfx.a(nrfx_gpiote.c.obj)
 .text.pin_trigger_disable
                0x00000000000057cc       0x40 modules/hal_nordic/modules/hal_nordic/nrfx/libmodules__hal_nordic__nrfx.a(nrfx_gpiote.c.obj)
 .text.pin_uninit
                0x000000000000580c       0x74 modules/hal_nordic/modules/hal_nordic/nrfx/libmodules__hal_nordic__nrfx.a(nrfx_gpiote.c.obj)
 .text.nrfx_gpiote_input_configure
                0x0000000000005880      0x168 modules/hal_nordic/modules/hal_nordic/nrfx/libmodules__hal_nordic__nrfx.a(nrfx_gpiote.c.obj)
                0x0000000000005880                nrfx_gpiote_input_configure
 .text.nrfx_gpiote_output_configure
                0x00000000000059e8       0xec modules/hal_nordic/modules/hal_nordic/nrfx/libmodules__hal_nordic__nrfx.a(nrfx_gpiote.c.obj)
                0x00000000000059e8                nrfx_gpiote_output_configure
 .text.nrfx_gpiote_global_callback_set
                0x0000000000005ad4        0xc modules/hal_nordic/modules/hal_nordic/nrfx/libmodules__hal_nordic__nrfx.a(nrfx_gpiote.c.obj)
                0x0000000000005ad4                nrfx_gpiote_global_callback_set
 .text.nrfx_gpiote_channel_get
                0x0000000000005ae0       0x24 modules/hal_nordic/modules/hal_nordic/nrfx/libmodules__hal_nordic__nrfx.a(nrfx_gpiote.c.obj)
                0x0000000000005ae0                nrfx_gpiote_channel_get
 .text.nrfx_gpiote_init
                0x0000000000005b04       0x48 modules/hal_nordic/modules/hal_nordic/nrfx/libmodules__hal_nordic__nrfx.a(nrfx_gpiote.c.obj)
                0x0000000000005b04                nrfx_gpiote_init
 .text.nrfx_gpiote_init_check
                0x0000000000005b4c       0x14 modules/hal_nordic/modules/hal_nordic/nrfx/libmodules__hal_nordic__nrfx.a(nrfx_gpiote.c.obj)
                0x0000000000005b4c                nrfx_gpiote_init_check
 .text.nrfx_gpiote_channel_free
                0x0000000000005b60       0x10 modules/hal_nordic/modules/hal_nordic/nrfx/libmodules__hal_nordic__nrfx.a(nrfx_gpiote.c.obj)
                0x0000000000005b60                nrfx_gpiote_channel_free
 .text.nrfx_gpiote_channel_alloc
                0x0000000000005b70       0x10 modules/hal_nordic/modules/hal_nordic/nrfx/libmodules__hal_nordic__nrfx.a(nrfx_gpiote.c.obj)
                0x0000000000005b70                nrfx_gpiote_channel_alloc
 .text.nrfx_gpiote_trigger_enable
                0x0000000000005b80       0x94 modules/hal_nordic/modules/hal_nordic/nrfx/libmodules__hal_nordic__nrfx.a(nrfx_gpiote.c.obj)
                0x0000000000005b80                nrfx_gpiote_trigger_enable
 .text.nrfx_gpiote_0_irq_handler
                0x0000000000005c14      0x154 modules/hal_nordic/modules/hal_nordic/nrfx/libmodules__hal_nordic__nrfx.a(nrfx_gpiote.c.obj)
                0x0000000000005c14                nrfx_gpiote_0_irq_handler
 .text.nrf_gpio_cfg_output
                0x0000000000005d68       0x2c modules/hal_nordic/modules/hal_nordic/nrfx/libmodules__hal_nordic__nrfx.a(nrfx_spi.c.obj)
 .text.spi_configure
                0x0000000000005d94      0x120 modules/hal_nordic/modules/hal_nordic/nrfx/libmodules__hal_nordic__nrfx.a(nrfx_spi.c.obj)
 .text.nrf_gpio_cfg_default
                0x0000000000005eb4       0x2c modules/hal_nordic/modules/hal_nordic/nrfx/libmodules__hal_nordic__nrfx.a(nrfx_spi.c.obj)
 .text.nrfx_spi_init
                0x0000000000005ee0       0x68 modules/hal_nordic/modules/hal_nordic/nrfx/libmodules__hal_nordic__nrfx.a(nrfx_spi.c.obj)
                0x0000000000005ee0                nrfx_spi_init
 .text.nrfx_spi_uninit
                0x0000000000005f48       0x70 modules/hal_nordic/modules/hal_nordic/nrfx/libmodules__hal_nordic__nrfx.a(nrfx_spi.c.obj)
                0x0000000000005f48                nrfx_spi_uninit
 .text.nrfx_spi_xfer
                0x0000000000005fb8       0xfc modules/hal_nordic/modules/hal_nordic/nrfx/libmodules__hal_nordic__nrfx.a(nrfx_spi.c.obj)
                0x0000000000005fb8                nrfx_spi_xfer
 .text.nrfx_spi_1_irq_handler
                0x00000000000060b4       0x40 modules/hal_nordic/modules/hal_nordic/nrfx/libmodules__hal_nordic__nrfx.a(nrfx_spi.c.obj)
                0x00000000000060b4                nrfx_spi_1_irq_handler
 .text.k_sys_fatal_error_handler
                0x00000000000060f4       0x20 zephyr/kernel/libkernel.a(fatal.c.obj)
                0x00000000000060f4                k_sys_fatal_error_handler
 .text.z_fatal_error
                0x0000000000006114       0xe8 zephyr/kernel/libkernel.a(fatal.c.obj)
                0x0000000000006114                z_fatal_error
 .text.z_sys_init_run_level
                0x00000000000061fc       0x30 zephyr/kernel/libkernel.a(init.c.obj)
 .text.bg_thread_main
                0x000000000000622c       0xc0 zephyr/kernel/libkernel.a(init.c.obj)
 .text.z_bss_zero
                0x00000000000062ec       0x18 zephyr/kernel/libkernel.a(init.c.obj)
                0x00000000000062ec                z_bss_zero
 .text.z_init_cpu
                0x0000000000006304       0x68 zephyr/kernel/libkernel.a(init.c.obj)
                0x0000000000006304                z_init_cpu
 .text.z_cstart
                0x000000000000636c       0xd4 zephyr/kernel/libkernel.a(init.c.obj)
                0x000000000000636c                z_cstart
 .text.z_impl_k_mutex_lock
                0x0000000000006440       0xf0 zephyr/kernel/libkernel.a(mutex.c.obj)
                0x0000000000006440                z_impl_k_mutex_lock
 .text.z_impl_k_mutex_unlock
                0x0000000000006530       0xa0 zephyr/kernel/libkernel.a(mutex.c.obj)
                0x0000000000006530                z_impl_k_mutex_unlock
 .text.z_impl_k_sem_give
                0x00000000000065d0       0x68 zephyr/kernel/libkernel.a(sem.c.obj)
                0x00000000000065d0                z_impl_k_sem_give
 .text.z_impl_k_sem_take
                0x0000000000006638       0x4c zephyr/kernel/libkernel.a(sem.c.obj)
                0x0000000000006638                z_impl_k_sem_take
 .text.z_impl_k_sem_reset
                0x0000000000006684       0x74 zephyr/kernel/libkernel.a(sem.c.obj)
                0x0000000000006684                z_impl_k_sem_reset
 .text.work_queue_main
                0x00000000000066f8      0x14c zephyr/kernel/libkernel.a(work.c.obj)
 .text.submit_to_queue_locked
                0x0000000000006844       0xb8 zephyr/kernel/libkernel.a(work.c.obj)
 .text.k_work_submit
                0x00000000000068fc        0xc zephyr/kernel/libkernel.a(work.c.obj)
                0x00000000000068fc                k_work_submit
 .text.k_work_queue_start
                0x0000000000006908       0x80 zephyr/kernel/libkernel.a(work.c.obj)
                0x0000000000006908                k_work_queue_start
 .text.z_setup_new_thread
                0x0000000000006988       0x7c zephyr/kernel/libkernel.a(thread.c.obj)
                0x0000000000006988                z_setup_new_thread
 .text.z_impl_k_thread_create
                0x0000000000006a04       0x58 zephyr/kernel/libkernel.a(thread.c.obj)
                0x0000000000006a04                z_impl_k_thread_create
 .text.z_dummy_thread_init
                0x0000000000006a5c       0x18 zephyr/kernel/libkernel.a(thread.c.obj)
                0x0000000000006a5c                z_dummy_thread_init
 .text.z_swap_irqlock
                0x0000000000006a74       0x30 zephyr/kernel/libkernel.a(sched.c.obj)
 .text.ready_thread
                0x0000000000006aa4       0x84 zephyr/kernel/libkernel.a(sched.c.obj)
 .text.unready_thread
                0x0000000000006b28       0x54 zephyr/kernel/libkernel.a(sched.c.obj)
 .text.add_thread_timeout
                0x0000000000006b7c       0x1c zephyr/kernel/libkernel.a(sched.c.obj)
 .text.move_thread_to_end_of_prio_q
                0x0000000000006b98       0x90 zephyr/kernel/libkernel.a(sched.c.obj)
                0x0000000000006b98                move_thread_to_end_of_prio_q
 .text.z_pend_curr
                0x0000000000006c28       0x44 zephyr/kernel/libkernel.a(sched.c.obj)
                0x0000000000006c28                z_pend_curr
 .text.z_thread_prio_set
                0x0000000000006c6c       0xe4 zephyr/kernel/libkernel.a(sched.c.obj)
                0x0000000000006c6c                z_thread_prio_set
 .text.z_reschedule
                0x0000000000006d50       0x24 zephyr/kernel/libkernel.a(sched.c.obj)
                0x0000000000006d50                z_reschedule
 .text.z_reschedule_irqlock
                0x0000000000006d74       0x28 zephyr/kernel/libkernel.a(sched.c.obj)
                0x0000000000006d74                z_reschedule_irqlock
 .text.k_sched_lock
                0x0000000000006d9c       0x28 zephyr/kernel/libkernel.a(sched.c.obj)
                0x0000000000006d9c                k_sched_lock
 .text.k_sched_unlock
                0x0000000000006dc4       0x68 zephyr/kernel/libkernel.a(sched.c.obj)
                0x0000000000006dc4                k_sched_unlock
 .text.z_sched_init
                0x0000000000006e2c       0x10 zephyr/kernel/libkernel.a(sched.c.obj)
                0x0000000000006e2c                z_sched_init
 .text.z_impl_k_yield
                0x0000000000006e3c       0x88 zephyr/kernel/libkernel.a(sched.c.obj)
                0x0000000000006e3c                z_impl_k_yield
 .text.z_tick_sleep
                0x0000000000006ec4       0x78 zephyr/kernel/libkernel.a(sched.c.obj)
 .text.z_impl_k_usleep
                0x0000000000006f3c       0x3c zephyr/kernel/libkernel.a(sched.c.obj)
                0x0000000000006f3c                z_impl_k_usleep
 .text.z_impl_k_wakeup
                0x0000000000006f78       0x48 zephyr/kernel/libkernel.a(sched.c.obj)
                0x0000000000006f78                z_impl_k_wakeup
 .text.z_impl_k_sched_current_thread_query
                0x0000000000006fc0        0xc zephyr/kernel/libkernel.a(sched.c.obj)
                0x0000000000006fc0                z_impl_k_sched_current_thread_query
 .text.z_thread_abort
                0x0000000000006fcc      0x138 zephyr/kernel/libkernel.a(sched.c.obj)
                0x0000000000006fcc                z_thread_abort
 .text.z_sched_wait
                0x0000000000007104       0x24 zephyr/kernel/libkernel.a(sched.c.obj)
                0x0000000000007104                z_sched_wait
 .text.slice_timeout
                0x0000000000007128       0x20 zephyr/kernel/libkernel.a(timeslicing.c.obj)
 .text.thread_is_sliceable
                0x0000000000007148       0x3c zephyr/kernel/libkernel.a(timeslicing.c.obj)
                0x0000000000007148                thread_is_sliceable
 .text.z_reset_time_slice
                0x0000000000007184       0x50 zephyr/kernel/libkernel.a(timeslicing.c.obj)
                0x0000000000007184                z_reset_time_slice
 .text.z_time_slice
                0x00000000000071d4       0x60 zephyr/kernel/libkernel.a(timeslicing.c.obj)
                0x00000000000071d4                z_time_slice
 .text.z_data_copy
                0x0000000000007234       0x38 zephyr/kernel/libkernel.a(xip.c.obj)
                0x0000000000007234                z_data_copy
 .text.first    0x000000000000726c       0x10 zephyr/kernel/libkernel.a(timeout.c.obj)
 .text.elapsed  0x000000000000727c       0x14 zephyr/kernel/libkernel.a(timeout.c.obj)
 .text.remove_timeout
                0x0000000000007290       0x38 zephyr/kernel/libkernel.a(timeout.c.obj)
 .text.z_add_timeout
                0x00000000000072c8      0x124 zephyr/kernel/libkernel.a(timeout.c.obj)
                0x00000000000072c8                z_add_timeout
 .text.sys_clock_announce
                0x00000000000073ec       0xc0 zephyr/kernel/libkernel.a(timeout.c.obj)
                0x00000000000073ec                sys_clock_announce
 .text.sys_clock_tick_get
                0x00000000000074ac       0x30 zephyr/kernel/libkernel.a(timeout.c.obj)
                0x00000000000074ac                sys_clock_tick_get
 .text.z_timer_expiration_handler
                0x00000000000074dc       0xe0 zephyr/kernel/libkernel.a(timer.c.obj)
                0x00000000000074dc                z_timer_expiration_handler
 .text.z_impl_k_timer_start
                0x00000000000075bc       0x74 zephyr/kernel/libkernel.a(timer.c.obj)
                0x00000000000075bc                z_impl_k_timer_start
 .text.k_sys_work_q_init
                0x0000000000007630       0x2c zephyr/kernel/libkernel.a(system_work_q.c.obj)
 .text.snprintf
                0x000000000000765c       0x58 /home/anders/ncs/toolchains/c5be9c56c7/opt/zephyr-sdk/arm-zephyr-eabi/bin/../lib/gcc/../../picolibc/arm-zephyr-eabi/lib/thumb/v7e-m/nofp/libc.a(libc_tinystdio_snprintf.c.o)
                0x000000000000765c                snprintf
 .text.__l_vfprintf
                0x00000000000076b4      0x4b8 /home/anders/ncs/toolchains/c5be9c56c7/opt/zephyr-sdk/arm-zephyr-eabi/bin/../lib/gcc/../../picolibc/arm-zephyr-eabi/lib/thumb/v7e-m/nofp/libc.a(libc_tinystdio_vflprintf.c.o)
                0x00000000000076b4                __l_vfprintf
 .text._OffsetAbsSyms
                0x0000000000007b6c        0x2 zephyr/CMakeFiles/offsets.dir/./arch/arm/core/offsets/offsets.c.obj
                0x0000000000007b6c                _OffsetAbsSyms
 .text.circular_buffer_add
                0x0000000000007b6e       0x2e app/libapp.a(circular_buffer.c.obj)
                0x0000000000007b6e                circular_buffer_add
 .text.k_usleep.isra.0
                0x0000000000007b9c        0x4 app/libapp.a(led.c.obj)
 .text.led_fast_blink
                0x0000000000007ba0       0x22 app/libapp.a(led.c.obj)
                0x0000000000007ba0                led_fast_blink
 .text.z_log_msg_simple_create_0
                0x0000000000007bc2        0x4 app/libapp.a(mt29f_nand.c.obj)
 .text.z_log_msg_simple_create_1.constprop.0
                0x0000000000007bc6        0xa app/libapp.a(mt29f_nand.c.obj)
 .text.spi_nand_get_feature
                0x0000000000007bd0       0x34 app/libapp.a(mt29f_nand.c.obj)
 .text.spi_nand_wait_until_ready.isra.0
                0x0000000000007c04       0x22 app/libapp.a(mt29f_nand.c.obj)
 .text.spi_nand_set_feature
                0x0000000000007c26       0x2c app/libapp.a(mt29f_nand.c.obj)
 .text.spi_nand_write_enable.isra.0
                0x0000000000007c52       0x22 app/libapp.a(mt29f_nand.c.obj)
 .text.z_log_msg_simple_create_1.constprop.0
                0x0000000000007c74        0xa app/libapp.a(ICM_42670.c.obj)
 .text.z_log_msg_simple_create_0.constprop.0
                0x0000000000007c7e        0x8 app/libapp.a(inv_imu_driver.c.obj)
 .text.k_usleep.isra.0
                0x0000000000007c86        0x4 app/libapp.a(inv_imu_driver.c.obj)
 .text.inv_imu_disable_fsync
                0x0000000000007c8a       0x6e app/libapp.a(inv_imu_driver.c.obj)
                0x0000000000007c8a                inv_imu_disable_fsync
 .text.inv_imu_set_timestamp_resolution
                0x0000000000007cf8       0x36 app/libapp.a(inv_imu_driver.c.obj)
                0x0000000000007cf8                inv_imu_set_timestamp_resolution
 .text.read_sreg
                0x0000000000007d2e       0x2a app/libapp.a(inv_imu_transport.c.obj)
 .text.write_sreg
                0x0000000000007d58       0x2a app/libapp.a(inv_imu_transport.c.obj)
 .text.k_usleep.constprop.0.isra.0
                0x0000000000007d82        0x6 app/libapp.a(inv_imu_transport.c.obj)
 .text.read_mclk_reg.constprop.0
                0x0000000000007d88       0x88 app/libapp.a(inv_imu_transport.c.obj)
 .text.inv_imu_read_reg
                0x0000000000007e10       0x48 app/libapp.a(inv_imu_transport.c.obj)
                0x0000000000007e10                inv_imu_read_reg
 .text.inv_imu_init_transport
                0x0000000000007e58       0x4e app/libapp.a(inv_imu_transport.c.obj)
                0x0000000000007e58                inv_imu_init_transport
 .text.inv_imu_get_time_us
                0x0000000000007ea6       0x10 app/libapp.a(inv_time.c.obj)
                0x0000000000007ea6                inv_imu_get_time_us
 .text.chunk_field
                0x0000000000007eb6       0x16 zephyr/libzephyr.a(heap.c.obj)
 .text.chunk_set
                0x0000000000007ecc       0x16 zephyr/libzephyr.a(heap.c.obj)
 .text.chunk_size
                0x0000000000007ee2        0xc zephyr/libzephyr.a(heap.c.obj)
 .text.set_chunk_used
                0x0000000000007eee       0x30 zephyr/libzephyr.a(heap.c.obj)
 .text.set_chunk_size
                0x0000000000007f1e        0x8 zephyr/libzephyr.a(heap.c.obj)
 .text.bucket_idx.isra.0
                0x0000000000007f26       0x1c zephyr/libzephyr.a(heap.c.obj)
 .text.free_list_add
                0x0000000000007f42       0x84 zephyr/libzephyr.a(heap.c.obj)
 .text.sys_heap_init
                0x0000000000007fc6       0xb0 zephyr/libzephyr.a(heap.c.obj)
                0x0000000000007fc6                sys_heap_init
 .text.cbpprintf_external
                0x0000000000008076       0x62 zephyr/libzephyr.a(cbprintf_packaged.c.obj)
                0x0000000000008076                cbpprintf_external
 .text.is_ptr   0x00000000000080d8       0x4a zephyr/libzephyr.a(cbprintf_packaged.c.obj)
                0x00000000000080d8                is_ptr
 .text.arch_printk_char_out
                0x0000000000008122        0x4 zephyr/libzephyr.a(printk.c.obj)
                0x0000000000008122                arch_printk_char_out
 .text.printk   0x0000000000008126       0x1a zephyr/libzephyr.a(printk.c.obj)
                0x0000000000008126                printk
 .text.free_space
                0x0000000000008140       0x26 zephyr/libzephyr.a(mpsc_pbuf.c.obj)
 .text.get_usage
                0x0000000000008166       0x22 zephyr/libzephyr.a(mpsc_pbuf.c.obj)
 .text.idx_inc  0x0000000000008188       0x1c zephyr/libzephyr.a(mpsc_pbuf.c.obj)
 .text.rd_idx_inc
                0x00000000000081a4       0x18 zephyr/libzephyr.a(mpsc_pbuf.c.obj)
 .text.add_skip_item
                0x00000000000081bc       0x3a zephyr/libzephyr.a(mpsc_pbuf.c.obj)
 .text.drop_item_locked
                0x00000000000081f6      0x100 zephyr/libzephyr.a(mpsc_pbuf.c.obj)
 .text.post_drop_action
                0x00000000000082f6       0x36 zephyr/libzephyr.a(mpsc_pbuf.c.obj)
 .text.max_utilization_update
                0x000000000000832c       0x1a zephyr/libzephyr.a(mpsc_pbuf.c.obj)
 .text.mpsc_pbuf_init
                0x0000000000008346       0x42 zephyr/libzephyr.a(mpsc_pbuf.c.obj)
                0x0000000000008346                mpsc_pbuf_init
 .text.mpsc_pbuf_alloc
                0x0000000000008388       0xfe zephyr/libzephyr.a(mpsc_pbuf.c.obj)
                0x0000000000008388                mpsc_pbuf_alloc
 .text.mpsc_pbuf_commit
                0x0000000000008486       0x3e zephyr/libzephyr.a(mpsc_pbuf.c.obj)
                0x0000000000008486                mpsc_pbuf_commit
 .text.mpsc_pbuf_claim
                0x00000000000084c4       0xa8 zephyr/libzephyr.a(mpsc_pbuf.c.obj)
                0x00000000000084c4                mpsc_pbuf_claim
 .text.mpsc_pbuf_free
                0x000000000000856c       0x76 zephyr/libzephyr.a(mpsc_pbuf.c.obj)
                0x000000000000856c                mpsc_pbuf_free
 .text.mpsc_pbuf_is_pending
                0x00000000000085e2       0x32 zephyr/libzephyr.a(mpsc_pbuf.c.obj)
                0x00000000000085e2                mpsc_pbuf_is_pending
 .text.process_recheck
                0x0000000000008614       0x38 zephyr/libzephyr.a(onoff.c.obj)
 .text.validate_args
                0x000000000000864c       0x20 zephyr/libzephyr.a(onoff.c.obj)
 .text.notify_one
                0x000000000000866c       0x2c zephyr/libzephyr.a(onoff.c.obj)
 .text.transition_complete
                0x0000000000008698       0x1a zephyr/libzephyr.a(onoff.c.obj)
 .text.onoff_manager_init
                0x00000000000086b2       0x26 zephyr/libzephyr.a(onoff.c.obj)
                0x00000000000086b2                onoff_manager_init
 .text.onoff_request
                0x00000000000086d8       0xae zephyr/libzephyr.a(onoff.c.obj)
                0x00000000000086d8                onoff_request
 .text.onoff_release
                0x0000000000008786       0x48 zephyr/libzephyr.a(onoff.c.obj)
                0x0000000000008786                onoff_release
 .text.sys_notify_validate
                0x00000000000087ce       0x22 zephyr/libzephyr.a(notify.c.obj)
                0x00000000000087ce                sys_notify_validate
 .text.sys_notify_finalize
                0x00000000000087f0       0x1a zephyr/libzephyr.a(notify.c.obj)
                0x00000000000087f0                sys_notify_finalize
 .text._ConfigAbsSyms
                0x000000000000880a        0x2 zephyr/libzephyr.a(configs.c.obj)
                0x000000000000880a                _ConfigAbsSyms
 .text.log_msg_generic_get_wlen
                0x000000000000880c       0x20 zephyr/libzephyr.a(log_core.c.obj)
 .text.dummy_timestamp
                0x000000000000882c        0x4 zephyr/libzephyr.a(log_core.c.obj)
 .text.default_get_timestamp
                0x0000000000008830        0x4 zephyr/libzephyr.a(log_core.c.obj)
 .text.atomic_inc
                0x0000000000008834       0x1a zephyr/libzephyr.a(log_core.c.obj)
 .text.z_log_vprintk
                0x000000000000884e       0x1c zephyr/libzephyr.a(log_core.c.obj)
                0x000000000000884e                z_log_vprintk
 .text.z_log_notify_drop
                0x000000000000886a        0x6 zephyr/libzephyr.a(log_core.c.obj)
 .text.z_log_get_tag
                0x0000000000008870        0x4 zephyr/libzephyr.a(log_core.c.obj)
                0x0000000000008870                z_log_get_tag
 .text.log_backend_enable
                0x0000000000008874       0x12 zephyr/libzephyr.a(log_mgmt.c.obj)
                0x0000000000008874                log_backend_enable
 .text.z_cbprintf_cpy
                0x0000000000008886       0x2c zephyr/libzephyr.a(log_msg.c.obj)
 .text.z_log_msg_finalize
                0x00000000000088b2       0x32 zephyr/libzephyr.a(log_msg.c.obj)
                0x00000000000088b2                z_log_msg_finalize
 .text.z_log_msg_simple_create
                0x00000000000088e4       0x6e zephyr/libzephyr.a(log_msg.c.obj)
 .text.z_impl_z_log_msg_simple_create_0
                0x0000000000008952       0x12 zephyr/libzephyr.a(log_msg.c.obj)
                0x0000000000008952                z_impl_z_log_msg_simple_create_0
 .text.z_impl_z_log_msg_simple_create_1
                0x0000000000008964       0x14 zephyr/libzephyr.a(log_msg.c.obj)
                0x0000000000008964                z_impl_z_log_msg_simple_create_1
 .text.log_output_write
                0x0000000000008978       0x1c zephyr/libzephyr.a(log_output.c.obj)
 .text.log_output_flush
                0x0000000000008994       0x1a zephyr/libzephyr.a(log_output.c.obj)
 .text.out_func
                0x00000000000089ae       0x36 zephyr/libzephyr.a(log_output.c.obj)
 .text.cr_out_func
                0x00000000000089e4       0x1c zephyr/libzephyr.a(log_output.c.obj)
 .text.log_output_msg_process
                0x0000000000008a00       0x6a zephyr/libzephyr.a(log_output.c.obj)
                0x0000000000008a00                log_output_msg_process
 .text.format_set
                0x0000000000008a6a        0xc zephyr/libzephyr.a(log_backend_uart.c.obj)
 .text.log_backend_uart_init
                0x0000000000008a76        0xc zephyr/libzephyr.a(log_backend_uart.c.obj)
 .text.panic    0x0000000000008a82       0x32 zephyr/libzephyr.a(log_backend_uart.c.obj)
 .text.dropped  0x0000000000008ab4        0xa zephyr/libzephyr.a(log_backend_uart.c.obj)
 .text.process  0x0000000000008abe       0x1e zephyr/libzephyr.a(log_backend_uart.c.obj)
 .text.z_do_kernel_oops
                0x0000000000008adc        0x8 zephyr/arch/arch/arm/core/libarch__arm__core.a(fatal.c.obj)
                0x0000000000008adc                z_do_kernel_oops
 .text.z_arm_nmi
                0x0000000000008ae4        0xe zephyr/arch/arch/arm/core/libarch__arm__core.a(nmi.c.obj)
                0x0000000000008ae4                z_arm_nmi
 .text.z_log_msg_simple_create_0.constprop.0
                0x0000000000008af2        0x8 zephyr/arch/arch/arm/core/cortex_m/libarch__arm__core__cortex_m.a(fault.c.obj)
 .text.z_irq_spurious
                0x0000000000008afa        0x8 zephyr/arch/arch/arm/core/cortex_m/libarch__arm__core__cortex_m.a(irq_manage.c.obj)
                0x0000000000008afa                z_irq_spurious
 .text.arch_irq_unlock_outlined
                0x0000000000008b02        0xe zephyr/arch/arch/arm/core/cortex_m/libarch__arm__core__cortex_m.a(thread.c.obj)
                0x0000000000008b02                arch_irq_unlock_outlined
 .text.arch_cpu_idle
                0x0000000000008b10       0x1a zephyr/arch/arch/arm/core/cortex_m/libarch__arm__core__cortex_m.a(cpu_idle.c.obj)
                0x0000000000008b10                arch_cpu_idle
 .text.arch_cpu_atomic_idle
                0x0000000000008b2a       0x1e zephyr/arch/arch/arm/core/cortex_m/libarch__arm__core__cortex_m.a(cpu_idle.c.obj)
                0x0000000000008b2a                arch_cpu_atomic_idle
 .text.size_to_mpu_rasr_size
                0x0000000000008b48       0x20 zephyr/arch/arch/arm/core/mpu/libarch__arm__core__mpu.a(arm_mpu.c.obj)
 .text.cbputc   0x0000000000008b68        0xc zephyr/lib/libc/picolibc/liblib__libc__picolibc.a(cbprintf.c.obj)
 .text.picolibc_put
                0x0000000000008b74        0xa zephyr/lib/libc/picolibc/liblib__libc__picolibc.a(stdio.c.obj)
 .text.get_status
                0x0000000000008b7e       0x12 zephyr/drivers/clock_control/libdrivers__clock_control.a(clock_control_nrf.c.obj)
 .text.stop     0x0000000000008b90       0x50 zephyr/drivers/clock_control/libdrivers__clock_control.a(clock_control_nrf.c.obj)
 .text.api_stop
                0x0000000000008be0        0x6 zephyr/drivers/clock_control/libdrivers__clock_control.a(clock_control_nrf.c.obj)
 .text.async_start
                0x0000000000008be6       0x5a zephyr/drivers/clock_control/libdrivers__clock_control.a(clock_control_nrf.c.obj)
 .text.api_start
                0x0000000000008c40        0xe zephyr/drivers/clock_control/libdrivers__clock_control.a(clock_control_nrf.c.obj)
 .text.onoff_started_callback
                0x0000000000008c4e       0x12 zephyr/drivers/clock_control/libdrivers__clock_control.a(clock_control_nrf.c.obj)
 .text.blocking_start_callback
                0x0000000000008c60        0x6 zephyr/drivers/clock_control/libdrivers__clock_control.a(clock_control_nrf.c.obj)
 .text.lfclk_stop
                0x0000000000008c66       0x10 zephyr/drivers/clock_control/libdrivers__clock_control.a(clock_control_nrf.c.obj)
 .text.timeout_handler
                0x0000000000008c76        0x4 zephyr/drivers/clock_control/libdrivers__clock_control.a(nrf_clock_calibration.c.obj)
 .text.gpio_nrfx_port_get_raw
                0x0000000000008c7a        0xe zephyr/drivers/gpio/libdrivers__gpio.a(gpio_nrfx.c.obj)
 .text.gpio_nrfx_port_set_masked_raw
                0x0000000000008c88       0x18 zephyr/drivers/gpio/libdrivers__gpio.a(gpio_nrfx.c.obj)
 .text.gpio_nrfx_port_set_bits_raw
                0x0000000000008ca0        0xc zephyr/drivers/gpio/libdrivers__gpio.a(gpio_nrfx.c.obj)
 .text.gpio_nrfx_port_clear_bits_raw
                0x0000000000008cac        0xc zephyr/drivers/gpio/libdrivers__gpio.a(gpio_nrfx.c.obj)
 .text.gpio_nrfx_port_toggle_bits
                0x0000000000008cb8       0x1a zephyr/drivers/gpio/libdrivers__gpio.a(gpio_nrfx.c.obj)
 .text.gpio_nrfx_manage_callback
                0x0000000000008cd2       0x52 zephyr/drivers/gpio/libdrivers__gpio.a(gpio_nrfx.c.obj)
 .text.pinctrl_lookup_state
                0x0000000000008d24       0x26 zephyr/drivers/pinctrl/libdrivers__pinctrl.a(common.c.obj)
                0x0000000000008d24                pinctrl_lookup_state
 .text.z_log_msg_simple_create_0
                0x0000000000008d4a        0x4 zephyr/drivers/spi/libdrivers__spi.a(spi_nrfx_spi.c.obj)
 .text.irq_connect1
                0x0000000000008d4e        0xa zephyr/drivers/spi/libdrivers__spi.a(spi_nrfx_spi.c.obj)
 .text.spi_context_get_next_buf.constprop.0
                0x0000000000008d58       0x26 zephyr/drivers/spi/libdrivers__spi.a(spi_nrfx_spi.c.obj)
 .text.gpio_pin_set_dt.isra.0
                0x0000000000008d7e       0x28 zephyr/drivers/spi/libdrivers__spi.a(spi_nrfx_spi.c.obj)
 .text.spi_context_unlock_unconditionally
                0x0000000000008da6       0x30 zephyr/drivers/spi/libdrivers__spi.a(spi_nrfx_spi.c.obj)
 .text.spi_nrfx_release
                0x0000000000008dd6       0x24 zephyr/drivers/spi/libdrivers__spi.a(spi_nrfx_spi.c.obj)
 .text.event_clear
                0x0000000000008dfa       0x18 zephyr/drivers/timer/libdrivers__timer.a(nrf_rtc_timer.c.obj)
 .text.sys_clock_cycle_get_32
                0x0000000000008e12        0x8 zephyr/drivers/timer/libdrivers__timer.a(nrf_rtc_timer.c.obj)
                0x0000000000008e12                sys_clock_cycle_get_32
 .text.nrf52_errata_12
                0x0000000000008e1a       0x1c modules/hal_nordic/modules/hal_nordic/nrfx/libmodules__hal_nordic__nrfx.a(system_nrf52.c.obj)
 .text.nrfx_isr
                0x0000000000008e36        0x2 modules/hal_nordic/modules/hal_nordic/nrfx/libmodules__hal_nordic__nrfx.a(nrfx_glue.c.obj)
                0x0000000000008e36                nrfx_isr
 .text.nrfx_busy_wait
                0x0000000000008e38        0x4 modules/hal_nordic/modules/hal_nordic/nrfx/libmodules__hal_nordic__nrfx.a(nrfx_glue.c.obj)
                0x0000000000008e38                nrfx_busy_wait
 .text.nrfx_clock_stop
                0x0000000000008e3c        0x4 modules/hal_nordic/modules/hal_nordic/nrfx/libmodules__hal_nordic__nrfx.a(nrfx_clock.c.obj)
                0x0000000000008e3c                nrfx_clock_stop
 .text.nrf_gpio_pin_port_decode
                0x0000000000008e40       0x14 modules/hal_nordic/modules/hal_nordic/nrfx/libmodules__hal_nordic__nrfx.a(nrfx_gpiote.c.obj)
 .text.nrf_gpio_reconfigure
                0x0000000000008e54       0x92 modules/hal_nordic/modules/hal_nordic/nrfx/libmodules__hal_nordic__nrfx.a(nrfx_gpiote.c.obj)
 .text.nrf_gpio_cfg_sense_set
                0x0000000000008ee6       0x1e modules/hal_nordic/modules/hal_nordic/nrfx/libmodules__hal_nordic__nrfx.a(nrfx_gpiote.c.obj)
 .text.latch_pending_read_and_check
                0x0000000000008f04       0x1c modules/hal_nordic/modules/hal_nordic/nrfx/libmodules__hal_nordic__nrfx.a(nrfx_gpiote.c.obj)
 .text.nrfx_gpiote_pin_uninit
                0x0000000000008f20        0x4 modules/hal_nordic/modules/hal_nordic/nrfx/libmodules__hal_nordic__nrfx.a(nrfx_gpiote.c.obj)
                0x0000000000008f20                nrfx_gpiote_pin_uninit
 .text.nrfx_gpiote_trigger_disable
                0x0000000000008f24        0x4 modules/hal_nordic/modules/hal_nordic/nrfx/libmodules__hal_nordic__nrfx.a(nrfx_gpiote.c.obj)
                0x0000000000008f24                nrfx_gpiote_trigger_disable
 .text.nrfx_gpiote_in_event_get
                0x0000000000008f28        0x6 modules/hal_nordic/modules/hal_nordic/nrfx/libmodules__hal_nordic__nrfx.a(nrfx_gpiote.c.obj)
                0x0000000000008f28                nrfx_gpiote_in_event_get
 .text.nrf_gpio_pin_port_decode
                0x0000000000008f2e       0x14 modules/hal_nordic/modules/hal_nordic/nrfx/libmodules__hal_nordic__nrfx.a(nrfx_spi.c.obj)
 .text.nrf_gpio_pin_set
                0x0000000000008f42       0x1a modules/hal_nordic/modules/hal_nordic/nrfx/libmodules__hal_nordic__nrfx.a(nrfx_spi.c.obj)
 .text.nrf_gpio_pin_clear
                0x0000000000008f5c       0x1a modules/hal_nordic/modules/hal_nordic/nrfx/libmodules__hal_nordic__nrfx.a(nrfx_spi.c.obj)
 .text.transfer_byte
                0x0000000000008f76       0x66 modules/hal_nordic/modules/hal_nordic/nrfx/libmodules__hal_nordic__nrfx.a(nrfx_spi.c.obj)
 .text.z_impl_k_busy_wait
                0x0000000000008fdc        0x8 zephyr/kernel/libkernel.a(busy_wait.c.obj)
                0x0000000000008fdc                z_impl_k_busy_wait
 .text.z_device_state_init
                0x0000000000008fe4        0x2 zephyr/kernel/libkernel.a(device.c.obj)
                0x0000000000008fe4                z_device_state_init
 .text.z_impl_device_is_ready
                0x0000000000008fe6       0x16 zephyr/kernel/libkernel.a(device.c.obj)
                0x0000000000008fe6                z_impl_device_is_ready
 .text.arch_system_halt
                0x0000000000008ffc       0x10 zephyr/kernel/libkernel.a(fatal.c.obj)
                0x0000000000008ffc                arch_system_halt
 .text.do_device_init
                0x000000000000900c       0x2e zephyr/kernel/libkernel.a(init.c.obj)
 .text.z_early_memset
                0x000000000000903a        0x4 zephyr/kernel/libkernel.a(init.c.obj)
                0x000000000000903a                z_early_memset
 .text.z_early_memcpy
                0x000000000000903e        0x4 zephyr/kernel/libkernel.a(init.c.obj)
                0x000000000000903e                z_early_memcpy
 .text.idle     0x0000000000009042       0x16 zephyr/kernel/libkernel.a(idle.c.obj)
                0x0000000000009042                idle
 .text.adjust_owner_prio.isra.0
                0x0000000000009058       0x10 zephyr/kernel/libkernel.a(mutex.c.obj)
 .text.z_impl_k_mutex_init
                0x0000000000009068        0xe zephyr/kernel/libkernel.a(mutex.c.obj)
                0x0000000000009068                z_impl_k_mutex_init
 .text.z_impl_k_sem_init
                0x0000000000009076       0x18 zephyr/kernel/libkernel.a(sem.c.obj)
                0x0000000000009076                z_impl_k_sem_init
 .text.flag_test_and_clear
                0x000000000000908e       0x16 zephyr/kernel/libkernel.a(work.c.obj)
 .text.notify_queue_locked.isra.0
                0x00000000000090a4        0xe zephyr/kernel/libkernel.a(work.c.obj)
 .text.z_work_submit_to_queue
                0x00000000000090b2       0x26 zephyr/kernel/libkernel.a(work.c.obj)
                0x00000000000090b2                z_work_submit_to_queue
 .text.k_work_submit_to_queue
                0x00000000000090d8       0x20 zephyr/kernel/libkernel.a(work.c.obj)
                0x00000000000090d8                k_work_submit_to_queue
 .text.k_is_in_isr
                0x00000000000090f8        0xc zephyr/kernel/libkernel.a(thread.c.obj)
                0x00000000000090f8                k_is_in_isr
 .text.z_impl_k_thread_name_set
                0x0000000000009104        0x6 zephyr/kernel/libkernel.a(thread.c.obj)
                0x0000000000009104                z_impl_k_thread_name_set
 .text.k_thread_name_get
                0x000000000000910a        0x4 zephyr/kernel/libkernel.a(thread.c.obj)
                0x000000000000910a                k_thread_name_get
 .text.sys_dlist_remove
                0x000000000000910e       0x10 zephyr/kernel/libkernel.a(sched.c.obj)
 .text.unpend_thread_no_timeout
                0x000000000000911e       0x14 zephyr/kernel/libkernel.a(sched.c.obj)
 .text.add_to_waitq_locked
                0x0000000000009132       0x50 zephyr/kernel/libkernel.a(sched.c.obj)
 .text.z_ready_thread
                0x0000000000009182       0x1e zephyr/kernel/libkernel.a(sched.c.obj)
                0x0000000000009182                z_ready_thread
 .text.z_unpend_thread_no_timeout
                0x00000000000091a0       0x22 zephyr/kernel/libkernel.a(sched.c.obj)
                0x00000000000091a0                z_unpend_thread_no_timeout
 .text.z_sched_wake_thread
                0x00000000000091c2       0x3a zephyr/kernel/libkernel.a(sched.c.obj)
                0x00000000000091c2                z_sched_wake_thread
 .text.z_thread_timeout
                0x00000000000091fc        0x8 zephyr/kernel/libkernel.a(sched.c.obj)
                0x00000000000091fc                z_thread_timeout
 .text.z_unpend1_no_timeout
                0x0000000000009204       0x2c zephyr/kernel/libkernel.a(sched.c.obj)
                0x0000000000009204                z_unpend1_no_timeout
 .text.z_impl_k_sleep
                0x0000000000009230       0x4e zephyr/kernel/libkernel.a(sched.c.obj)
                0x0000000000009230                z_impl_k_sleep
 .text.z_sched_wake
                0x000000000000927e       0x44 zephyr/kernel/libkernel.a(sched.c.obj)
                0x000000000000927e                z_sched_wake
 .text.next_timeout
                0x00000000000092c2       0x2e zephyr/kernel/libkernel.a(timeout.c.obj)
 .text.z_abort_timeout
                0x00000000000092f0       0x50 zephyr/kernel/libkernel.a(timeout.c.obj)
                0x00000000000092f0                z_abort_timeout
 .text.sys_clock_tick_get_32
                0x0000000000009340        0x8 zephyr/kernel/libkernel.a(timeout.c.obj)
                0x0000000000009340                sys_clock_tick_get_32
 .text.z_impl_k_uptime_ticks
                0x0000000000009348        0x4 zephyr/kernel/libkernel.a(timeout.c.obj)
                0x0000000000009348                z_impl_k_uptime_ticks
 .text.k_timer_init
                0x000000000000934c       0x18 zephyr/kernel/libkernel.a(timer.c.obj)
                0x000000000000934c                k_timer_init
 .text.z_impl_k_timer_stop
                0x0000000000009364       0x38 zephyr/kernel/libkernel.a(timer.c.obj)
                0x0000000000009364                z_impl_k_timer_stop
 .text.memcpy   0x000000000000939c       0x1c /home/anders/ncs/toolchains/c5be9c56c7/opt/zephyr-sdk/arm-zephyr-eabi/bin/../lib/gcc/../../picolibc/arm-zephyr-eabi/lib/thumb/v7e-m/nofp/libc.a(memcpy.c.o)
                0x000000000000939c                memcpy
                0x000000000000939c                __aeabi_memcpy
                0x000000000000939c                __aeabi_memcpy4
                0x000000000000939c                __aeabi_memcpy8
 .text.memset   0x00000000000093b8       0x10 /home/anders/ncs/toolchains/c5be9c56c7/opt/zephyr-sdk/arm-zephyr-eabi/bin/../lib/gcc/../../picolibc/arm-zephyr-eabi/lib/thumb/v7e-m/nofp/libc.a(memset.c.o)
                0x00000000000093b8                memset
 .text.memcmp   0x00000000000093c8       0x20 /home/anders/ncs/toolchains/c5be9c56c7/opt/zephyr-sdk/arm-zephyr-eabi/bin/../lib/gcc/../../picolibc/arm-zephyr-eabi/lib/thumb/v7e-m/nofp/libc.a(libc_string_memcmp.c.o)
                0x00000000000093c8                memcmp
 .text.strnlen  0x00000000000093e8       0x18 /home/anders/ncs/toolchains/c5be9c56c7/opt/zephyr-sdk/arm-zephyr-eabi/bin/../lib/gcc/../../picolibc/arm-zephyr-eabi/lib/thumb/v7e-m/nofp/libc.a(libc_string_strnlen.c.o)
                0x00000000000093e8                strnlen
 .text.__ultoa_invert
                0x0000000000009400       0xae /home/anders/ncs/toolchains/c5be9c56c7/opt/zephyr-sdk/arm-zephyr-eabi/bin/../lib/gcc/../../picolibc/arm-zephyr-eabi/lib/thumb/v7e-m/nofp/libc.a(libc_tinystdio_vflprintf.c.o)
 .text.__file_str_put
                0x00000000000094ae       0x10 /home/anders/ncs/toolchains/c5be9c56c7/opt/zephyr-sdk/arm-zephyr-eabi/bin/../lib/gcc/../../picolibc/arm-zephyr-eabi/lib/thumb/v7e-m/nofp/libc.a(libc_tinystdio_filestrput.c.o)
                0x00000000000094ae                __file_str_put
 *(SORT_BY_ALIGNMENT(.TEXT.*))
 *fill*         0x00000000000094be        0x2 
 .TEXT.__aeabi_read_tp
                0x00000000000094c0        0xc zephyr/arch/arch/arm/core/cortex_m/libarch__arm__core__cortex_m.a(__aeabi_read_tp.S.obj)
                0x00000000000094c0                __aeabi_read_tp
 *(SORT_BY_ALIGNMENT(.gnu.linkonce.t.*))
 *(SORT_BY_ALIGNMENT(.glue_7t))
 .glue_7t       0x00000000000094cc        0x0 linker stubs
 *(SORT_BY_ALIGNMENT(.glue_7))
 .glue_7        0x00000000000094cc        0x0 linker stubs
 *(SORT_BY_ALIGNMENT(.vfp11_veneer))
 .vfp11_veneer  0x00000000000094cc        0x0 linker stubs
 *(SORT_BY_ALIGNMENT(.v4_bx))
 .v4_bx         0x00000000000094cc        0x0 linker stubs
                0x00000000000094cc                . = ALIGN (0x4)
                0x00000000000094cc                __text_region_end = .

.ARM.exidx      0x00000000000094cc        0x8
                0x00000000000094cc                __exidx_start = .
 *(SORT_BY_ALIGNMENT(.ARM.exidx*) SORT_BY_ALIGNMENT(gnu.linkonce.armexidx.*))
 .ARM.exidx     0x00000000000094cc        0x8 /home/anders/ncs/toolchains/c5be9c56c7/opt/zephyr-sdk/arm-zephyr-eabi/bin/../lib/gcc/../../picolibc/arm-zephyr-eabi/lib/thumb/v7e-m/nofp/libc.a(strlen.S.o)
 .ARM.exidx     0x00000000000094d4        0x0 /home/anders/ncs/toolchains/c5be9c56c7/opt/zephyr-sdk/arm-zephyr-eabi/bin/../lib/gcc/arm-zephyr-eabi/12.2.0/thumb/v7e-m/nofp/libgcc.a(_udivmoddi4.o)
                                          0x8 (size before relaxing)
                0x00000000000094d4                __exidx_end = .
                0x00000000000094d4                __rodata_region_start = .

initlevel       0x00000000000094d4       0x58
                0x00000000000094d4                __init_start = .
                0x00000000000094d4                __init_EARLY_start = .
 *(SORT_BY_NAME(SORT_BY_ALIGNMENT(.z_init_EARLY_P_?_*)))
 *(SORT_BY_NAME(SORT_BY_ALIGNMENT(.z_init_EARLY_P_??_*)))
 *(SORT_BY_NAME(SORT_BY_ALIGNMENT(.z_init_EARLY_P_???_*)))
                0x00000000000094d4                __init_PRE_KERNEL_1_start = .
 *(SORT_BY_NAME(SORT_BY_ALIGNMENT(.z_init_PRE_KERNEL_1_P_?_*)))
 .z_init_PRE_KERNEL_1_P_0_SUB_0_
                0x00000000000094d4        0x8 zephyr/soc/soc/nrf52832/libsoc__nordic.a(soc.c.obj)
 *(SORT_BY_NAME(SORT_BY_ALIGNMENT(.z_init_PRE_KERNEL_1_P_??_*)))
 .z_init_PRE_KERNEL_1_P_30_SUB_00042_
                0x00000000000094dc        0x8 zephyr/drivers/clock_control/libdrivers__clock_control.a(clock_control_nrf.c.obj)
 .z_init_PRE_KERNEL_1_P_40_SUB_00010_
                0x00000000000094e4        0x8 zephyr/drivers/gpio/libdrivers__gpio.a(gpio_nrfx.c.obj)
 .z_init_PRE_KERNEL_1_P_50_SUB_00076_
                0x00000000000094ec        0x8 zephyr/drivers/serial/libdrivers__serial.a(uart_nrfx_uart.c.obj)
 .z_init_PRE_KERNEL_1_P_60_SUB_0_
                0x00000000000094f4        0x8 zephyr/drivers/console/libdrivers__console.a(uart_console.c.obj)
 *(SORT_BY_NAME(SORT_BY_ALIGNMENT(.z_init_PRE_KERNEL_1_P_???_*)))
                0x00000000000094fc                __init_PRE_KERNEL_2_start = .
 *(SORT_BY_NAME(SORT_BY_ALIGNMENT(.z_init_PRE_KERNEL_2_P_?_*)))
 .z_init_PRE_KERNEL_2_P_0_SUB_0_
                0x00000000000094fc        0x8 zephyr/drivers/timer/libdrivers__timer.a(nrf_rtc_timer.c.obj)
 *(SORT_BY_NAME(SORT_BY_ALIGNMENT(.z_init_PRE_KERNEL_2_P_??_*)))
 *(SORT_BY_NAME(SORT_BY_ALIGNMENT(.z_init_PRE_KERNEL_2_P_???_*)))
                0x0000000000009504                __init_POST_KERNEL_start = .
 *(SORT_BY_NAME(SORT_BY_ALIGNMENT(.z_init_POST_KERNEL_P_?_*)))
 .z_init_POST_KERNEL_P_0_SUB_0_
                0x0000000000009504        0x8 zephyr/libzephyr.a(log_core.c.obj)
 *(SORT_BY_NAME(SORT_BY_ALIGNMENT(.z_init_POST_KERNEL_P_??_*)))
 .z_init_POST_KERNEL_P_35_SUB_0_
                0x000000000000950c        0x8 zephyr/lib/libc/common/liblib__libc__common.a(malloc.c.obj)
 .z_init_POST_KERNEL_P_40_SUB_0_
                0x0000000000009514        0x8 zephyr/kernel/libkernel.a(system_work_q.c.obj)
 .z_init_POST_KERNEL_P_50_SUB_00094_
                0x000000000000951c        0x8 zephyr/drivers/spi/libdrivers__spi.a(spi_nrfx_spi.c.obj)
 .z_init_POST_KERNEL_P_90_SUB_00070_
                0x0000000000009524        0x8 zephyr/drivers/sensor/nordic/temp/libdrivers__sensor__nordic__temp.a(temp_nrf5.c.obj)
 *(SORT_BY_NAME(SORT_BY_ALIGNMENT(.z_init_POST_KERNEL_P_???_*)))
                0x000000000000952c                __init_APPLICATION_start = .
 *(SORT_BY_NAME(SORT_BY_ALIGNMENT(.z_init_APPLICATION_P_?_*)))
 *(SORT_BY_NAME(SORT_BY_ALIGNMENT(.z_init_APPLICATION_P_??_*)))
 *(SORT_BY_NAME(SORT_BY_ALIGNMENT(.z_init_APPLICATION_P_???_*)))
                0x000000000000952c                __init_SMP_start = .
 *(SORT_BY_NAME(SORT_BY_ALIGNMENT(.z_init_SMP_P_?_*)))
 *(SORT_BY_NAME(SORT_BY_ALIGNMENT(.z_init_SMP_P_??_*)))
 *(SORT_BY_NAME(SORT_BY_ALIGNMENT(.z_init_SMP_P_???_*)))
                0x000000000000952c                __init_end = .

device_area     0x000000000000952c       0xa0
                0x000000000000952c                _device_list_start = .
 *(SORT_BY_NAME(SORT_BY_ALIGNMENT(._device.static.*_?_*)))
 *(SORT_BY_NAME(SORT_BY_ALIGNMENT(._device.static.*_??_*)))
 ._device.static.1_30_
                0x000000000000952c       0x20 zephyr/drivers/clock_control/libdrivers__clock_control.a(clock_control_nrf.c.obj)
                0x000000000000952c                __device_dts_ord_42
 ._device.static.1_40_
                0x000000000000954c       0x20 zephyr/drivers/gpio/libdrivers__gpio.a(gpio_nrfx.c.obj)
                0x000000000000954c                __device_dts_ord_10
 ._device.static.1_50_
                0x000000000000956c       0x20 zephyr/drivers/serial/libdrivers__serial.a(uart_nrfx_uart.c.obj)
                0x000000000000956c                __device_dts_ord_76
 ._device.static.3_50_
                0x000000000000958c       0x20 zephyr/drivers/spi/libdrivers__spi.a(spi_nrfx_spi.c.obj)
                0x000000000000958c                __device_dts_ord_94
 ._device.static.3_90_
                0x00000000000095ac       0x20 zephyr/drivers/sensor/nordic/temp/libdrivers__sensor__nordic__temp.a(temp_nrf5.c.obj)
                0x00000000000095ac                __device_dts_ord_70
 *(SORT_BY_NAME(SORT_BY_ALIGNMENT(._device.static.*_???_*)))
 *(SORT_BY_NAME(SORT_BY_ALIGNMENT(._device.static.*_????_*)))
 *(SORT_BY_NAME(SORT_BY_ALIGNMENT(._device.static.*_?????_*)))
                0x00000000000095cc                _device_list_end = .

sw_isr_table    0x00000000000095cc      0x138
                0x00000000000095cc                . = ALIGN (0x4)
 *(SORT_BY_ALIGNMENT(.gnu.linkonce.sw_isr_table*))
 .gnu.linkonce.sw_isr_table
                0x00000000000095cc      0x138 zephyr/CMakeFiles/zephyr_final.dir/isr_tables.c.obj
                0x00000000000095cc                _sw_isr_table

initlevel_error
                0x00000000000094d4        0x0
 *(SORT_BY_NAME(SORT_BY_ALIGNMENT(.z_init_*)))
                0x0000000000000001                ASSERT ((SIZEOF (initlevel_error) == 0x0), Undefined initialization levels used.)

app_shmem_regions
                0x0000000000009704        0x0
                0x0000000000009704                __app_shmem_regions_start = .
 *(SORT_BY_NAME(SORT_BY_ALIGNMENT(.app_regions.*)))
                0x0000000000009704                __app_shmem_regions_end = .

k_p4wq_initparam_area
                0x0000000000009704        0x0
                0x0000000000009704                _k_p4wq_initparam_list_start = .
 *(SORT_BY_NAME(SORT_BY_ALIGNMENT(._k_p4wq_initparam.static.*)))
                0x0000000000009704                _k_p4wq_initparam_list_end = .

_static_thread_data_area
                0x0000000000009704        0x0
                0x0000000000009704                __static_thread_data_list_start = .
 *(SORT_BY_NAME(SORT_BY_ALIGNMENT(.__static_thread_data.static.*)))
                0x0000000000009704                __static_thread_data_list_end = .

device_deps     0x0000000000009704        0x0
                0x0000000000009704                __device_deps_start = .
 *(SORT_BY_NAME(SORT_BY_ALIGNMENT(.__device_deps_pass2*)))
                0x0000000000009704                __device_deps_end = .

gpio_driver_api_area
                0x0000000000009704       0x24
                0x0000000000009704                _gpio_driver_api_list_start = .
 *(SORT_BY_NAME(SORT_BY_ALIGNMENT(._gpio_driver_api.static.*)))
 ._gpio_driver_api.static.gpio_nrfx_drv_api_funcs_
                0x0000000000009704       0x24 zephyr/drivers/gpio/libdrivers__gpio.a(gpio_nrfx.c.obj)
                0x0000000000009728                _gpio_driver_api_list_end = .

sensor_driver_api_area
                0x0000000000009728       0x1c
                0x0000000000009728                _sensor_driver_api_list_start = .
 *(SORT_BY_NAME(SORT_BY_ALIGNMENT(._sensor_driver_api.static.*)))
 ._sensor_driver_api.static.temp_nrf5_driver_api_
                0x0000000000009728       0x1c zephyr/drivers/sensor/nordic/temp/libdrivers__sensor__nordic__temp.a(temp_nrf5.c.obj)
                0x0000000000009744                _sensor_driver_api_list_end = .

spi_driver_api_area
                0x0000000000009744        0x8
                0x0000000000009744                _spi_driver_api_list_start = .
 *(SORT_BY_NAME(SORT_BY_ALIGNMENT(._spi_driver_api.static.*)))
 ._spi_driver_api.static.spi_nrfx_driver_api_
                0x0000000000009744        0x8 zephyr/drivers/spi/libdrivers__spi.a(spi_nrfx_spi.c.obj)
                0x000000000000974c                _spi_driver_api_list_end = .

shared_irq_driver_api_area
                0x000000000000974c        0x0
                0x000000000000974c                _shared_irq_driver_api_list_start = .
 *(SORT_BY_NAME(SORT_BY_ALIGNMENT(._shared_irq_driver_api.static.*)))
                0x000000000000974c                _shared_irq_driver_api_list_end = .

crypto_driver_api_area
                0x000000000000974c        0x0
                0x000000000000974c                _crypto_driver_api_list_start = .
 *(SORT_BY_NAME(SORT_BY_ALIGNMENT(._crypto_driver_api.static.*)))
                0x000000000000974c                _crypto_driver_api_list_end = .

adc_driver_api_area
                0x000000000000974c        0x0
                0x000000000000974c                _adc_driver_api_list_start = .
 *(SORT_BY_NAME(SORT_BY_ALIGNMENT(._adc_driver_api.static.*)))
                0x000000000000974c                _adc_driver_api_list_end = .

auxdisplay_driver_api_area
                0x000000000000974c        0x0
                0x000000000000974c                _auxdisplay_driver_api_list_start = .
 *(SORT_BY_NAME(SORT_BY_ALIGNMENT(._auxdisplay_driver_api.static.*)))
                0x000000000000974c                _auxdisplay_driver_api_list_end = .

bbram_driver_api_area
                0x000000000000974c        0x0
                0x000000000000974c                _bbram_driver_api_list_start = .
 *(SORT_BY_NAME(SORT_BY_ALIGNMENT(._bbram_driver_api.static.*)))
                0x000000000000974c                _bbram_driver_api_list_end = .

bt_hci_driver_api_area
                0x000000000000974c        0x0
                0x000000000000974c                _bt_hci_driver_api_list_start = .
 *(SORT_BY_NAME(SORT_BY_ALIGNMENT(._bt_hci_driver_api.static.*)))
                0x000000000000974c                _bt_hci_driver_api_list_end = .

can_driver_api_area
                0x000000000000974c        0x0
                0x000000000000974c                _can_driver_api_list_start = .
 *(SORT_BY_NAME(SORT_BY_ALIGNMENT(._can_driver_api.static.*)))
                0x000000000000974c                _can_driver_api_list_end = .

cellular_driver_api_area
                0x000000000000974c        0x0
                0x000000000000974c                _cellular_driver_api_list_start = .
 *(SORT_BY_NAME(SORT_BY_ALIGNMENT(._cellular_driver_api.static.*)))
                0x000000000000974c                _cellular_driver_api_list_end = .

charger_driver_api_area
                0x000000000000974c        0x0
                0x000000000000974c                _charger_driver_api_list_start = .
 *(SORT_BY_NAME(SORT_BY_ALIGNMENT(._charger_driver_api.static.*)))
                0x000000000000974c                _charger_driver_api_list_end = .

clock_control_driver_api_area
                0x000000000000974c       0x1c
                0x000000000000974c                _clock_control_driver_api_list_start = .
 *(SORT_BY_NAME(SORT_BY_ALIGNMENT(._clock_control_driver_api.static.*)))
 ._clock_control_driver_api.static.clock_control_api_
                0x000000000000974c       0x1c zephyr/drivers/clock_control/libdrivers__clock_control.a(clock_control_nrf.c.obj)
                0x0000000000009768                _clock_control_driver_api_list_end = .

comparator_driver_api_area
                0x0000000000009768        0x0
                0x0000000000009768                _comparator_driver_api_list_start = .
 *(SORT_BY_NAME(SORT_BY_ALIGNMENT(._comparator_driver_api.static.*)))
                0x0000000000009768                _comparator_driver_api_list_end = .

coredump_driver_api_area
                0x0000000000009768        0x0
                0x0000000000009768                _coredump_driver_api_list_start = .
 *(SORT_BY_NAME(SORT_BY_ALIGNMENT(._coredump_driver_api.static.*)))
                0x0000000000009768                _coredump_driver_api_list_end = .

counter_driver_api_area
                0x0000000000009768        0x0
                0x0000000000009768                _counter_driver_api_list_start = .
 *(SORT_BY_NAME(SORT_BY_ALIGNMENT(._counter_driver_api.static.*)))
                0x0000000000009768                _counter_driver_api_list_end = .

dac_driver_api_area
                0x0000000000009768        0x0
                0x0000000000009768                _dac_driver_api_list_start = .
 *(SORT_BY_NAME(SORT_BY_ALIGNMENT(._dac_driver_api.static.*)))
                0x0000000000009768                _dac_driver_api_list_end = .

dai_driver_api_area
                0x0000000000009768        0x0
                0x0000000000009768                _dai_driver_api_list_start = .
 *(SORT_BY_NAME(SORT_BY_ALIGNMENT(._dai_driver_api.static.*)))
                0x0000000000009768                _dai_driver_api_list_end = .

display_driver_api_area
                0x0000000000009768        0x0
                0x0000000000009768                _display_driver_api_list_start = .
 *(SORT_BY_NAME(SORT_BY_ALIGNMENT(._display_driver_api.static.*)))
                0x0000000000009768                _display_driver_api_list_end = .

dma_driver_api_area
                0x0000000000009768        0x0
                0x0000000000009768                _dma_driver_api_list_start = .
 *(SORT_BY_NAME(SORT_BY_ALIGNMENT(._dma_driver_api.static.*)))
                0x0000000000009768                _dma_driver_api_list_end = .

edac_driver_api_area
                0x0000000000009768        0x0
                0x0000000000009768                _edac_driver_api_list_start = .
 *(SORT_BY_NAME(SORT_BY_ALIGNMENT(._edac_driver_api.static.*)))
                0x0000000000009768                _edac_driver_api_list_end = .

eeprom_driver_api_area
                0x0000000000009768        0x0
                0x0000000000009768                _eeprom_driver_api_list_start = .
 *(SORT_BY_NAME(SORT_BY_ALIGNMENT(._eeprom_driver_api.static.*)))
                0x0000000000009768                _eeprom_driver_api_list_end = .

emul_bbram_driver_api_area
                0x0000000000009768        0x0
                0x0000000000009768                _emul_bbram_driver_api_list_start = .
 *(SORT_BY_NAME(SORT_BY_ALIGNMENT(._emul_bbram_driver_api.static.*)))
                0x0000000000009768                _emul_bbram_driver_api_list_end = .

fuel_gauge_emul_driver_api_area
                0x0000000000009768        0x0
                0x0000000000009768                _fuel_gauge_emul_driver_api_list_start = .
 *(SORT_BY_NAME(SORT_BY_ALIGNMENT(._fuel_gauge_emul_driver_api.static.*)))
                0x0000000000009768                _fuel_gauge_emul_driver_api_list_end = .

emul_sensor_driver_api_area
                0x0000000000009768        0x0
                0x0000000000009768                _emul_sensor_driver_api_list_start = .
 *(SORT_BY_NAME(SORT_BY_ALIGNMENT(._emul_sensor_driver_api.static.*)))
                0x0000000000009768                _emul_sensor_driver_api_list_end = .

entropy_driver_api_area
                0x0000000000009768        0x0
                0x0000000000009768                _entropy_driver_api_list_start = .
 *(SORT_BY_NAME(SORT_BY_ALIGNMENT(._entropy_driver_api.static.*)))
                0x0000000000009768                _entropy_driver_api_list_end = .

espi_driver_api_area
                0x0000000000009768        0x0
                0x0000000000009768                _espi_driver_api_list_start = .
 *(SORT_BY_NAME(SORT_BY_ALIGNMENT(._espi_driver_api.static.*)))
                0x0000000000009768                _espi_driver_api_list_end = .

espi_saf_driver_api_area
                0x0000000000009768        0x0
                0x0000000000009768                _espi_saf_driver_api_list_start = .
 *(SORT_BY_NAME(SORT_BY_ALIGNMENT(._espi_saf_driver_api.static.*)))
                0x0000000000009768                _espi_saf_driver_api_list_end = .

flash_driver_api_area
                0x0000000000009768        0x0
                0x0000000000009768                _flash_driver_api_list_start = .
 *(SORT_BY_NAME(SORT_BY_ALIGNMENT(._flash_driver_api.static.*)))
                0x0000000000009768                _flash_driver_api_list_end = .

fpga_driver_api_area
                0x0000000000009768        0x0
                0x0000000000009768                _fpga_driver_api_list_start = .
 *(SORT_BY_NAME(SORT_BY_ALIGNMENT(._fpga_driver_api.static.*)))
                0x0000000000009768                _fpga_driver_api_list_end = .

fuel_gauge_driver_api_area
                0x0000000000009768        0x0