Archive member included to satisfy reference by file (symbol)

app/libapp.a(main.c.obj)      (--whole-archive)
app/libapp.a(led.c.obj)       (--whole-archive)
app/libapp.a(mt29f_nand.c.obj)
                              (--whole-archive)
zephyr/libzephyr.a(heap.c.obj)
                              (--whole-archive)
zephyr/libzephyr.a(cbprintf_packaged.c.obj)
                              (--whole-archive)
zephyr/libzephyr.a(printk.c.obj)
                              (--whole-archive)
zephyr/libzephyr.a(sem.c.obj)
                              (--whole-archive)
zephyr/libzephyr.a(thread_entry.c.obj)
                              (--whole-archive)
zephyr/libzephyr.a(cbprintf_complete.c.obj)
                              (--whole-archive)
zephyr/libzephyr.a(assert.c.obj)
                              (--whole-archive)
zephyr/libzephyr.a(mpsc_pbuf.c.obj)
                              (--whole-archive)
zephyr/libzephyr.a(dec.c.obj)
                              (--whole-archive)
zephyr/libzephyr.a(hex.c.obj)
                              (--whole-archive)
zephyr/libzephyr.a(rb.c.obj)  (--whole-archive)
zephyr/libzephyr.a(timeutil.c.obj)
                              (--whole-archive)
zephyr/libzephyr.a(bitarray.c.obj)
                              (--whole-archive)
zephyr/libzephyr.a(onoff.c.obj)
                              (--whole-archive)
zephyr/libzephyr.a(notify.c.obj)
                              (--whole-archive)
zephyr/libzephyr.a(ring_buffer.c.obj)
                              (--whole-archive)
zephyr/libzephyr.a(last_section_id.c.obj)
                              (--whole-archive)
zephyr/libzephyr.a(configs.c.obj)
                              (--whole-archive)
zephyr/libzephyr.a(log_core.c.obj)
                              (--whole-archive)
zephyr/libzephyr.a(log_mgmt.c.obj)
                              (--whole-archive)
zephyr/libzephyr.a(log_cache.c.obj)
                              (--whole-archive)
zephyr/libzephyr.a(log_msg.c.obj)
                              (--whole-archive)
zephyr/libzephyr.a(log_output.c.obj)
                              (--whole-archive)
zephyr/libzephyr.a(log_backend_uart.c.obj)
                              (--whole-archive)
zephyr/libzephyr.a(mem_attr.c.obj)
                              (--whole-archive)
zephyr/libzephyr.a(tracing_none.c.obj)
                              (--whole-archive)
zephyr/libzephyr.a(banner.c.obj)
                              (--whole-archive)
zephyr/libzephyr.a(flash_map_partition_manager.c.obj)
                              (--whole-archive)
zephyr/arch/common/libarch__common.a(sw_isr_common.c.obj)
                              (--whole-archive)
zephyr/arch/arch/arm/core/libarch__arm__core.a(fatal.c.obj)
                              (--whole-archive)
zephyr/arch/arch/arm/core/libarch__arm__core.a(nmi.c.obj)
                              (--whole-archive)
zephyr/arch/arch/arm/core/libarch__arm__core.a(nmi_on_reset.S.obj)
                              (--whole-archive)
zephyr/arch/arch/arm/core/libarch__arm__core.a(tls.c.obj)
                              (--whole-archive)
zephyr/arch/arch/arm/core/cortex_m/libarch__arm__core__cortex_m.a(exc_exit.c.obj)
                              (--whole-archive)
zephyr/arch/arch/arm/core/cortex_m/libarch__arm__core__cortex_m.a(fault.c.obj)
                              (--whole-archive)
zephyr/arch/arch/arm/core/cortex_m/libarch__arm__core__cortex_m.a(fault_s.S.obj)
                              (--whole-archive)
zephyr/arch/arch/arm/core/cortex_m/libarch__arm__core__cortex_m.a(fpu.c.obj)
                              (--whole-archive)
zephyr/arch/arch/arm/core/cortex_m/libarch__arm__core__cortex_m.a(reset.S.obj)
                              (--whole-archive)
zephyr/arch/arch/arm/core/cortex_m/libarch__arm__core__cortex_m.a(scb.c.obj)
                              (--whole-archive)
zephyr/arch/arch/arm/core/cortex_m/libarch__arm__core__cortex_m.a(thread_abort.c.obj)
                              (--whole-archive)
zephyr/arch/arch/arm/core/cortex_m/libarch__arm__core__cortex_m.a(vector_table.S.obj)
                              (--whole-archive)
zephyr/arch/arch/arm/core/cortex_m/libarch__arm__core__cortex_m.a(swap_helper.S.obj)
                              (--whole-archive)
zephyr/arch/arch/arm/core/cortex_m/libarch__arm__core__cortex_m.a(irq_manage.c.obj)
                              (--whole-archive)
zephyr/arch/arch/arm/core/cortex_m/libarch__arm__core__cortex_m.a(prep_c.c.obj)
                              (--whole-archive)
zephyr/arch/arch/arm/core/cortex_m/libarch__arm__core__cortex_m.a(thread.c.obj)
                              (--whole-archive)
zephyr/arch/arch/arm/core/cortex_m/libarch__arm__core__cortex_m.a(cpu_idle.c.obj)
                              (--whole-archive)
zephyr/arch/arch/arm/core/cortex_m/libarch__arm__core__cortex_m.a(irq_init.c.obj)
                              (--whole-archive)
zephyr/arch/arch/arm/core/cortex_m/libarch__arm__core__cortex_m.a(isr_wrapper.c.obj)
[...]
Memory Configuration

Name             Origin             Length             Attributes
FLASH            0x0000000000000000 0x0000000000080000 xr
RAM              0x0000000020000000 0x0000000000010000 xw
IDT_LIST         0x00000000ffff7fff 0x0000000000008000 xw
*default*        0x0000000000000000 0xffffffffffffffff

Linker script and memory map

                0x00000000000064a8                vfprintf = __l_vfprintf
                0x0000000000000000                vfscanf = __l_vfscanf
LOAD zephyr/CMakeFiles/zephyr_final.dir/misc/empty_file.c.obj
LOAD zephyr/CMakeFiles/zephyr_final.dir/isr_tables.c.obj
LOAD zephyr/CMakeFiles/offsets.dir/./arch/arm/core/offsets/offsets.c.obj
LOAD app/libapp.a
LOAD zephyr/libzephyr.a
LOAD zephyr/arch/common/libarch__common.a
LOAD zephyr/arch/arch/arm/core/libarch__arm__core.a
LOAD zephyr/arch/arch/arm/core/cortex_m/libarch__arm__core__cortex_m.a
LOAD zephyr/arch/arch/arm/core/mpu/libarch__arm__core__mpu.a
LOAD zephyr/lib/libc/picolibc/liblib__libc__picolibc.a
LOAD zephyr/lib/libc/common/liblib__libc__common.a
LOAD zephyr/soc/soc/nrf52832/libsoc__nordic.a
LOAD zephyr/drivers/clock_control/libdrivers__clock_control.a
LOAD zephyr/drivers/console/libdrivers__console.a
LOAD zephyr/drivers/gpio/libdrivers__gpio.a
LOAD zephyr/drivers/pinctrl/libdrivers__pinctrl.a
LOAD zephyr/drivers/sensor/nordic/temp/libdrivers__sensor__nordic__temp.a
LOAD zephyr/drivers/serial/libdrivers__serial.a
LOAD zephyr/drivers/spi/libdrivers__spi.a
LOAD zephyr/drivers/timer/libdrivers__timer.a
LOAD modules/hal_nordic/modules/hal_nordic/nrfx/libmodules__hal_nordic__nrfx.a
LOAD zephyr/kernel/libkernel.a
LOAD zephyr/arch/common/libisr_tables.a
LOAD /home/anders/ncs/toolchains/c5be9c56c7/opt/zephyr-sdk/arm-zephyr-eabi/bin/../lib/gcc/../../picolibc/arm-zephyr-eabi/lib/thumb/v7e-m/nofp/libc.a
LOAD /home/anders/ncs/toolchains/c5be9c56c7/opt/zephyr-sdk/arm-zephyr-eabi/bin/../lib/gcc/arm-zephyr-eabi/12.2.0/thumb/v7e-m/nofp/libgcc.a
                0x0000000000000020                _region_min_align = 0x20

.rel.plt        0x0000000000000000        0x0
 *(SORT_BY_ALIGNMENT(.rel.plt))
                [!provide]                        PROVIDE (__rel_iplt_start = .)
 *(SORT_BY_ALIGNMENT(.rel.iplt))
 .rel.iplt      0x0000000000000000        0x0 zephyr/CMakeFiles/zephyr_final.dir/isr_tables.c.obj
                [!provide]                        PROVIDE (__rel_iplt_end = .)

.rela.plt       0x0000000000000000        0x0
 *(SORT_BY_ALIGNMENT(.rela.plt))
                [!provide]                        PROVIDE (__rela_iplt_start = .)
 *(SORT_BY_ALIGNMENT(.rela.iplt))
                [!provide]                        PROVIDE (__rela_iplt_end = .)

.rel.dyn
 *(SORT_BY_ALIGNMENT(.rel.*))

.rela.dyn
 *(SORT_BY_ALIGNMENT(.rela.*))

/DISCARD/
 *(SORT_BY_ALIGNMENT(.plt))

/DISCARD/
 *(SORT_BY_ALIGNMENT(.iplt))
                0x0000000000000000                __rom_region_start = 0x0

rom_start       0x0000000000000000       0xdc
                0x0000000000000000                __rom_start_address = .
 FILL mask 0x00
                0x0000000000000000                . = (. + (0x0 - (. - __rom_start_address)))
                0x0000000000000000                . = ALIGN (0x4)
                0x0000000000000000                . = ALIGN (0x80)
                0x0000000000000000                . = ALIGN (0x100)
                0x0000000000000000                _vector_start = .
 *(SORT_BY_ALIGNMENT(.exc_vector_table))
 *(SORT_BY_ALIGNMENT(.exc_vector_table.*))
 .exc_vector_table._vector_table_section
                0x0000000000000000       0x40 zephyr/arch/arch/arm/core/cortex_m/libarch__arm__core__cortex_m.a(vector_table.S.obj)
                0x0000000000000000                _vector_table
 *(SORT_BY_ALIGNMENT(.vectors))
                0x00000000000000dc                _vector_end = .
                0x0000000000000040                . = ALIGN (0x4)
 *(SORT_BY_ALIGNMENT(.gnu.linkonce.irq_vector_table*))
 .gnu.linkonce.irq_vector_table
                0x0000000000000040       0x9c zephyr/CMakeFiles/zephyr_final.dir/isr_tables.c.obj
                0x0000000000000040                _irq_vector_table
                0x00000000000000dc                _vector_end = .

text            0x00000000000000dc     0x7f74
                0x00000000000000dc                __text_region_start = .
 *(SORT_BY_ALIGNMENT(.text))
 .text          0x00000000000000dc       0x30 /home/anders/ncs/toolchains/c5be9c56c7/opt/zephyr-sdk/arm-zephyr-eabi/bin/../lib/gcc/arm-zephyr-eabi/12.2.0/thumb/v7e-m/nofp/libgcc.a(_aeabi_uldivmod.o)
                0x00000000000000dc                __aeabi_uldivmod
 .text          0x000000000000010c        0x4 /home/anders/ncs/toolchains/c5be9c56c7/opt/zephyr-sdk/arm-zephyr-eabi/bin/../lib/gcc/arm-zephyr-eabi/12.2.0/thumb/v7e-m/nofp/libgcc.a(_dvmd_tls.o)
                0x000000000000010c                __aeabi_ldiv0
                0x000000000000010c                __aeabi_idiv0
 .text          0x0000000000000110       0x10 /home/anders/ncs/toolchains/c5be9c56c7/opt/zephyr-sdk/arm-zephyr-eabi/bin/../lib/gcc/../../picolibc/arm-zephyr-eabi/lib/thumb/v7e-m/nofp/libc.a(strlen.S.o)
                0x0000000000000110                strlen
 .text          0x0000000000000120      0x2a0 /home/anders/ncs/toolchains/c5be9c56c7/opt/zephyr-sdk/arm-zephyr-eabi/bin/../lib/gcc/arm-zephyr-eabi/12.2.0/thumb/v7e-m/nofp/libgcc.a(_udivmoddi4.o)
                0x0000000000000120                __udivmoddi4
 *(SORT_BY_ALIGNMENT(.text.*))
 .text.flash_init
                0x00000000000003c0        0xc app/libapp.a(main.c.obj)
                0x00000000000003c0                flash_init
 .text.main     0x00000000000003cc       0x4c app/libapp.a(main.c.obj)
                0x00000000000003cc                main
 .text.gpio_pin_toggle_dt.constprop.0.isra.0
                0x0000000000000418       0x10 app/libapp.a(led.c.obj)
 .text.gpio_pin_set_dt.constprop.0.isra.0
                0x0000000000000428       0x1c app/libapp.a(led.c.obj)
 .text.led_init
                0x0000000000000444       0x48 app/libapp.a(led.c.obj)
                0x0000000000000444                led_init
 .text.spi_transceive_dt.constprop.0
                0x000000000000048c       0x1c app/libapp.a(mt29f_nand.c.obj)
 .text.spi_write_dt.constprop.0
                0x00000000000004a8       0x1c app/libapp.a(mt29f_nand.c.obj)
 .text.spi_nand_die_select
                0x00000000000004c4       0x48 app/libapp.a(mt29f_nand.c.obj)
 .text.spi_nand_unlock
                0x000000000000050c       0x3c app/libapp.a(mt29f_nand.c.obj)
 .text.mt29f_init
                0x0000000000000548      0x140 app/libapp.a(mt29f_nand.c.obj)
                0x0000000000000548                mt29f_init
 .text.cbvprintf_package
                0x0000000000000688      0x3a4 zephyr/libzephyr.a(cbprintf_packaged.c.obj)
                0x0000000000000688                cbvprintf_package
 .text.cbprintf_package_convert
                0x0000000000000a2c      0x3cc zephyr/libzephyr.a(cbprintf_packaged.c.obj)
                0x0000000000000a2c                cbprintf_package_convert
 .text.__printk_hook_install
                0x0000000000000df8        0xc zephyr/libzephyr.a(printk.c.obj)
                0x0000000000000df8                __printk_hook_install
 .text.z_thread_entry
                0x0000000000000e04       0x34 zephyr/libzephyr.a(thread_entry.c.obj)
                0x0000000000000e04                z_thread_entry
 .text.process_event
                0x0000000000000e38      0x21c zephyr/libzephyr.a(onoff.c.obj)
 .text.activate_foreach_backend
                0x0000000000001054       0x64 zephyr/libzephyr.a(log_core.c.obj)
 .text.enable_logger
                0x00000000000010b8       0x5c zephyr/libzephyr.a(log_core.c.obj)
 .text.log_process_thread_timer_expiry_fn
                0x0000000000001114        0xc zephyr/libzephyr.a(log_core.c.obj)
 .text.z_log_init
                0x0000000000001120       0x98 zephyr/libzephyr.a(log_core.c.obj)
 .text.log_format_func_t_get
                0x00000000000011b8        0xc zephyr/libzephyr.a(log_core.c.obj)
                0x00000000000011b8                log_format_func_t_get
 .text.log_set_timestamp_func
                0x00000000000011c4       0x20 zephyr/libzephyr.a(log_core.c.obj)
                0x00000000000011c4                log_set_timestamp_func
 .text.z_log_notify_backend_enabled
                0x00000000000011e4       0x1c zephyr/libzephyr.a(log_core.c.obj)
                0x00000000000011e4                z_log_notify_backend_enabled
 .text.z_log_dropped
                0x0000000000001200       0x44 zephyr/libzephyr.a(log_core.c.obj)
                0x0000000000001200                z_log_dropped
 .text.z_log_dropped_read_and_clear
                0x0000000000001244       0x20 zephyr/libzephyr.a(log_core.c.obj)
                0x0000000000001244                z_log_dropped_read_and_clear
 .text.dropped_notify
                0x0000000000001264       0x30 zephyr/libzephyr.a(log_core.c.obj)
                0x0000000000001264                dropped_notify
 .text.z_log_msg_init
                0x0000000000001294       0x20 zephyr/libzephyr.a(log_core.c.obj)
                0x0000000000001294                z_log_msg_init
 .text.log_core_init
                0x00000000000012b4       0x50 zephyr/libzephyr.a(log_core.c.obj)
                0x00000000000012b4                log_core_init
 .text.z_log_msg_alloc
                0x0000000000001304       0x10 zephyr/libzephyr.a(log_core.c.obj)
                0x0000000000001304                z_log_msg_alloc
 .text.z_log_msg_local_claim
                0x0000000000001314        0xc zephyr/libzephyr.a(log_core.c.obj)
                0x0000000000001314                z_log_msg_local_claim
 .text.z_log_msg_free
                0x0000000000001320       0x10 zephyr/libzephyr.a(log_core.c.obj)
                0x0000000000001320                z_log_msg_free
 .text.z_log_msg_pending
                0x0000000000001330        0xc zephyr/libzephyr.a(log_core.c.obj)
                0x0000000000001330                z_log_msg_pending
 .text.z_impl_log_process
                0x000000000000133c       0xc0 zephyr/libzephyr.a(log_core.c.obj)
                0x000000000000133c                z_impl_log_process
 .text.z_impl_log_panic
                0x00000000000013fc       0x44 zephyr/libzephyr.a(log_core.c.obj)
                0x00000000000013fc                z_impl_log_panic
 .text.log_process_thread_func
                0x0000000000001440       0xa4 zephyr/libzephyr.a(log_core.c.obj)
 .text.z_log_msg_post_finalize
                0x00000000000014e4       0x78 zephyr/libzephyr.a(log_core.c.obj)
 .text.z_log_msg_commit
                0x000000000000155c       0x24 zephyr/libzephyr.a(log_core.c.obj)
                0x000000000000155c                z_log_msg_commit
 .text.log_source_name_get
                0x0000000000001580       0x1c zephyr/libzephyr.a(log_mgmt.c.obj)
                0x0000000000001580                log_source_name_get
 .text.z_impl_z_log_msg_static_create
                0x000000000000159c      0x108 zephyr/libzephyr.a(log_msg.c.obj)
                0x000000000000159c                z_impl_z_log_msg_static_create
 .text.z_log_msg_runtime_vcreate
                0x00000000000016a4       0xa0 zephyr/libzephyr.a(log_msg.c.obj)
                0x00000000000016a4                z_log_msg_runtime_vcreate
 .text.log_msg_get_source_id
                0x0000000000001744       0x18 zephyr/libzephyr.a(log_msg.c.obj)
                0x0000000000001744                log_msg_get_source_id
 .text.print_formatted
                0x000000000000175c       0x24 zephyr/libzephyr.a(log_output.c.obj)
 .text.newline_print
                0x0000000000001780       0x1c zephyr/libzephyr.a(log_output.c.obj)
 .text.log_output_process
                0x000000000000179c      0x2d4 zephyr/libzephyr.a(log_output.c.obj)
                0x000000000000179c                log_output_process
 .text.log_output_dropped_process
                0x0000000000001a70       0x58 zephyr/libzephyr.a(log_output.c.obj)
                0x0000000000001a70                log_output_dropped_process
 .text.log_output_timestamp_freq_set
                0x0000000000001ac8       0x2c zephyr/libzephyr.a(log_output.c.obj)
                0x0000000000001ac8                log_output_timestamp_freq_set
 .text.char_out
                0x0000000000001af4       0x24 zephyr/libzephyr.a(log_backend_uart.c.obj)
 .text.mem_attr_get_regions
                0x0000000000001b18        0xc zephyr/libzephyr.a(mem_attr.c.obj)
                0x0000000000001b18                mem_attr_get_regions
 .text.boot_banner
                0x0000000000001b24       0x1c zephyr/libzephyr.a(banner.c.obj)
                0x0000000000001b24                boot_banner
 .text.z_arm_fatal_error
                0x0000000000001b40       0xb8 zephyr/arch/arch/arm/core/libarch__arm__core.a(fatal.c.obj)
                0x0000000000001b40                z_arm_fatal_error
 .text.z_SysNmiOnReset
                0x0000000000001bf8        0x8 zephyr/arch/arch/arm/core/libarch__arm__core.a(nmi_on_reset.S.obj)
                0x0000000000001bf8                z_SysNmiOnReset
 .text.arch_tls_stack_setup
                0x0000000000001c00       0x40 zephyr/arch/arch/arm/core/libarch__arm__core.a(tls.c.obj)
                0x0000000000001c00                arch_tls_stack_setup
 .text._HandlerModeExit
                0x0000000000001c40       0x20 zephyr/arch/arch/arm/core/cortex_m/libarch__arm__core__cortex_m.a(exc_exit.c.obj)
                0x0000000000001c40                z_arm_exc_exit
                0x0000000000001c40                z_arm_int_exit
 .text.mem_manage_fault.constprop.0
                0x0000000000001c60       0xd0 zephyr/arch/arch/arm/core/cortex_m/libarch__arm__core__cortex_m.a(fault.c.obj)
 .text.usage_fault.constprop.0
                0x0000000000001d30       0xa8 zephyr/arch/arch/arm/core/cortex_m/libarch__arm__core__cortex_m.a(fault.c.obj)
 .text.bus_fault.constprop.0
                0x0000000000001dd8       0xd0 zephyr/arch/arch/arm/core/cortex_m/libarch__arm__core__cortex_m.a(fault.c.obj)
 .text.z_arm_fault
                0x0000000000001ea8      0x1d0 zephyr/arch/arch/arm/core/cortex_m/libarch__arm__core__cortex_m.a(fault.c.obj)
                0x0000000000001ea8                z_arm_fault
 .text.z_arm_fault_init
                0x0000000000002078       0x18 zephyr/arch/arch/arm/core/cortex_m/libarch__arm__core__cortex_m.a(fault.c.obj)
                0x0000000000002078                z_arm_fault_init
 .text.__fault  0x0000000000002090       0x14 zephyr/arch/arch/arm/core/cortex_m/libarch__arm__core__cortex_m.a(fault_s.S.obj)
                0x0000000000002090                z_arm_bus_fault
                0x0000000000002090                z_arm_usage_fault
                0x0000000000002090                z_arm_mpu_fault
                0x0000000000002090                z_arm_exc_spurious
                0x0000000000002090                z_arm_debug_monitor
                0x0000000000002090                z_arm_hard_fault
 .text._reset_section
                0x00000000000020a4       0x54 zephyr/arch/arch/arm/core/cortex_m/libarch__arm__core__cortex_m.a(reset.S.obj)
                0x00000000000020a4                z_arm_reset
                0x00000000000020a4                __start
 .text.z_arm_clear_arm_mpu_config
                0x00000000000020f8       0x24 zephyr/arch/arch/arm/core/cortex_m/libarch__arm__core__cortex_m.a(scb.c.obj)
                0x00000000000020f8                z_arm_clear_arm_mpu_config
 .text.z_arm_init_arch_hw_at_boot
                0x000000000000211c       0x64 zephyr/arch/arch/arm/core/cortex_m/libarch__arm__core__cortex_m.a(scb.c.obj)
                0x000000000000211c                z_arm_init_arch_hw_at_boot
 .text.z_impl_k_thread_abort
                0x0000000000002180       0x2c zephyr/arch/arch/arm/core/cortex_m/libarch__arm__core__cortex_m.a(thread_abort.c.obj)
                0x0000000000002180                z_impl_k_thread_abort
 .text.z_arm_pendsv
                0x00000000000021ac       0x54 zephyr/arch/arch/arm/core/cortex_m/libarch__arm__core__cortex_m.a(swap_helper.S.obj)
                0x00000000000021ac                z_arm_pendsv
 .text.z_arm_svc
                0x0000000000002200       0x24 zephyr/arch/arch/arm/core/cortex_m/libarch__arm__core__cortex_m.a(swap_helper.S.obj)
                0x0000000000002200                z_arm_svc
 .text.arm_irq_enable
                0x0000000000002224       0x1c zephyr/arch/arch/arm/core/cortex_m/libarch__arm__core__cortex_m.a(irq_manage.c.obj)
                0x0000000000002224                arm_irq_enable
 .text.arm_irq_disable
                0x0000000000002240       0x28 zephyr/arch/arch/arm/core/cortex_m/libarch__arm__core__cortex_m.a(irq_manage.c.obj)
                0x0000000000002240                arm_irq_disable
 .text.arm_irq_is_enabled
                0x0000000000002268       0x1c zephyr/arch/arch/arm/core/cortex_m/libarch__arm__core__cortex_m.a(irq_manage.c.obj)
                0x0000000000002268                arm_irq_is_enabled
 .text.arm_irq_priority_set
                0x0000000000002284       0x30 zephyr/arch/arch/arm/core/cortex_m/libarch__arm__core__cortex_m.a(irq_manage.c.obj)
                0x0000000000002284                arm_irq_priority_set
 .text.relocate_vector_table
                0x00000000000022b4       0x1c zephyr/arch/arch/arm/core/cortex_m/libarch__arm__core__cortex_m.a(prep_c.c.obj)
                0x00000000000022b4                relocate_vector_table
 .text.z_prep_c
                0x00000000000022d0       0x28 zephyr/arch/arch/arm/core/cortex_m/libarch__arm__core__cortex_m.a(prep_c.c.obj)
                0x00000000000022d0                z_prep_c
 .text.arch_new_thread
                0x00000000000022f8       0x38 zephyr/arch/arch/arm/core/cortex_m/libarch__arm__core__cortex_m.a(thread.c.obj)
                0x00000000000022f8                arch_new_thread
 .text.arch_switch_to_main_thread
                0x0000000000002330       0x38 zephyr/arch/arch/arm/core/cortex_m/libarch__arm__core__cortex_m.a(thread.c.obj)
                0x0000000000002330                arch_switch_to_main_thread
 .text.z_arm_cpu_idle_init
                0x0000000000002368        0xc zephyr/arch/arch/arm/core/cortex_m/libarch__arm__core__cortex_m.a(cpu_idle.c.obj)
                0x0000000000002368                z_arm_cpu_idle_init
 .text.z_arm_interrupt_init
                0x0000000000002374       0x18 zephyr/arch/arch/arm/core/cortex_m/libarch__arm__core__cortex_m.a(irq_init.c.obj)
                0x0000000000002374                z_arm_interrupt_init
 .text._isr_wrapper
                0x000000000000238c       0x24 zephyr/arch/arch/arm/core/cortex_m/libarch__arm__core__cortex_m.a(isr_wrapper.c.obj)
                0x000000000000238c                _isr_wrapper
 .text.z_arm_configure_static_mpu_regions
                0x00000000000023b0       0x18 zephyr/arch/arch/arm/core/mpu/libarch__arm__core__mpu.a(arm_core_mpu.c.obj)
                0x00000000000023b0                z_arm_configure_static_mpu_regions
 .text.region_allocate_and_init
                0x00000000000023c8       0x54 zephyr/arch/arch/arm/core/mpu/libarch__arm__core__mpu.a(arm_mpu.c.obj)
 .text.mpu_configure_regions
                0x000000000000241c       0x68 zephyr/arch/arch/arm/core/mpu/libarch__arm__core__mpu.a(arm_mpu.c.obj)
 .text.arm_core_mpu_enable
                0x0000000000002484       0x18 zephyr/arch/arch/arm/core/mpu/libarch__arm__core__mpu.a(arm_mpu.c.obj)
                0x0000000000002484                arm_core_mpu_enable
 .text.arm_core_mpu_disable
                0x000000000000249c       0x14 zephyr/arch/arch/arm/core/mpu/libarch__arm__core__mpu.a(arm_mpu.c.obj)
                0x000000000000249c                arm_core_mpu_disable
 .text.arm_core_mpu_configure_static_mpu_regions
                0x00000000000024b0       0x14 zephyr/arch/arch/arm/core/mpu/libarch__arm__core__mpu.a(arm_mpu.c.obj)
                0x00000000000024b0                arm_core_mpu_configure_static_mpu_regions
 .text.z_arm_mpu_init
                0x00000000000024c4      0x17c zephyr/arch/arch/arm/core/mpu/libarch__arm__core__mpu.a(arm_mpu.c.obj)
                0x00000000000024c4                z_arm_mpu_init
 .text.cbvprintf
                0x0000000000002640       0x38 zephyr/lib/libc/picolibc/liblib__libc__picolibc.a(cbprintf.c.obj)
                0x0000000000002640                cbvprintf
 .text.z_impl_zephyr_fputc
                0x0000000000002678       0x10 zephyr/lib/libc/picolibc/liblib__libc__picolibc.a(stdio.c.obj)
                0x0000000000002678                z_impl_zephyr_fputc
 .text.__stdout_hook_install
                0x0000000000002688       0x18 zephyr/lib/libc/picolibc/liblib__libc__picolibc.a(stdio.c.obj)
                0x0000000000002688                __stdout_hook_install
 .text.malloc_prepare
                0x00000000000026a0       0x24 zephyr/lib/libc/common/liblib__libc__common.a(malloc.c.obj)
 .text.nordicsemi_nrf52_init
                0x00000000000026c4       0x10 zephyr/soc/soc/nrf52832/libsoc__nordic.a(soc.c.obj)
 .text.arch_busy_wait
                0x00000000000026d4       0x14 zephyr/soc/soc/nrf52832/libsoc__nordic.a(soc.c.obj)
                0x00000000000026d4                arch_busy_wait
 .text.onoff_stop
                0x00000000000026e8       0x30 zephyr/drivers/clock_control/libdrivers__clock_control.a(clock_control_nrf.c.obj)
 .text.onoff_start
                0x0000000000002718       0x44 zephyr/drivers/clock_control/libdrivers__clock_control.a(clock_control_nrf.c.obj)
 .text.clk_init
                0x000000000000275c       0x60 zephyr/drivers/clock_control/libdrivers__clock_control.a(clock_control_nrf.c.obj)
 .text.api_blocking_start
                0x00000000000027bc       0x34 zephyr/drivers/clock_control/libdrivers__clock_control.a(clock_control_nrf.c.obj)
 .text.lfclk_start
                0x00000000000027f0       0x24 zephyr/drivers/clock_control/libdrivers__clock_control.a(clock_control_nrf.c.obj)
 .text.generic_hfclk_stop
                0x0000000000002814       0x34 zephyr/drivers/clock_control/libdrivers__clock_control.a(clock_control_nrf.c.obj)
 .text.clkstarted_handle.constprop.0
                0x0000000000002848       0x4c zephyr/drivers/clock_control/libdrivers__clock_control.a(clock_control_nrf.c.obj)
 .text.clock_event_handler
                0x0000000000002894       0x34 zephyr/drivers/clock_control/libdrivers__clock_control.a(clock_control_nrf.c.obj)
 .text.generic_hfclk_start
                0x00000000000028c8       0x78 zephyr/drivers/clock_control/libdrivers__clock_control.a(clock_control_nrf.c.obj)
 .text.z_nrf_clock_control_get_onoff
                0x0000000000002940       0x10 zephyr/drivers/clock_control/libdrivers__clock_control.a(clock_control_nrf.c.obj)
                0x0000000000002940                z_nrf_clock_control_get_onoff
 .text.z_nrf_clock_control_lf_on
                0x0000000000002950       0xb4 zephyr/drivers/clock_control/libdrivers__clock_control.a(clock_control_nrf.c.obj)
                0x0000000000002950                z_nrf_clock_control_lf_on
 .text.start_cal_process
                0x0000000000002a04       0x48 zephyr/drivers/clock_control/libdrivers__clock_control.a(nrf_clock_calibration.c.obj)
 .text.start_cycle
                0x0000000000002a4c       0x38 zephyr/drivers/clock_control/libdrivers__clock_control.a(nrf_clock_calibration.c.obj)
 .text.measure_temperature
                0x0000000000002a84       0x88 zephyr/drivers/clock_control/libdrivers__clock_control.a(nrf_clock_calibration.c.obj)
 .text.cal_hf_callback
                0x0000000000002b0c       0x2c zephyr/drivers/clock_control/libdrivers__clock_control.a(nrf_clock_calibration.c.obj)
 .text.z_nrf_clock_calibration_init
                0x0000000000002b38       0x1c zephyr/drivers/clock_control/libdrivers__clock_control.a(nrf_clock_calibration.c.obj)
                0x0000000000002b38                z_nrf_clock_calibration_init
 .text.z_nrf_clock_calibration_lfclk_started
                0x0000000000002b54       0x10 zephyr/drivers/clock_control/libdrivers__clock_control.a(nrf_clock_calibration.c.obj)
                0x0000000000002b54                z_nrf_clock_calibration_lfclk_started
 .text.z_nrf_clock_calibration_lfclk_stopped
                0x0000000000002b64        0xc zephyr/drivers/clock_control/libdrivers__clock_control.a(nrf_clock_calibration.c.obj)
                0x0000000000002b64                z_nrf_clock_calibration_lfclk_stopped
 .text.z_nrf_clock_calibration_done_handler
                0x0000000000002b70       0x10 zephyr/drivers/clock_control/libdrivers__clock_control.a(nrf_clock_calibration.c.obj)
                0x0000000000002b70                z_nrf_clock_calibration_done_handler
 .text.uart_console_init
                0x0000000000002b80       0x28 zephyr/drivers/console/libdrivers__console.a(uart_console.c.obj)
 .text.console_out
                0x0000000000002ba8       0x28 zephyr/drivers/console/libdrivers__console.a(uart_console.c.obj)
 .text.nrfx_gpio_handler
                0x0000000000002bd0       0x3c zephyr/drivers/gpio/libdrivers__gpio.a(gpio_nrfx.c.obj)
 .text.gpio_nrfx_pin_configure
                0x0000000000002c0c      0x180 zephyr/drivers/gpio/libdrivers__gpio.a(gpio_nrfx.c.obj)
 .text.gpio_nrfx_init
                0x0000000000002d8c       0x48 zephyr/drivers/gpio/libdrivers__gpio.a(gpio_nrfx.c.obj)
 .text.gpio_nrfx_pin_interrupt_configure
                0x0000000000002dd4      0x110 zephyr/drivers/gpio/libdrivers__gpio.a(gpio_nrfx.c.obj)
 .text.pinctrl_configure_pins
                0x0000000000002ee4      0x12c zephyr/drivers/pinctrl/libdrivers__pinctrl.a(pinctrl_nrf.c.obj)
                0x0000000000002ee4                pinctrl_configure_pins
 .text.hfclk_on_callback
                0x0000000000003010        0xc zephyr/drivers/sensor/nordic/temp/libdrivers__sensor__nordic__temp.a(temp_nrf5.c.obj)
 .text.temp_nrf5_channel_get
                0x000000000000301c       0x2c zephyr/drivers/sensor/nordic/temp/libdrivers__sensor__nordic__temp.a(temp_nrf5.c.obj)
 .text.temp_nrf5_isr
                0x0000000000003048       0x18 zephyr/drivers/sensor/nordic/temp/libdrivers__sensor__nordic__temp.a(temp_nrf5.c.obj)
 .text.temp_nrf5_sample_fetch
                0x0000000000003060       0x78 zephyr/drivers/sensor/nordic/temp/libdrivers__sensor__nordic__temp.a(temp_nrf5.c.obj)
 .text.temp_nrf5_init
                0x00000000000030d8       0x40 zephyr/drivers/sensor/nordic/temp/libdrivers__sensor__nordic__temp.a(temp_nrf5.c.obj)
 .text.uart_nrfx_poll_in
                0x0000000000003118       0x24 zephyr/drivers/serial/libdrivers__serial.a(uart_nrfx_uart.c.obj)
 .text.uart_nrfx_err_check
                0x000000000000313c       0x10 zephyr/drivers/serial/libdrivers__serial.a(uart_nrfx_uart.c.obj)
 .text.uart_nrfx_poll_out
                0x000000000000314c       0x7c zephyr/drivers/serial/libdrivers__serial.a(uart_nrfx_uart.c.obj)
 .text.uart_nrfx_init
                0x00000000000031c8      0x1a0 zephyr/drivers/serial/libdrivers__serial.a(uart_nrfx_uart.c.obj)
 .text.spi_nrfx_init
                0x0000000000003368      0x120 zephyr/drivers/spi/libdrivers__spi.a(spi_nrfx_spi.c.obj)
 .text.transfer_next_chunk
                0x0000000000003488       0x70 zephyr/drivers/spi/libdrivers__spi.a(spi_nrfx_spi.c.obj)
 .text.event_handler
                0x00000000000034f8       0xc0 zephyr/drivers/spi/libdrivers__spi.a(spi_nrfx_spi.c.obj)
 .text.spi_nrfx_transceive
                0x00000000000035b8      0x3dc zephyr/drivers/spi/libdrivers__spi.a(spi_nrfx_spi.c.obj)
 .text.spi_nrfx_wake_init
                0x0000000000003994       0x60 zephyr/drivers/spi/libdrivers__spi.a(spi_nrfx_common.c.obj)
                0x0000000000003994                spi_nrfx_wake_init
 .text.spi_nrfx_wake_request
                0x00000000000039f4       0x84 zephyr/drivers/spi/libdrivers__spi.a(spi_nrfx_common.c.obj)
                0x00000000000039f4                spi_nrfx_wake_request
 .text.compare_int_lock
                0x0000000000003a78       0x48 zephyr/drivers/timer/libdrivers__timer.a(nrf_rtc_timer.c.obj)
 .text.sys_clock_timeout_handler
                0x0000000000003ac0       0x48 zephyr/drivers/timer/libdrivers__timer.a(nrf_rtc_timer.c.obj)
 .text.compare_int_unlock
                0x0000000000003b08       0x5c zephyr/drivers/timer/libdrivers__timer.a(nrf_rtc_timer.c.obj)
 .text.z_nrf_rtc_timer_read
                0x0000000000003b64       0x44 zephyr/drivers/timer/libdrivers__timer.a(nrf_rtc_timer.c.obj)
                0x0000000000003b64                z_nrf_rtc_timer_read
 .text.compare_set
                0x0000000000003ba8      0x130 zephyr/drivers/timer/libdrivers__timer.a(nrf_rtc_timer.c.obj)
 .text.sys_clock_driver_init
                0x0000000000003cd8       0x90 zephyr/drivers/timer/libdrivers__timer.a(nrf_rtc_timer.c.obj)
 .text.rtc_nrf_isr
                0x0000000000003d68       0xd4 zephyr/drivers/timer/libdrivers__timer.a(nrf_rtc_timer.c.obj)
                0x0000000000003d68                rtc_nrf_isr
 .text.sys_clock_set_timeout
                0x0000000000003e3c       0x5c zephyr/drivers/timer/libdrivers__timer.a(nrf_rtc_timer.c.obj)
                0x0000000000003e3c                sys_clock_set_timeout
 .text.sys_clock_elapsed
                0x0000000000003e98       0x14 zephyr/drivers/timer/libdrivers__timer.a(nrf_rtc_timer.c.obj)
                0x0000000000003e98                sys_clock_elapsed
 .text.nrf52_errata_16
                0x0000000000003eac       0x28 modules/hal_nordic/modules/hal_nordic/nrfx/libmodules__hal_nordic__nrfx.a(system_nrf52.c.obj)
 .text.nvmc_wait
                0x0000000000003ed4       0x10 modules/hal_nordic/modules/hal_nordic/nrfx/libmodules__hal_nordic__nrfx.a(system_nrf52.c.obj)
                0x0000000000003ed4                nvmc_wait
 .text.SystemInit
                0x0000000000003ee4      0x278 modules/hal_nordic/modules/hal_nordic/nrfx/libmodules__hal_nordic__nrfx.a(system_nrf52.c.obj)
                0x0000000000003ee4                SystemInit
 .text.nrfx_flag32_alloc
                0x000000000000415c       0x48 modules/hal_nordic/modules/hal_nordic/nrfx/libmodules__hal_nordic__nrfx.a(nrfx_flag32_allocator.c.obj)
                0x000000000000415c                nrfx_flag32_alloc
 .text.nrfx_flag32_free
                0x00000000000041a4       0x40 modules/hal_nordic/modules/hal_nordic/nrfx/libmodules__hal_nordic__nrfx.a(nrfx_flag32_allocator.c.obj)
                0x00000000000041a4                nrfx_flag32_free
 .text.clock_stop
                0x00000000000041e4       0xc4 modules/hal_nordic/modules/hal_nordic/nrfx/libmodules__hal_nordic__nrfx.a(nrfx_clock.c.obj)
 .text.nrfx_clock_init
                0x00000000000042a8       0x24 modules/hal_nordic/modules/hal_nordic/nrfx/libmodules__hal_nordic__nrfx.a(nrfx_clock.c.obj)
                0x00000000000042a8                nrfx_clock_init
 .text.nrfx_clock_enable
                0x00000000000042cc       0x24 modules/hal_nordic/modules/hal_nordic/nrfx/libmodules__hal_nordic__nrfx.a(nrfx_clock.c.obj)
                0x00000000000042cc                nrfx_clock_enable
 .text.nrfx_clock_start
                0x00000000000042f0       0xe4 modules/hal_nordic/modules/hal_nordic/nrfx/libmodules__hal_nordic__nrfx.a(nrfx_clock.c.obj)
                0x00000000000042f0                nrfx_clock_start
 .text.nrfx_clock_calibration_start
                0x00000000000043d4       0x74 modules/hal_nordic/modules/hal_nordic/nrfx/libmodules__hal_nordic__nrfx.a(nrfx_clock.c.obj)
                0x00000000000043d4                nrfx_clock_calibration_start
 .text.nrfx_power_clock_irq_handler
                0x0000000000004448       0x6c modules/hal_nordic/modules/hal_nordic/nrfx/libmodules__hal_nordic__nrfx.a(nrfx_clock.c.obj)
                0x0000000000004448                nrfx_power_clock_irq_handler
 .text.call_handler.constprop.0
                0x00000000000044b4       0x3c modules/hal_nordic/modules/hal_nordic/nrfx/libmodules__hal_nordic__nrfx.a(nrfx_gpiote.c.obj)
 .text.release_handler.isra.0
                0x00000000000044f0       0x54 modules/hal_nordic/modules/hal_nordic/nrfx/libmodules__hal_nordic__nrfx.a(nrfx_gpiote.c.obj)
 .text.__nrfy_internal_gpiote_events_process.constprop.0
                0x0000000000004544       0x5c modules/hal_nordic/modules/hal_nordic/nrfx/libmodules__hal_nordic__nrfx.a(nrfx_gpiote.c.obj)
 .text.pin_in_event_get.isra.0
                0x00000000000045a0       0x20 modules/hal_nordic/modules/hal_nordic/nrfx/libmodules__hal_nordic__nrfx.a(nrfx_gpiote.c.obj)
 .text.pin_trigger_disable
                0x00000000000045c0       0x40 modules/hal_nordic/modules/hal_nordic/nrfx/libmodules__hal_nordic__nrfx.a(nrfx_gpiote.c.obj)
 .text.pin_uninit
                0x0000000000004600       0x74 modules/hal_nordic/modules/hal_nordic/nrfx/libmodules__hal_nordic__nrfx.a(nrfx_gpiote.c.obj)
 .text.nrfx_gpiote_input_configure
                0x0000000000004674      0x168 modules/hal_nordic/modules/hal_nordic/nrfx/libmodules__hal_nordic__nrfx.a(nrfx_gpiote.c.obj)
                0x0000000000004674                nrfx_gpiote_input_configure
 .text.nrfx_gpiote_output_configure
                0x00000000000047dc       0xec modules/hal_nordic/modules/hal_nordic/nrfx/libmodules__hal_nordic__nrfx.a(nrfx_gpiote.c.obj)
                0x00000000000047dc                nrfx_gpiote_output_configure
 .text.nrfx_gpiote_global_callback_set
                0x00000000000048c8        0xc modules/hal_nordic/modules/hal_nordic/nrfx/libmodules__hal_nordic__nrfx.a(nrfx_gpiote.c.obj)
                0x00000000000048c8                nrfx_gpiote_global_callback_set
 .text.nrfx_gpiote_channel_get
                0x00000000000048d4       0x24 modules/hal_nordic/modules/hal_nordic/nrfx/libmodules__hal_nordic__nrfx.a(nrfx_gpiote.c.obj)
                0x00000000000048d4                nrfx_gpiote_channel_get
 .text.nrfx_gpiote_init
                0x00000000000048f8       0x48 modules/hal_nordic/modules/hal_nordic/nrfx/libmodules__hal_nordic__nrfx.a(nrfx_gpiote.c.obj)
                0x00000000000048f8                nrfx_gpiote_init
 .text.nrfx_gpiote_init_check
                0x0000000000004940       0x14 modules/hal_nordic/modules/hal_nordic/nrfx/libmodules__hal_nordic__nrfx.a(nrfx_gpiote.c.obj)
                0x0000000000004940                nrfx_gpiote_init_check
 .text.nrfx_gpiote_channel_free
                0x0000000000004954       0x10 modules/hal_nordic/modules/hal_nordic/nrfx/libmodules__hal_nordic__nrfx.a(nrfx_gpiote.c.obj)
                0x0000000000004954                nrfx_gpiote_channel_free
 .text.nrfx_gpiote_channel_alloc
                0x0000000000004964       0x10 modules/hal_nordic/modules/hal_nordic/nrfx/libmodules__hal_nordic__nrfx.a(nrfx_gpiote.c.obj)
                0x0000000000004964                nrfx_gpiote_channel_alloc
 .text.nrfx_gpiote_trigger_enable
                0x0000000000004974       0x94 modules/hal_nordic/modules/hal_nordic/nrfx/libmodules__hal_nordic__nrfx.a(nrfx_gpiote.c.obj)
                0x0000000000004974                nrfx_gpiote_trigger_enable
 .text.nrfx_gpiote_0_irq_handler
                0x0000000000004a08      0x154 modules/hal_nordic/modules/hal_nordic/nrfx/libmodules__hal_nordic__nrfx.a(nrfx_gpiote.c.obj)
                0x0000000000004a08                nrfx_gpiote_0_irq_handler
 .text.nrf_gpio_cfg_output
                0x0000000000004b5c       0x2c modules/hal_nordic/modules/hal_nordic/nrfx/libmodules__hal_nordic__nrfx.a(nrfx_spi.c.obj)
 .text.spi_configure
                0x0000000000004b88      0x120 modules/hal_nordic/modules/hal_nordic/nrfx/libmodules__hal_nordic__nrfx.a(nrfx_spi.c.obj)
 .text.nrf_gpio_cfg_default
                0x0000000000004ca8       0x2c modules/hal_nordic/modules/hal_nordic/nrfx/libmodules__hal_nordic__nrfx.a(nrfx_spi.c.obj)
 .text.nrfx_spi_init
                0x0000000000004cd4       0x68 modules/hal_nordic/modules/hal_nordic/nrfx/libmodules__hal_nordic__nrfx.a(nrfx_spi.c.obj)
                0x0000000000004cd4                nrfx_spi_init
 .text.nrfx_spi_uninit
                0x0000000000004d3c       0x70 modules/hal_nordic/modules/hal_nordic/nrfx/libmodules__hal_nordic__nrfx.a(nrfx_spi.c.obj)
                0x0000000000004d3c                nrfx_spi_uninit
 .text.nrfx_spi_xfer
                0x0000000000004dac       0xfc modules/hal_nordic/modules/hal_nordic/nrfx/libmodules__hal_nordic__nrfx.a(nrfx_spi.c.obj)
                0x0000000000004dac                nrfx_spi_xfer
 .text.nrfx_spi_1_irq_handler
                0x0000000000004ea8       0x40 modules/hal_nordic/modules/hal_nordic/nrfx/libmodules__hal_nordic__nrfx.a(nrfx_spi.c.obj)
                0x0000000000004ea8                nrfx_spi_1_irq_handler
 .text.k_sys_fatal_error_handler
                0x0000000000004ee8       0x20 zephyr/kernel/libkernel.a(fatal.c.obj)
                0x0000000000004ee8                k_sys_fatal_error_handler
 .text.z_fatal_error
                0x0000000000004f08       0xe8 zephyr/kernel/libkernel.a(fatal.c.obj)
                0x0000000000004f08                z_fatal_error
 .text.z_sys_init_run_level
                0x0000000000004ff0       0x30 zephyr/kernel/libkernel.a(init.c.obj)
 .text.bg_thread_main
                0x0000000000005020       0xc0 zephyr/kernel/libkernel.a(init.c.obj)
 .text.z_bss_zero
                0x00000000000050e0       0x18 zephyr/kernel/libkernel.a(init.c.obj)
                0x00000000000050e0                z_bss_zero
 .text.z_init_cpu
                0x00000000000050f8       0x68 zephyr/kernel/libkernel.a(init.c.obj)
                0x00000000000050f8                z_init_cpu
 .text.z_cstart
                0x0000000000005160       0xd4 zephyr/kernel/libkernel.a(init.c.obj)
                0x0000000000005160                z_cstart
 .text.z_impl_k_mutex_lock
                0x0000000000005234       0xf0 zephyr/kernel/libkernel.a(mutex.c.obj)
                0x0000000000005234                z_impl_k_mutex_lock
 .text.z_impl_k_mutex_unlock
                0x0000000000005324       0xa0 zephyr/kernel/libkernel.a(mutex.c.obj)
                0x0000000000005324                z_impl_k_mutex_unlock
 .text.z_impl_k_sem_give
                0x00000000000053c4       0x68 zephyr/kernel/libkernel.a(sem.c.obj)
                0x00000000000053c4                z_impl_k_sem_give
 .text.z_impl_k_sem_take
                0x000000000000542c       0x4c zephyr/kernel/libkernel.a(sem.c.obj)
                0x000000000000542c                z_impl_k_sem_take
 .text.z_impl_k_sem_reset
                0x0000000000005478       0x74 zephyr/kernel/libkernel.a(sem.c.obj)
                0x0000000000005478                z_impl_k_sem_reset
 .text.work_queue_main
                0x00000000000054ec      0x14c zephyr/kernel/libkernel.a(work.c.obj)
 .text.submit_to_queue_locked
                0x0000000000005638       0xb8 zephyr/kernel/libkernel.a(work.c.obj)
 .text.k_work_submit
                0x00000000000056f0        0xc zephyr/kernel/libkernel.a(work.c.obj)
                0x00000000000056f0                k_work_submit
 .text.k_work_queue_start
                0x00000000000056fc       0x80 zephyr/kernel/libkernel.a(work.c.obj)
                0x00000000000056fc                k_work_queue_start
 .text.z_setup_new_thread
                0x000000000000577c       0x7c zephyr/kernel/libkernel.a(thread.c.obj)
                0x000000000000577c                z_setup_new_thread
 .text.z_impl_k_thread_create
                0x00000000000057f8       0x58 zephyr/kernel/libkernel.a(thread.c.obj)
                0x00000000000057f8                z_impl_k_thread_create
 .text.z_dummy_thread_init
                0x0000000000005850       0x18 zephyr/kernel/libkernel.a(thread.c.obj)
                0x0000000000005850                z_dummy_thread_init
 .text.z_swap_irqlock
                0x0000000000005868       0x30 zephyr/kernel/libkernel.a(sched.c.obj)
 .text.ready_thread
                0x0000000000005898       0x84 zephyr/kernel/libkernel.a(sched.c.obj)
 .text.unready_thread
                0x000000000000591c       0x54 zephyr/kernel/libkernel.a(sched.c.obj)
 .text.add_thread_timeout
                0x0000000000005970       0x1c zephyr/kernel/libkernel.a(sched.c.obj)
 .text.move_thread_to_end_of_prio_q
                0x000000000000598c       0x90 zephyr/kernel/libkernel.a(sched.c.obj)
                0x000000000000598c                move_thread_to_end_of_prio_q
 .text.z_pend_curr
                0x0000000000005a1c       0x44 zephyr/kernel/libkernel.a(sched.c.obj)
                0x0000000000005a1c                z_pend_curr
 .text.z_thread_prio_set
                0x0000000000005a60       0xe4 zephyr/kernel/libkernel.a(sched.c.obj)
                0x0000000000005a60                z_thread_prio_set
 .text.z_reschedule
                0x0000000000005b44       0x24 zephyr/kernel/libkernel.a(sched.c.obj)
                0x0000000000005b44                z_reschedule
 .text.z_reschedule_irqlock
                0x0000000000005b68       0x28 zephyr/kernel/libkernel.a(sched.c.obj)
                0x0000000000005b68                z_reschedule_irqlock
 .text.k_sched_lock
                0x0000000000005b90       0x28 zephyr/kernel/libkernel.a(sched.c.obj)
                0x0000000000005b90                k_sched_lock
 .text.k_sched_unlock
                0x0000000000005bb8       0x68 zephyr/kernel/libkernel.a(sched.c.obj)
                0x0000000000005bb8                k_sched_unlock
 .text.z_sched_init
                0x0000000000005c20       0x10 zephyr/kernel/libkernel.a(sched.c.obj)
                0x0000000000005c20                z_sched_init
 .text.z_impl_k_yield
                0x0000000000005c30       0x88 zephyr/kernel/libkernel.a(sched.c.obj)
                0x0000000000005c30                z_impl_k_yield
 .text.z_tick_sleep
                0x0000000000005cb8       0x78 zephyr/kernel/libkernel.a(sched.c.obj)
 .text.z_impl_k_usleep
                0x0000000000005d30       0x3c zephyr/kernel/libkernel.a(sched.c.obj)
                0x0000000000005d30                z_impl_k_usleep
 .text.z_impl_k_wakeup
                0x0000000000005d6c       0x48 zephyr/kernel/libkernel.a(sched.c.obj)
                0x0000000000005d6c                z_impl_k_wakeup
 .text.z_impl_k_sched_current_thread_query
                0x0000000000005db4        0xc zephyr/kernel/libkernel.a(sched.c.obj)
                0x0000000000005db4                z_impl_k_sched_current_thread_query
 .text.z_thread_abort
                0x0000000000005dc0      0x138 zephyr/kernel/libkernel.a(sched.c.obj)
                0x0000000000005dc0                z_thread_abort
 .text.z_sched_wait
                0x0000000000005ef8       0x24 zephyr/kernel/libkernel.a(sched.c.obj)
                0x0000000000005ef8                z_sched_wait
 .text.slice_timeout
                0x0000000000005f1c       0x20 zephyr/kernel/libkernel.a(timeslicing.c.obj)
 .text.thread_is_sliceable
                0x0000000000005f3c       0x3c zephyr/kernel/libkernel.a(timeslicing.c.obj)
                0x0000000000005f3c                thread_is_sliceable
 .text.z_reset_time_slice
                0x0000000000005f78       0x50 zephyr/kernel/libkernel.a(timeslicing.c.obj)
                0x0000000000005f78                z_reset_time_slice
 .text.z_time_slice
                0x0000000000005fc8       0x60 zephyr/kernel/libkernel.a(timeslicing.c.obj)
                0x0000000000005fc8                z_time_slice
 .text.z_data_copy
                0x0000000000006028       0x38 zephyr/kernel/libkernel.a(xip.c.obj)
                0x0000000000006028                z_data_copy
 .text.first    0x0000000000006060       0x10 zephyr/kernel/libkernel.a(timeout.c.obj)
 .text.elapsed  0x0000000000006070       0x14 zephyr/kernel/libkernel.a(timeout.c.obj)
 .text.remove_timeout
                0x0000000000006084       0x38 zephyr/kernel/libkernel.a(timeout.c.obj)
 .text.z_add_timeout
                0x00000000000060bc      0x124 zephyr/kernel/libkernel.a(timeout.c.obj)
                0x00000000000060bc                z_add_timeout
 .text.sys_clock_announce
                0x00000000000061e0       0xc0 zephyr/kernel/libkernel.a(timeout.c.obj)
                0x00000000000061e0                sys_clock_announce
 .text.sys_clock_tick_get
                0x00000000000062a0       0x30 zephyr/kernel/libkernel.a(timeout.c.obj)
                0x00000000000062a0                sys_clock_tick_get
 .text.z_timer_expiration_handler
                0x00000000000062d0       0xe0 zephyr/kernel/libkernel.a(timer.c.obj)
                0x00000000000062d0                z_timer_expiration_handler
 .text.z_impl_k_timer_start
                0x00000000000063b0       0x74 zephyr/kernel/libkernel.a(timer.c.obj)
                0x00000000000063b0                z_impl_k_timer_start
 .text.k_sys_work_q_init
                0x0000000000006424       0x2c zephyr/kernel/libkernel.a(system_work_q.c.obj)
 .text.snprintf
                0x0000000000006450       0x58 /home/anders/ncs/toolchains/c5be9c56c7/opt/zephyr-sdk/arm-zephyr-eabi/bin/../lib/gcc/../../picolibc/arm-zephyr-eabi/lib/thumb/v7e-m/nofp/libc.a(libc_tinystdio_snprintf.c.o)
                0x0000000000006450                snprintf
 .text.__l_vfprintf
                0x00000000000064a8      0x4b8 /home/anders/ncs/toolchains/c5be9c56c7/opt/zephyr-sdk/arm-zephyr-eabi/bin/../lib/gcc/../../picolibc/arm-zephyr-eabi/lib/thumb/v7e-m/nofp/libc.a(libc_tinystdio_vflprintf.c.o)
                0x00000000000064a8                __l_vfprintf
 .text._OffsetAbsSyms
                0x0000000000006960        0x2 zephyr/CMakeFiles/offsets.dir/./arch/arm/core/offsets/offsets.c.obj
                0x0000000000006960                _OffsetAbsSyms
 .text.k_usleep.isra.0
                0x0000000000006962        0x4 app/libapp.a(led.c.obj)
 .text.led_fast_blink
                0x0000000000006966       0x22 app/libapp.a(led.c.obj)
                0x0000000000006966                led_fast_blink
 .text.z_log_msg_simple_create_0
                0x0000000000006988        0x4 app/libapp.a(mt29f_nand.c.obj)
 .text.z_log_msg_simple_create_1.constprop.0
                0x000000000000698c        0xa app/libapp.a(mt29f_nand.c.obj)
 .text.spi_nand_get_feature
                0x0000000000006996       0x34 app/libapp.a(mt29f_nand.c.obj)
 .text.spi_nand_wait_until_ready.isra.0
                0x00000000000069ca       0x22 app/libapp.a(mt29f_nand.c.obj)
 .text.spi_nand_set_feature
                0x00000000000069ec       0x2c app/libapp.a(mt29f_nand.c.obj)
 .text.spi_nand_write_enable.isra.0
                0x0000000000006a18       0x22 app/libapp.a(mt29f_nand.c.obj)
 .text.chunk_field
                0x0000000000006a3a       0x16 zephyr/libzephyr.a(heap.c.obj)
 .text.chunk_set
                0x0000000000006a50       0x16 zephyr/libzephyr.a(heap.c.obj)
 .text.chunk_size
                0x0000000000006a66        0xc zephyr/libzephyr.a(heap.c.obj)
 .text.set_chunk_used
                0x0000000000006a72       0x30 zephyr/libzephyr.a(heap.c.obj)
 .text.set_chunk_size
                0x0000000000006aa2        0x8 zephyr/libzephyr.a(heap.c.obj)
 .text.bucket_idx.isra.0
                0x0000000000006aaa       0x1c zephyr/libzephyr.a(heap.c.obj)
 .text.free_list_add
                0x0000000000006ac6       0x84 zephyr/libzephyr.a(heap.c.obj)
 .text.sys_heap_init
                0x0000000000006b4a       0xb0 zephyr/libzephyr.a(heap.c.obj)
                0x0000000000006b4a                sys_heap_init
 .text.cbpprintf_external
                0x0000000000006bfa       0x62 zephyr/libzephyr.a(cbprintf_packaged.c.obj)
                0x0000000000006bfa                cbpprintf_external
 .text.is_ptr   0x0000000000006c5c       0x4a zephyr/libzephyr.a(cbprintf_packaged.c.obj)
                0x0000000000006c5c                is_ptr
 .text.arch_printk_char_out
                0x0000000000006ca6        0x4 zephyr/libzephyr.a(printk.c.obj)
                0x0000000000006ca6                arch_printk_char_out
 .text.printk   0x0000000000006caa       0x1a zephyr/libzephyr.a(printk.c.obj)
                0x0000000000006caa                printk
 .text.free_space
                0x0000000000006cc4       0x26 zephyr/libzephyr.a(mpsc_pbuf.c.obj)
 .text.get_usage
                0x0000000000006cea       0x22 zephyr/libzephyr.a(mpsc_pbuf.c.obj)
 .text.idx_inc  0x0000000000006d0c       0x1c zephyr/libzephyr.a(mpsc_pbuf.c.obj)
 .text.rd_idx_inc
                0x0000000000006d28       0x18 zephyr/libzephyr.a(mpsc_pbuf.c.obj)
 .text.add_skip_item
                0x0000000000006d40       0x3a zephyr/libzephyr.a(mpsc_pbuf.c.obj)
 .text.drop_item_locked
                0x0000000000006d7a      0x100 zephyr/libzephyr.a(mpsc_pbuf.c.obj)
 .text.post_drop_action
                0x0000000000006e7a       0x36 zephyr/libzephyr.a(mpsc_pbuf.c.obj)
 .text.max_utilization_update
                0x0000000000006eb0       0x1a zephyr/libzephyr.a(mpsc_pbuf.c.obj)
 .text.mpsc_pbuf_init
                0x0000000000006eca       0x42 zephyr/libzephyr.a(mpsc_pbuf.c.obj)
                0x0000000000006eca                mpsc_pbuf_init
 .text.mpsc_pbuf_alloc
                0x0000000000006f0c       0xfe zephyr/libzephyr.a(mpsc_pbuf.c.obj)
                0x0000000000006f0c                mpsc_pbuf_alloc
 .text.mpsc_pbuf_commit
                0x000000000000700a       0x3e zephyr/libzephyr.a(mpsc_pbuf.c.obj)
                0x000000000000700a                mpsc_pbuf_commit
 .text.mpsc_pbuf_claim
                0x0000000000007048       0xa8 zephyr/libzephyr.a(mpsc_pbuf.c.obj)
                0x0000000000007048                mpsc_pbuf_claim
 .text.mpsc_pbuf_free
                0x00000000000070f0       0x76 zephyr/libzephyr.a(mpsc_pbuf.c.obj)
                0x00000000000070f0                mpsc_pbuf_free
 .text.mpsc_pbuf_is_pending
                0x0000000000007166       0x32 zephyr/libzephyr.a(mpsc_pbuf.c.obj)
                0x0000000000007166                mpsc_pbuf_is_pending
 .text.process_recheck
                0x0000000000007198       0x38 zephyr/libzephyr.a(onoff.c.obj)
 .text.validate_args
                0x00000000000071d0       0x20 zephyr/libzephyr.a(onoff.c.obj)
 .text.notify_one
                0x00000000000071f0       0x2c zephyr/libzephyr.a(onoff.c.obj)
 .text.transition_complete
                0x000000000000721c       0x1a zephyr/libzephyr.a(onoff.c.obj)
 .text.onoff_manager_init
                0x0000000000007236       0x26 zephyr/libzephyr.a(onoff.c.obj)
                0x0000000000007236                onoff_manager_init
 .text.onoff_request
                0x000000000000725c       0xae zephyr/libzephyr.a(onoff.c.obj)
                0x000000000000725c                onoff_request
 .text.onoff_release
                0x000000000000730a       0x48 zephyr/libzephyr.a(onoff.c.obj)
                0x000000000000730a                onoff_release
 .text.sys_notify_validate
                0x0000000000007352       0x22 zephyr/libzephyr.a(notify.c.obj)
                0x0000000000007352                sys_notify_validate
 .text.sys_notify_finalize
                0x0000000000007374       0x1a zephyr/libzephyr.a(notify.c.obj)
                0x0000000000007374                sys_notify_finalize
 .text._ConfigAbsSyms
                0x000000000000738e        0x2 zephyr/libzephyr.a(configs.c.obj)
                0x000000000000738e                _ConfigAbsSyms
 .text.log_msg_generic_get_wlen
                0x0000000000007390       0x20 zephyr/libzephyr.a(log_core.c.obj)
 .text.dummy_timestamp
                0x00000000000073b0        0x4 zephyr/libzephyr.a(log_core.c.obj)
 .text.default_get_timestamp
                0x00000000000073b4        0x4 zephyr/libzephyr.a(log_core.c.obj)
 .text.atomic_inc
                0x00000000000073b8       0x1a zephyr/libzephyr.a(log_core.c.obj)
 .text.z_log_vprintk
                0x00000000000073d2       0x1c zephyr/libzephyr.a(log_core.c.obj)
                0x00000000000073d2                z_log_vprintk
 .text.z_log_notify_drop
                0x00000000000073ee        0x6 zephyr/libzephyr.a(log_core.c.obj)
 .text.z_log_get_tag
                0x00000000000073f4        0x4 zephyr/libzephyr.a(log_core.c.obj)
                0x00000000000073f4                z_log_get_tag
 .text.log_backend_enable
                0x00000000000073f8       0x12 zephyr/libzephyr.a(log_mgmt.c.obj)
                0x00000000000073f8                log_backend_enable
 .text.z_cbprintf_cpy
                0x000000000000740a       0x2c zephyr/libzephyr.a(log_msg.c.obj)
 .text.z_log_msg_finalize
                0x0000000000007436       0x32 zephyr/libzephyr.a(log_msg.c.obj)
                0x0000000000007436                z_log_msg_finalize
 .text.z_log_msg_simple_create
                0x0000000000007468       0x6e zephyr/libzephyr.a(log_msg.c.obj)
 .text.z_impl_z_log_msg_simple_create_0
                0x00000000000074d6       0x12 zephyr/libzephyr.a(log_msg.c.obj)
                0x00000000000074d6                z_impl_z_log_msg_simple_create_0
 .text.z_impl_z_log_msg_simple_create_1
                0x00000000000074e8       0x14 zephyr/libzephyr.a(log_msg.c.obj)
                0x00000000000074e8                z_impl_z_log_msg_simple_create_1
 .text.log_output_write
                0x00000000000074fc       0x1c zephyr/libzephyr.a(log_output.c.obj)
 .text.log_output_flush
                0x0000000000007518       0x1a zephyr/libzephyr.a(log_output.c.obj)
 .text.out_func
                0x0000000000007532       0x36 zephyr/libzephyr.a(log_output.c.obj)
 .text.cr_out_func
                0x0000000000007568       0x1c zephyr/libzephyr.a(log_output.c.obj)
 .text.log_output_msg_process
                0x0000000000007584       0x6a zephyr/libzephyr.a(log_output.c.obj)
                0x0000000000007584                log_output_msg_process
 .text.format_set
                0x00000000000075ee        0xc zephyr/libzephyr.a(log_backend_uart.c.obj)
 .text.log_backend_uart_init
                0x00000000000075fa        0xc zephyr/libzephyr.a(log_backend_uart.c.obj)
 .text.panic    0x0000000000007606       0x32 zephyr/libzephyr.a(log_backend_uart.c.obj)
 .text.dropped  0x0000000000007638        0xa zephyr/libzephyr.a(log_backend_uart.c.obj)
 .text.process  0x0000000000007642       0x1e zephyr/libzephyr.a(log_backend_uart.c.obj)
 .text.z_do_kernel_oops
                0x0000000000007660        0x8 zephyr/arch/arch/arm/core/libarch__arm__core.a(fatal.c.obj)
                0x0000000000007660                z_do_kernel_oops
 .text.z_arm_nmi
                0x0000000000007668        0xe zephyr/arch/arch/arm/core/libarch__arm__core.a(nmi.c.obj)
                0x0000000000007668                z_arm_nmi
 .text.z_log_msg_simple_create_0.constprop.0
                0x0000000000007676        0x8 zephyr/arch/arch/arm/core/cortex_m/libarch__arm__core__cortex_m.a(fault.c.obj)
 .text.z_irq_spurious
                0x000000000000767e        0x8 zephyr/arch/arch/arm/core/cortex_m/libarch__arm__core__cortex_m.a(irq_manage.c.obj)
                0x000000000000767e                z_irq_spurious
 .text.arch_irq_unlock_outlined
                0x0000000000007686        0xe zephyr/arch/arch/arm/core/cortex_m/libarch__arm__core__cortex_m.a(thread.c.obj)
                0x0000000000007686                arch_irq_unlock_outlined
 .text.arch_cpu_idle
                0x0000000000007694       0x1a zephyr/arch/arch/arm/core/cortex_m/libarch__arm__core__cortex_m.a(cpu_idle.c.obj)
                0x0000000000007694                arch_cpu_idle
 .text.arch_cpu_atomic_idle
                0x00000000000076ae       0x1e zephyr/arch/arch/arm/core/cortex_m/libarch__arm__core__cortex_m.a(cpu_idle.c.obj)
                0x00000000000076ae                arch_cpu_atomic_idle
 .text.size_to_mpu_rasr_size
                0x00000000000076cc       0x20 zephyr/arch/arch/arm/core/mpu/libarch__arm__core__mpu.a(arm_mpu.c.obj)
 .text.cbputc   0x00000000000076ec        0xc zephyr/lib/libc/picolibc/liblib__libc__picolibc.a(cbprintf.c.obj)
 .text.picolibc_put
                0x00000000000076f8        0xa zephyr/lib/libc/picolibc/liblib__libc__picolibc.a(stdio.c.obj)
 .text.get_status
                0x0000000000007702       0x12 zephyr/drivers/clock_control/libdrivers__clock_control.a(clock_control_nrf.c.obj)
 .text.stop     0x0000000000007714       0x50 zephyr/drivers/clock_control/libdrivers__clock_control.a(clock_control_nrf.c.obj)
 .text.api_stop
                0x0000000000007764        0x6 zephyr/drivers/clock_control/libdrivers__clock_control.a(clock_control_nrf.c.obj)
 .text.async_start
                0x000000000000776a       0x5a zephyr/drivers/clock_control/libdrivers__clock_control.a(clock_control_nrf.c.obj)
 .text.api_start
                0x00000000000077c4        0xe zephyr/drivers/clock_control/libdrivers__clock_control.a(clock_control_nrf.c.obj)
 .text.onoff_started_callback
                0x00000000000077d2       0x12 zephyr/drivers/clock_control/libdrivers__clock_control.a(clock_control_nrf.c.obj)
 .text.blocking_start_callback
                0x00000000000077e4        0x6 zephyr/drivers/clock_control/libdrivers__clock_control.a(clock_control_nrf.c.obj)
 .text.lfclk_stop
                0x00000000000077ea       0x10 zephyr/drivers/clock_control/libdrivers__clock_control.a(clock_control_nrf.c.obj)
 .text.timeout_handler
                0x00000000000077fa        0x4 zephyr/drivers/clock_control/libdrivers__clock_control.a(nrf_clock_calibration.c.obj)
 .text.gpio_nrfx_port_get_raw
                0x00000000000077fe        0xe zephyr/drivers/gpio/libdrivers__gpio.a(gpio_nrfx.c.obj)
 .text.gpio_nrfx_port_set_masked_raw
                0x000000000000780c       0x18 zephyr/drivers/gpio/libdrivers__gpio.a(gpio_nrfx.c.obj)
 .text.gpio_nrfx_port_set_bits_raw
                0x0000000000007824        0xc zephyr/drivers/gpio/libdrivers__gpio.a(gpio_nrfx.c.obj)
 .text.gpio_nrfx_port_clear_bits_raw
                0x0000000000007830        0xc zephyr/drivers/gpio/libdrivers__gpio.a(gpio_nrfx.c.obj)
 .text.gpio_nrfx_port_toggle_bits
                0x000000000000783c       0x1a zephyr/drivers/gpio/libdrivers__gpio.a(gpio_nrfx.c.obj)
 .text.gpio_nrfx_manage_callback
                0x0000000000007856       0x52 zephyr/drivers/gpio/libdrivers__gpio.a(gpio_nrfx.c.obj)
 .text.pinctrl_lookup_state
                0x00000000000078a8       0x26 zephyr/drivers/pinctrl/libdrivers__pinctrl.a(common.c.obj)
                0x00000000000078a8                pinctrl_lookup_state
 .text.z_log_msg_simple_create_0
                0x00000000000078ce        0x4 zephyr/drivers/spi/libdrivers__spi.a(spi_nrfx_spi.c.obj)
 .text.irq_connect1
                0x00000000000078d2        0xa zephyr/drivers/spi/libdrivers__spi.a(spi_nrfx_spi.c.obj)
 .text.spi_context_get_next_buf.constprop.0
                0x00000000000078dc       0x26 zephyr/drivers/spi/libdrivers__spi.a(spi_nrfx_spi.c.obj)
 .text.gpio_pin_set_dt.isra.0
                0x0000000000007902       0x28 zephyr/drivers/spi/libdrivers__spi.a(spi_nrfx_spi.c.obj)
 .text.spi_context_unlock_unconditionally
                0x000000000000792a       0x30 zephyr/drivers/spi/libdrivers__spi.a(spi_nrfx_spi.c.obj)
 .text.spi_nrfx_release
                0x000000000000795a       0x24 zephyr/drivers/spi/libdrivers__spi.a(spi_nrfx_spi.c.obj)
 .text.event_clear
                0x000000000000797e       0x18 zephyr/drivers/timer/libdrivers__timer.a(nrf_rtc_timer.c.obj)
 .text.sys_clock_cycle_get_32
                0x0000000000007996        0x8 zephyr/drivers/timer/libdrivers__timer.a(nrf_rtc_timer.c.obj)
                0x0000000000007996                sys_clock_cycle_get_32
 .text.nrf52_errata_12
                0x000000000000799e       0x1c modules/hal_nordic/modules/hal_nordic/nrfx/libmodules__hal_nordic__nrfx.a(system_nrf52.c.obj)
 .text.nrfx_isr
                0x00000000000079ba        0x2 modules/hal_nordic/modules/hal_nordic/nrfx/libmodules__hal_nordic__nrfx.a(nrfx_glue.c.obj)
                0x00000000000079ba                nrfx_isr
 .text.nrfx_busy_wait
                0x00000000000079bc        0x4 modules/hal_nordic/modules/hal_nordic/nrfx/libmodules__hal_nordic__nrfx.a(nrfx_glue.c.obj)
                0x00000000000079bc                nrfx_busy_wait
 .text.nrfx_clock_stop
                0x00000000000079c0        0x4 modules/hal_nordic/modules/hal_nordic/nrfx/libmodules__hal_nordic__nrfx.a(nrfx_clock.c.obj)
                0x00000000000079c0                nrfx_clock_stop
 .text.nrf_gpio_pin_port_decode
                0x00000000000079c4       0x14 modules/hal_nordic/modules/hal_nordic/nrfx/libmodules__hal_nordic__nrfx.a(nrfx_gpiote.c.obj)
 .text.nrf_gpio_reconfigure
                0x00000000000079d8       0x92 modules/hal_nordic/modules/hal_nordic/nrfx/libmodules__hal_nordic__nrfx.a(nrfx_gpiote.c.obj)
 .text.nrf_gpio_cfg_sense_set
                0x0000000000007a6a       0x1e modules/hal_nordic/modules/hal_nordic/nrfx/libmodules__hal_nordic__nrfx.a(nrfx_gpiote.c.obj)
 .text.latch_pending_read_and_check
                0x0000000000007a88       0x1c modules/hal_nordic/modules/hal_nordic/nrfx/libmodules__hal_nordic__nrfx.a(nrfx_gpiote.c.obj)
 .text.nrfx_gpiote_pin_uninit
                0x0000000000007aa4        0x4 modules/hal_nordic/modules/hal_nordic/nrfx/libmodules__hal_nordic__nrfx.a(nrfx_gpiote.c.obj)
                0x0000000000007aa4                nrfx_gpiote_pin_uninit
 .text.nrfx_gpiote_trigger_disable
                0x0000000000007aa8        0x4 modules/hal_nordic/modules/hal_nordic/nrfx/libmodules__hal_nordic__nrfx.a(nrfx_gpiote.c.obj)
                0x0000000000007aa8                nrfx_gpiote_trigger_disable
 .text.nrfx_gpiote_in_event_get
                0x0000000000007aac        0x6 modules/hal_nordic/modules/hal_nordic/nrfx/libmodules__hal_nordic__nrfx.a(nrfx_gpiote.c.obj)
                0x0000000000007aac                nrfx_gpiote_in_event_get
 .text.nrf_gpio_pin_port_decode
                0x0000000000007ab2       0x14 modules/hal_nordic/modules/hal_nordic/nrfx/libmodules__hal_nordic__nrfx.a(nrfx_spi.c.obj)
 .text.nrf_gpio_pin_set
                0x0000000000007ac6       0x1a modules/hal_nordic/modules/hal_nordic/nrfx/libmodules__hal_nordic__nrfx.a(nrfx_spi.c.obj)
 .text.nrf_gpio_pin_clear
                0x0000000000007ae0       0x1a modules/hal_nordic/modules/hal_nordic/nrfx/libmodules__hal_nordic__nrfx.a(nrfx_spi.c.obj)
 .text.transfer_byte
                0x0000000000007afa       0x66 modules/hal_nordic/modules/hal_nordic/nrfx/libmodules__hal_nordic__nrfx.a(nrfx_spi.c.obj)
 .text.z_impl_k_busy_wait
                0x0000000000007b60        0x8 zephyr/kernel/libkernel.a(busy_wait.c.obj)
                0x0000000000007b60                z_impl_k_busy_wait
 .text.z_device_state_init
                0x0000000000007b68        0x2 zephyr/kernel/libkernel.a(device.c.obj)
                0x0000000000007b68                z_device_state_init
 .text.z_impl_device_is_ready
                0x0000000000007b6a       0x16 zephyr/kernel/libkernel.a(device.c.obj)
                0x0000000000007b6a                z_impl_device_is_ready
 .text.arch_system_halt
                0x0000000000007b80       0x10 zephyr/kernel/libkernel.a(fatal.c.obj)
                0x0000000000007b80                arch_system_halt
 .text.do_device_init
                0x0000000000007b90       0x2e zephyr/kernel/libkernel.a(init.c.obj)
 .text.z_early_memset
                0x0000000000007bbe        0x4 zephyr/kernel/libkernel.a(init.c.obj)
                0x0000000000007bbe                z_early_memset
 .text.z_early_memcpy
                0x0000000000007bc2        0x4 zephyr/kernel/libkernel.a(init.c.obj)
                0x0000000000007bc2                z_early_memcpy
 .text.idle     0x0000000000007bc6       0x16 zephyr/kernel/libkernel.a(idle.c.obj)
                0x0000000000007bc6                idle
 .text.adjust_owner_prio.isra.0
                0x0000000000007bdc       0x10 zephyr/kernel/libkernel.a(mutex.c.obj)
 .text.z_impl_k_mutex_init
                0x0000000000007bec        0xe zephyr/kernel/libkernel.a(mutex.c.obj)
                0x0000000000007bec                z_impl_k_mutex_init
 .text.z_impl_k_sem_init
                0x0000000000007bfa       0x18 zephyr/kernel/libkernel.a(sem.c.obj)
                0x0000000000007bfa                z_impl_k_sem_init
 .text.flag_test_and_clear
                0x0000000000007c12       0x16 zephyr/kernel/libkernel.a(work.c.obj)
 .text.notify_queue_locked.isra.0
                0x0000000000007c28        0xe zephyr/kernel/libkernel.a(work.c.obj)
 .text.z_work_submit_to_queue
                0x0000000000007c36       0x26 zephyr/kernel/libkernel.a(work.c.obj)
                0x0000000000007c36                z_work_submit_to_queue
 .text.k_work_submit_to_queue
                0x0000000000007c5c       0x20 zephyr/kernel/libkernel.a(work.c.obj)
                0x0000000000007c5c                k_work_submit_to_queue
 .text.k_is_in_isr
                0x0000000000007c7c        0xc zephyr/kernel/libkernel.a(thread.c.obj)
                0x0000000000007c7c                k_is_in_isr
 .text.z_impl_k_thread_name_set
                0x0000000000007c88        0x6 zephyr/kernel/libkernel.a(thread.c.obj)
                0x0000000000007c88                z_impl_k_thread_name_set
 .text.k_thread_name_get
                0x0000000000007c8e        0x4 zephyr/kernel/libkernel.a(thread.c.obj)
                0x0000000000007c8e                k_thread_name_get
 .text.sys_dlist_remove
                0x0000000000007c92       0x10 zephyr/kernel/libkernel.a(sched.c.obj)
 .text.unpend_thread_no_timeout
                0x0000000000007ca2       0x14 zephyr/kernel/libkernel.a(sched.c.obj)
 .text.add_to_waitq_locked
                0x0000000000007cb6       0x50 zephyr/kernel/libkernel.a(sched.c.obj)
 .text.z_ready_thread
                0x0000000000007d06       0x1e zephyr/kernel/libkernel.a(sched.c.obj)
                0x0000000000007d06                z_ready_thread
 .text.z_unpend_thread_no_timeout
                0x0000000000007d24       0x22 zephyr/kernel/libkernel.a(sched.c.obj)
                0x0000000000007d24                z_unpend_thread_no_timeout
 .text.z_sched_wake_thread
                0x0000000000007d46       0x3a zephyr/kernel/libkernel.a(sched.c.obj)
                0x0000000000007d46                z_sched_wake_thread
 .text.z_thread_timeout
                0x0000000000007d80        0x8 zephyr/kernel/libkernel.a(sched.c.obj)
                0x0000000000007d80                z_thread_timeout
 .text.z_unpend1_no_timeout
                0x0000000000007d88       0x2c zephyr/kernel/libkernel.a(sched.c.obj)
                0x0000000000007d88                z_unpend1_no_timeout
 .text.z_impl_k_sleep
                0x0000000000007db4       0x4e zephyr/kernel/libkernel.a(sched.c.obj)
                0x0000000000007db4                z_impl_k_sleep
 .text.z_sched_wake
                0x0000000000007e02       0x44 zephyr/kernel/libkernel.a(sched.c.obj)
                0x0000000000007e02                z_sched_wake
 .text.next_timeout
                0x0000000000007e46       0x2e zephyr/kernel/libkernel.a(timeout.c.obj)
 .text.z_abort_timeout
                0x0000000000007e74       0x50 zephyr/kernel/libkernel.a(timeout.c.obj)
                0x0000000000007e74                z_abort_timeout
 .text.sys_clock_tick_get_32
                0x0000000000007ec4        0x8 zephyr/kernel/libkernel.a(timeout.c.obj)
                0x0000000000007ec4                sys_clock_tick_get_32
 .text.z_impl_k_uptime_ticks
                0x0000000000007ecc        0x4 zephyr/kernel/libkernel.a(timeout.c.obj)
                0x0000000000007ecc                z_impl_k_uptime_ticks
 .text.k_timer_init
                0x0000000000007ed0       0x18 zephyr/kernel/libkernel.a(timer.c.obj)
                0x0000000000007ed0                k_timer_init
 .text.z_impl_k_timer_stop
                0x0000000000007ee8       0x38 zephyr/kernel/libkernel.a(timer.c.obj)
                0x0000000000007ee8                z_impl_k_timer_stop
 .text.memcpy   0x0000000000007f20       0x1c /home/anders/ncs/toolchains/c5be9c56c7/opt/zephyr-sdk/arm-zephyr-eabi/bin/../lib/gcc/../../picolibc/arm-zephyr-eabi/lib/thumb/v7e-m/nofp/libc.a(memcpy.c.o)
                0x0000000000007f20                memcpy
                0x0000000000007f20                __aeabi_memcpy
                0x0000000000007f20                __aeabi_memcpy4
                0x0000000000007f20                __aeabi_memcpy8
 .text.memset   0x0000000000007f3c       0x10 /home/anders/ncs/toolchains/c5be9c56c7/opt/zephyr-sdk/arm-zephyr-eabi/bin/../lib/gcc/../../picolibc/arm-zephyr-eabi/lib/thumb/v7e-m/nofp/libc.a(memset.c.o)
                0x0000000000007f3c                memset
 .text.memcmp   0x0000000000007f4c       0x20 /home/anders/ncs/toolchains/c5be9c56c7/opt/zephyr-sdk/arm-zephyr-eabi/bin/../lib/gcc/../../picolibc/arm-zephyr-eabi/lib/thumb/v7e-m/nofp/libc.a(libc_string_memcmp.c.o)
                0x0000000000007f4c                memcmp
 .text.strnlen  0x0000000000007f6c       0x18 /home/anders/ncs/toolchains/c5be9c56c7/opt/zephyr-sdk/arm-zephyr-eabi/bin/../lib/gcc/../../picolibc/arm-zephyr-eabi/lib/thumb/v7e-m/nofp/libc.a(libc_string_strnlen.c.o)
                0x0000000000007f6c                strnlen
 .text.__ultoa_invert
                0x0000000000007f84       0xae /home/anders/ncs/toolchains/c5be9c56c7/opt/zephyr-sdk/arm-zephyr-eabi/bin/../lib/gcc/../../picolibc/arm-zephyr-eabi/lib/thumb/v7e-m/nofp/libc.a(libc_tinystdio_vflprintf.c.o)
 .text.__file_str_put
                0x0000000000008032       0x10 /home/anders/ncs/toolchains/c5be9c56c7/opt/zephyr-sdk/arm-zephyr-eabi/bin/../lib/gcc/../../picolibc/arm-zephyr-eabi/lib/thumb/v7e-m/nofp/libc.a(libc_tinystdio_filestrput.c.o)
                0x0000000000008032                __file_str_put
 *(SORT_BY_ALIGNMENT(.TEXT.*))
 *fill*         0x0000000000008042        0x2 
 .TEXT.__aeabi_read_tp
                0x0000000000008044        0xc zephyr/arch/arch/arm/core/cortex_m/libarch__arm__core__cortex_m.a(__aeabi_read_tp.S.obj)
                0x0000000000008044                __aeabi_read_tp
 *(SORT_BY_ALIGNMENT(.gnu.linkonce.t.*))
 *(SORT_BY_ALIGNMENT(.glue_7t))
 .glue_7t       0x0000000000008050        0x0 linker stubs
 *(SORT_BY_ALIGNMENT(.glue_7))
 .glue_7        0x0000000000008050        0x0 linker stubs
 *(SORT_BY_ALIGNMENT(.vfp11_veneer))
 .vfp11_veneer  0x0000000000008050        0x0 linker stubs
 *(SORT_BY_ALIGNMENT(.v4_bx))
 .v4_bx         0x0000000000008050        0x0 linker stubs
                0x0000000000008050                . = ALIGN (0x4)
                0x0000000000008050                __text_region_end = .

.ARM.exidx      0x0000000000008050        0x8
                0x0000000000008050                __exidx_start = .
 *(SORT_BY_ALIGNMENT(.ARM.exidx*) SORT_BY_ALIGNMENT(gnu.linkonce.armexidx.*))
 .ARM.exidx     0x0000000000008050        0x8 /home/anders/ncs/toolchains/c5be9c56c7/opt/zephyr-sdk/arm-zephyr-eabi/bin/../lib/gcc/../../picolibc/arm-zephyr-eabi/lib/thumb/v7e-m/nofp/libc.a(strlen.S.o)
 .ARM.exidx     0x0000000000008058        0x0 /home/anders/ncs/toolchains/c5be9c56c7/opt/zephyr-sdk/arm-zephyr-eabi/bin/../lib/gcc/arm-zephyr-eabi/12.2.0/thumb/v7e-m/nofp/libgcc.a(_udivmoddi4.o)
                                          0x8 (size before relaxing)
                0x0000000000008058                __exidx_end = .
                0x0000000000008058                __rodata_region_start = .

initlevel       0x0000000000008058       0x58
                0x0000000000008058                __init_start = .
                0x0000000000008058                __init_EARLY_start = .
 *(SORT_BY_NAME(SORT_BY_ALIGNMENT(.z_init_EARLY_P_?_*)))
 *(SORT_BY_NAME(SORT_BY_ALIGNMENT(.z_init_EARLY_P_??_*)))
 *(SORT_BY_NAME(SORT_BY_ALIGNMENT(.z_init_EARLY_P_???_*)))
                0x0000000000008058                __init_PRE_KERNEL_1_start = .
 *(SORT_BY_NAME(SORT_BY_ALIGNMENT(.z_init_PRE_KERNEL_1_P_?_*)))
 .z_init_PRE_KERNEL_1_P_0_SUB_0_
                0x0000000000008058        0x8 zephyr/soc/soc/nrf52832/libsoc__nordic.a(soc.c.obj)
 *(SORT_BY_NAME(SORT_BY_ALIGNMENT(.z_init_PRE_KERNEL_1_P_??_*)))
 .z_init_PRE_KERNEL_1_P_30_SUB_00042_
                0x0000000000008060        0x8 zephyr/drivers/clock_control/libdrivers__clock_control.a(clock_control_nrf.c.obj)
 .z_init_PRE_KERNEL_1_P_40_SUB_00010_
                0x0000000000008068        0x8 zephyr/drivers/gpio/libdrivers__gpio.a(gpio_nrfx.c.obj)
 .z_init_PRE_KERNEL_1_P_50_SUB_00076_
                0x0000000000008070        0x8 zephyr/drivers/serial/libdrivers__serial.a(uart_nrfx_uart.c.obj)
 .z_init_PRE_KERNEL_1_P_60_SUB_0_
                0x0000000000008078        0x8 zephyr/drivers/console/libdrivers__console.a(uart_console.c.obj)
 *(SORT_BY_NAME(SORT_BY_ALIGNMENT(.z_init_PRE_KERNEL_1_P_???_*)))
                0x0000000000008080                __init_PRE_KERNEL_2_start = .
 *(SORT_BY_NAME(SORT_BY_ALIGNMENT(.z_init_PRE_KERNEL_2_P_?_*)))
 .z_init_PRE_KERNEL_2_P_0_SUB_0_
                0x0000000000008080        0x8 zephyr/drivers/timer/libdrivers__timer.a(nrf_rtc_timer.c.obj)
 *(SORT_BY_NAME(SORT_BY_ALIGNMENT(.z_init_PRE_KERNEL_2_P_??_*)))
 *(SORT_BY_NAME(SORT_BY_ALIGNMENT(.z_init_PRE_KERNEL_2_P_???_*)))
                0x0000000000008088                __init_POST_KERNEL_start = .
 *(SORT_BY_NAME(SORT_BY_ALIGNMENT(.z_init_POST_KERNEL_P_?_*)))
 .z_init_POST_KERNEL_P_0_SUB_0_
                0x0000000000008088        0x8 zephyr/libzephyr.a(log_core.c.obj)
 *(SORT_BY_NAME(SORT_BY_ALIGNMENT(.z_init_POST_KERNEL_P_??_*)))
 .z_init_POST_KERNEL_P_35_SUB_0_
                0x0000000000008090        0x8 zephyr/lib/libc/common/liblib__libc__common.a(malloc.c.obj)
 .z_init_POST_KERNEL_P_40_SUB_0_
                0x0000000000008098        0x8 zephyr/kernel/libkernel.a(system_work_q.c.obj)
 .z_init_POST_KERNEL_P_50_SUB_00094_
                0x00000000000080a0        0x8 zephyr/drivers/spi/libdrivers__spi.a(spi_nrfx_spi.c.obj)
 .z_init_POST_KERNEL_P_90_SUB_00070_
                0x00000000000080a8        0x8 zephyr/drivers/sensor/nordic/temp/libdrivers__sensor__nordic__temp.a(temp_nrf5.c.obj)
 *(SORT_BY_NAME(SORT_BY_ALIGNMENT(.z_init_POST_KERNEL_P_???_*)))
                0x00000000000080b0                __init_APPLICATION_start = .
 *(SORT_BY_NAME(SORT_BY_ALIGNMENT(.z_init_APPLICATION_P_?_*)))
 *(SORT_BY_NAME(SORT_BY_ALIGNMENT(.z_init_APPLICATION_P_??_*)))
 *(SORT_BY_NAME(SORT_BY_ALIGNMENT(.z_init_APPLICATION_P_???_*)))
                0x00000000000080b0                __init_SMP_start = .
 *(SORT_BY_NAME(SORT_BY_ALIGNMENT(.z_init_SMP_P_?_*)))
 *(SORT_BY_NAME(SORT_BY_ALIGNMENT(.z_init_SMP_P_??_*)))
 *(SORT_BY_NAME(SORT_BY_ALIGNMENT(.z_init_SMP_P_???_*)))
                0x00000000000080b0                __init_end = .

device_area     0x00000000000080b0       0xa0
                0x00000000000080b0                _device_list_start = .
 *(SORT_BY_NAME(SORT_BY_ALIGNMENT(._device.static.*_?_*)))
 *(SORT_BY_NAME(SORT_BY_ALIGNMENT(._device.static.*_??_*)))
 ._device.static.1_30_
                0x00000000000080b0       0x20 zephyr/drivers/clock_control/libdrivers__clock_control.a(clock_control_nrf.c.obj)
                0x00000000000080b0                __device_dts_ord_42
 ._device.static.1_40_
                0x00000000000080d0       0x20 zephyr/drivers/gpio/libdrivers__gpio.a(gpio_nrfx.c.obj)
                0x00000000000080d0                __device_dts_ord_10
 ._device.static.1_50_
                0x00000000000080f0       0x20 zephyr/drivers/serial/libdrivers__serial.a(uart_nrfx_uart.c.obj)
                0x00000000000080f0                __device_dts_ord_76
 ._device.static.3_50_
                0x0000000000008110       0x20 zephyr/drivers/spi/libdrivers__spi.a(spi_nrfx_spi.c.obj)
                0x0000000000008110                __device_dts_ord_94
 ._device.static.3_90_
                0x0000000000008130       0x20 zephyr/drivers/sensor/nordic/temp/libdrivers__sensor__nordic__temp.a(temp_nrf5.c.obj)
                0x0000000000008130                __device_dts_ord_70
 *(SORT_BY_NAME(SORT_BY_ALIGNMENT(._device.static.*_???_*)))
 *(SORT_BY_NAME(SORT_BY_ALIGNMENT(._device.static.*_????_*)))
 *(SORT_BY_NAME(SORT_BY_ALIGNMENT(._device.static.*_?????_*)))
                0x0000000000008150                _device_list_end = .

sw_isr_table    0x0000000000008150      0x138
                0x0000000000008150                . = ALIGN (0x4)
 *(SORT_BY_ALIGNMENT(.gnu.linkonce.sw_isr_table*))
 .gnu.linkonce.sw_isr_table
                0x0000000000008150      0x138 zephyr/CMakeFiles/zephyr_final.dir/isr_tables.c.obj
                0x0000000000008150                _sw_isr_table

initlevel_error
                0x0000000000008058        0x0
 *(SORT_BY_NAME(SORT_BY_ALIGNMENT(.z_init_*)))
                0x0000000000000001                ASSERT ((SIZEOF (initlevel_error) == 0x0), Undefined initialization levels used.)

app_shmem_regions
                0x0000000000008288        0x0
                0x0000000000008288                __app_shmem_regions_start = .
 *(SORT_BY_NAME(SORT_BY_ALIGNMENT(.app_regions.*)))
                0x0000000000008288                __app_shmem_regions_end = .

k_p4wq_initparam_area
                0x0000000000008288        0x0
                0x0000000000008288                _k_p4wq_initparam_list_start = .
 *(SORT_BY_NAME(SORT_BY_ALIGNMENT(._k_p4wq_initparam.static.*)))
                0x0000000000008288                _k_p4wq_initparam_list_end = .

_static_thread_data_area
                0x0000000000008288        0x0
                0x0000000000008288                __static_thread_data_list_start = .
 *(SORT_BY_NAME(SORT_BY_ALIGNMENT(.__static_thread_data.static.*)))
                0x0000000000008288                __static_thread_data_list_end = .

device_deps     0x0000000000008288        0x0
                0x0000000000008288                __device_deps_start = .
 *(SORT_BY_NAME(SORT_BY_ALIGNMENT(.__device_deps_pass2*)))
                0x0000000000008288                __device_deps_end = .

gpio_driver_api_area
                0x0000000000008288       0x24
                0x0000000000008288                _gpio_driver_api_list_start = .
 *(SORT_BY_NAME(SORT_BY_ALIGNMENT(._gpio_driver_api.static.*)))
 ._gpio_driver_api.static.gpio_nrfx_drv_api_funcs_
                0x0000000000008288       0x24 zephyr/drivers/gpio/libdrivers__gpio.a(gpio_nrfx.c.obj)
                0x00000000000082ac                _gpio_driver_api_list_end = .

sensor_driver_api_area
                0x00000000000082ac       0x1c
                0x00000000000082ac                _sensor_driver_api_list_start = .
 *(SORT_BY_NAME(SORT_BY_ALIGNMENT(._sensor_driver_api.static.*)))
 ._sensor_driver_api.static.temp_nrf5_driver_api_
                0x00000000000082ac       0x1c zephyr/drivers/sensor/nordic/temp/libdrivers__sensor__nordic__temp.a(temp_nrf5.c.obj)
                0x00000000000082c8                _sensor_driver_api_list_end = .

spi_driver_api_area
                0x00000000000082c8        0x8
                0x00000000000082c8                _spi_driver_api_list_start = .
 *(SORT_BY_NAME(SORT_BY_ALIGNMENT(._spi_driver_api.static.*)))
 ._spi_driver_api.static.spi_nrfx_driver_api_
                0x00000000000082c8        0x8 zephyr/drivers/spi/libdrivers__spi.a(spi_nrfx_spi.c.obj)
                0x00000000000082d0                _spi_driver_api_list_end = .

shared_irq_driver_api_area
                0x00000000000082d0        0x0
                0x00000000000082d0                _shared_irq_driver_api_list_start = .
 *(SORT_BY_NAME(SORT_BY_ALIGNMENT(._shared_irq_driver_api.static.*)))
                0x00000000000082d0                _shared_irq_driver_api_list_end = .

crypto_driver_api_area
                0x00000000000082d0        0x0
                0x00000000000082d0                _crypto_driver_api_list_start = .
 *(SORT_BY_NAME(SORT_BY_ALIGNMENT(._crypto_driver_api.static.*)))
                0x00000000000082d0                _crypto_driver_api_list_end = .

adc_driver_api_area
                0x00000000000082d0        0x0
                0x00000000000082d0                _adc_driver_api_list_start = .
 *(SORT_BY_NAME(SORT_BY_ALIGNMENT(._adc_driver_api.static.*)))
                0x00000000000082d0                _adc_driver_api_list_end = .

auxdisplay_driver_api_area
                0x00000000000082d0        0x0
                0x00000000000082d0                _auxdisplay_driver_api_list_start = .
 *(SORT_BY_NAME(SORT_BY_ALIGNMENT(._auxdisplay_driver_api.static.*)))
                0x00000000000082d0                _auxdisplay_driver_api_list_end = .

bbram_driver_api_area
                0x00000000000082d0        0x0
                0x00000000000082d0                _bbram_driver_api_list_start = .
 *(SORT_BY_NAME(SORT_BY_ALIGNMENT(._bbram_driver_api.static.*)))
                0x00000000000082d0                _bbram_driver_api_list_end = .

bt_hci_driver_api_area
                0x00000000000082d0        0x0
                0x00000000000082d0                _bt_hci_driver_api_list_start = .
 *(SORT_BY_NAME(SORT_BY_ALIGNMENT(._bt_hci_driver_api.static.*)))
                0x00000000000082d0                _bt_hci_driver_api_list_end = .

can_driver_api_area
                0x00000000000082d0        0x0
                0x00000000000082d0                _can_driver_api_list_start = .
 *(SORT_BY_NAME(SORT_BY_ALIGNMENT(._can_driver_api.static.*)))
                0x00000000000082d0                _can_driver_api_list_end = .

cellular_driver_api_area
                0x00000000000082d0        0x0
                0x00000000000082d0                _cellular_driver_api_list_start = .
 *(SORT_BY_NAME(SORT_BY_ALIGNMENT(._cellular_driver_api.static.*)))
                0x00000000000082d0                _cellular_driver_api_list_end = .

charger_driver_api_area
                0x00000000000082d0        0x0
                0x00000000000082d0                _charger_driver_api_list_start = .
 *(SORT_BY_NAME(SORT_BY_ALIGNMENT(._charger_driver_api.static.*)))
                0x00000000000082d0                _charger_driver_api_list_end = .

clock_control_driver_api_area
                0x00000000000082d0       0x1c
                0x00000000000082d0                _clock_control_driver_api_list_start = .
 *(SORT_BY_NAME(SORT_BY_ALIGNMENT(._clock_control_driver_api.static.*)))
 ._clock_control_driver_api.static.clock_control_api_
                0x00000000000082d0       0x1c zephyr/drivers/clock_control/libdrivers__clock_control.a(clock_control_nrf.c.obj)
                0x00000000000082ec                _clock_control_driver_api_list_end = .

comparator_driver_api_area
                0x00000000000082ec        0x0
                0x00000000000082ec                _comparator_driver_api_list_start = .
 *(SORT_BY_NAME(SORT_BY_ALIGNMENT(._comparator_driver_api.static.*)))
                0x00000000000082ec                _comparator_driver_api_list_end = .

coredump_driver_api_area
                0x00000000000082ec        0x0
                0x00000000000082ec                _coredump_driver_api_list_start = .
 *(SORT_BY_NAME(SORT_BY_ALIGNMENT(._coredump_driver_api.static.*)))
                0x00000000000082ec                _coredump_driver_api_list_end = .

counter_driver_api_area
                0x00000000000082ec        0x0
                0x00000000000082ec                _counter_driver_api_list_start = .
 *(SORT_BY_NAME(SORT_BY_ALIGNMENT(._counter_driver_api.static.*)))
                0x00000000000082ec                _counter_driver_api_list_end = .

dac_driver_api_area
                0x00000000000082ec        0x0
                0x00000000000082ec                _dac_driver_api_list_start = .
 *(SORT_BY_NAME(SORT_BY_ALIGNMENT(._dac_driver_api.static.*)))
                0x00000000000082ec                _dac_driver_api_list_end = .

dai_driver_api_area
                0x00000000000082ec        0x0
                0x00000000000082ec                _dai_driver_api_list_start = .
 *(SORT_BY_NAME(SORT_BY_ALIGNMENT(._dai_driver_api.static.*)))
                0x00000000000082ec                _dai_driver_api_list_end = .

display_driver_api_area
                0x00000000000082ec        0x0
                0x00000000000082ec                _display_driver_api_list_start = .
 *(SORT_BY_NAME(SORT_BY_ALIGNMENT(._display_driver_api.static.*)))
                0x00000000000082ec                _display_driver_api_list_end = .

dma_driver_api_area
                0x00000000000082ec        0x0
                0x00000000000082ec                _dma_driver_api_list_start = .
 *(SORT_BY_NAME(SORT_BY_ALIGNMENT(._dma_driver_api.static.*)))
                0x00000000000082ec                _dma_driver_api_list_end = .

edac_driver_api_area
                0x00000000000082ec        0x0
                0x00000000000082ec                _edac_driver_api_list_start = .
 *(SORT_BY_NAME(SORT_BY_ALIGNMENT(._edac_driver_api.static.*)))
                0x00000000000082ec                _edac_driver_api_list_end = .

eeprom_driver_api_area
                0x00000000000082ec        0x0
                0x00000000000082ec                _eeprom_driver_api_list_start = .
 *(SORT_BY_NAME(SORT_BY_ALIGNMENT(._eeprom_driver_api.static.*)))
                0x00000000000082ec                _eeprom_driver_api_list_end = .

emul_bbram_driver_api_area
                0x00000000000082ec        0x0
                0x00000000000082ec                _emul_bbram_driver_api_list_start = .
 *(SORT_BY_NAME(SORT_BY_ALIGNMENT(._emul_bbram_driver_api.static.*)))
                0x00000000000082ec                _emul_bbram_driver_api_list_end = .

fuel_gauge_emul_driver_api_area
                0x00000000000082ec        0x0
                0x00000000000082ec                _fuel_gauge_emul_driver_api_list_start = .
 *(SORT_BY_NAME(SORT_BY_ALIGNMENT(._fuel_gauge_emul_driver_api.static.*)))
                0x00000000000082ec                _fuel_gauge_emul_driver_api_list_end = .

emul_sensor_driver_api_area
                0x00000000000082ec        0x0
                0x00000000000082ec                _emul_sensor_driver_api_list_start = .
 *(SORT_BY_NAME(SORT_BY_ALIGNMENT(._emul_sensor_driver_api.static.*)))
                0x00000000000082ec                _emul_sensor_driver_api_list_end = .

entropy_driver_api_area
                0x00000000000082ec        0x0
                0x00000000000082ec                _entropy_driver_api_list_start = .
 *(SORT_BY_NAME(SORT_BY_ALIGNMENT(._entropy_driver_api.static.*)))
                0x00000000000082ec                _entropy_driver_api_list_end = .

espi_driver_api_area
                0x00000000000082ec        0x0
                0x00000000000082ec                _espi_driver_api_list_start = .
 *(SORT_BY_NAME(SORT_BY_ALIGNMENT(._espi_driver_api.static.*)))
                0x00000000000082ec                _espi_driver_api_list_end = .

espi_saf_driver_api_area
                0x00000000000082ec        0x0
                0x00000000000082ec                _espi_saf_driver_api_list_start = .
 *(SORT_BY_NAME(SORT_BY_ALIGNMENT(._espi_saf_driver_api.static.*)))
                0x00000000000082ec                _espi_saf_driver_api_list_end = .

flash_driver_api_area
                0x00000000000082ec        0x0
                0x00000000000082ec                _flash_driver_api_list_start = .
 *(SORT_BY_NAME(SORT_BY_ALIGNMENT(._flash_driver_api.static.*)))
                0x00000000000082ec                _flash_driver_api_list_end = .

fpga_driver_api_area
                0x00000000000082ec        0x0
                0x00000000000082ec                _fpga_driver_api_list_start = .
 *(SORT_BY_NAME(SORT_BY_ALIGNMENT(._fpga_driver_api.static.*)))
                0x00000000000082ec                _fpga_driver_api_list_end = .

fuel_gauge_driver_api_area
                0x00000000000082ec        0x0
                0x00000000000082ec                _fuel_gauge_driver_api_list_start = .
 *(SORT_BY_NAME(SORT_BY_ALIGNMENT(._fuel_gauge_driver_api.static.*)))
                0x00000000000082ec                _fuel_gauge_driver_api_list_end = .

gnss_driver_api_area
                0x00000000000082ec        0x0
                0x00000000000082ec                _gnss_driver_api_list_start = .
 *(SORT_BY_NAME(SORT_BY_ALIGNMENT(._gnss_driver_api.static.*)))
                0x00000000000082ec                _gnss_driver_api_list_end = .

haptics_driver_api_area
                0x00000000000082ec        0x0
                0x00000000000082ec                _haptics_driver_api_list_start = .
 *(SORT_BY_NAME(SORT_BY_ALIGNMENT(._haptics_driver_api.static.*)))
                0x00000000000082ec                _haptics_driver_api_list_end = .

hwspinlock_driver_api_area
                0x00000000000082ec        0x0
                0x00000000000082ec                _hwspinlock_driver_api_list_start = .
 *(SORT_BY_NAME(SORT_BY_ALIGNMENT(._hwspinlock_driver_api.static.*)))
                0x00000000000082ec                _hwspinlock_driver_api_list_end = .

i2c_driver_api_area
                0x00000000000082ec        0x0
                0x00000000000082ec                _i2c_driver_api_list_start = .
 *(SORT_BY_NAME(SORT_BY_ALIGNMENT(._i2c_driver_api.static.*)))
                0x00000000000082ec                _i2c_driver_api_list_end = .

i2c_target_driver_api_area
                0x00000000000082ec        0x0
                0x00000000000082ec                _i2c_target_driver_api_list_start = .
 *(SORT_BY_NAME(SORT_BY_ALIGNMENT(._i2c_target_driver_api.static.*)))
                0x00000000000082ec                _i2c_target_driver_api_list_end = .

i2s_driver_api_area
                0x00000000000082ec        0x0
                0x00000000000082ec                _i2s_driver_api_list_start = .
 *(SORT_BY_NAME(SORT_BY_ALIGNMENT(._i2s_driver_api.static.*)))
                0x00000000000082ec                _i2s_driver_api_list_end = .

i3c_driver_api_area
                0x00000000000082ec        0x0
                0x00000000000082ec                _i3c_driver_api_list_start = .
 *(SORT_BY_NAME(SORT_BY_ALIGNMENT(._i3c_driver_api.static.*)))
                0x00000000000082ec                _i3c_driver_api_list_end = .

ipm_driver_api_area
                0x00000000000082ec        0x0
                0x00000000000082ec                _ipm_driver_api_list_start = .
 *(SORT_BY_NAME(SORT_BY_ALIGNMENT(._ipm_driver_api.static.*)))
                0x00000000000082ec                _ipm_driver_api_list_end = .

led_driver_api_area
                0x00000000000082ec        0x0
                0x00000000000082ec                _led_driver_api_list_start = .
 *(SORT_BY_NAME(SORT_BY_ALIGNMENT(._led_driver_api.static.*)))
                0x00000000000082ec                _led_driver_api_list_end = .

led_strip_driver_api_area
                0x00000000000082ec        0x0
                0x00000000000082ec                _led_strip_driver_api_list_start = .
 *(SORT_BY_NAME(SORT_BY_ALIGNMENT(._led_strip_driver_api.static.*)))
                0x00000000000082ec                _led_strip_driver_api_list_end = .

lora_driver_api_area
                0x00000000000082ec        0x0
                0x00000000000082ec                _lora_driver_api_list_start = .
 *(SORT_BY_NAME(SORT_BY_ALIGNMENT(._lora_driver_api.static.*)))
                0x00000000000082ec                _lora_driver_api_list_end = .

mbox_driver_api_area
                0x00000000000082ec        0x0
                0x00000000000082ec                _mbox_driver_api_list_start = .
 *(SORT_BY_NAME(SORT_BY_ALIGNMENT(._mbox_driver_api.static.*)))
                0x00000000000082ec                _mbox_driver_api_list_end = .

mdio_driver_api_area
                0x00000000000082ec        0x0
                0x00000000000082ec                _mdio_driver_api_list_start = .
 *(SORT_BY_NAME(SORT_BY_ALIGNMENT(._mdio_driver_api.static.*)))
                0x00000000000082ec                _mdio_driver_api_list_end = .

mipi_dbi_driver_api_area
                0x00000000000082ec        0x0
                0x00000000000082ec                _mipi_dbi_driver_api_list_start = .
 *(SORT_BY_NAME(SORT_BY_ALIGNMENT(._mipi_dbi_driver_api.static.*)))
                0x00000000000082ec                _mipi_dbi_driver_api_list_end = .

mipi_dsi_driver_api_area
                0x00000000000082ec        0x0
                0x00000000000082ec                _mipi_dsi_driver_api_list_start = .
 *(SORT_BY_NAME(SORT_BY_ALIGNMENT(._mipi_dsi_driver_api.static.*)))
                0x00000000000082ec                _mipi_dsi_driver_api_list_end = .

mspi_driver_api_area
                0x00000000000082ec        0x0
                0x00000000000082ec                _mspi_driver_api_list_start = .
 *(SORT_BY_NAME(SORT_BY_ALIGNMENT(._mspi_driver_api.static.*)))
                0x00000000000082ec                _mspi_driver_api_list_end = .

peci_driver_api_area
                0x00000000000082ec        0x0
                0x00000000000082ec                _peci_driver_api_list_start = .
 *(SORT_BY_NAME(SORT_BY_ALIGNMENT(._peci_driver_api.static.*)))
                0x00000000000082ec                _peci_driver_api_list_end = .

ps2_driver_api_area
                0x00000000000082ec        0x0
                0x00000000000082ec                _ps2_driver_api_list_start = .
 *(SORT_BY_NAME(SORT_BY_ALIGNMENT(._ps2_driver_api.static.*)))
                0x00000000000082ec                _ps2_driver_api_list_end = .

ptp_clock_driver_api_area
                0x00000000000082ec        0x0
                0x00000000000082ec                _ptp_clock_driver_api_list_start = .
 *(SORT_BY_NAME(SORT_BY_ALIGNMENT(._ptp_clock_driver_api.static.*)))
                0x00000000000082ec                _ptp_clock_driver_api_list_end = .

pwm_driver_api_area
                0x00000000000082ec        0x0
                0x00000000000082ec                _pwm_driver_api_list_start = .
 *(SORT_BY_NAME(SORT_BY_ALIGNMENT(._pwm_driver_api.static.*)))
                0x00000000000082ec                _pwm_driver_api_list_end = .

regulator_parent_driver_api_area
                0x00000000000082ec        0x0
                0x00000000000082ec                _regulator_parent_driver_api_list_start = .
 *(SORT_BY_NAME(SORT_BY_ALIGNMENT(._regulator_parent_driver_api.static.*)))
                0x00000000000082ec                _regulator_parent_driver_api_list_end = .

regulator_driver_api_area
                0x00000000000082ec        0x0