Archive member included to satisfy reference by file (symbol)

app/libapp.a(main.c.obj)      (--whole-archive)
app/libapp.a(circular_buffer.c.obj)
                              (--whole-archive)
app/libapp.a(clock.c.obj)     (--whole-archive)
app/libapp.a(interrupt.c.obj)
                              (--whole-archive)
app/libapp.a(timer.c.obj)     (--whole-archive)
app/libapp.a(led.c.obj)       (--whole-archive)
app/libapp.a(button.c.obj)    (--whole-archive)
app/libapp.a(display.c.obj)   (--whole-archive)
app/libapp.a(st7735s.c.obj)   (--whole-archive)
app/libapp.a(st7735s_compat.c.obj)
                              (--whole-archive)
app/libapp.a(gfx.c.obj)       (--whole-archive)
app/libapp.a(fonts.c.obj)     (--whole-archive)
app/libapp.a(st7789.c.obj)    (--whole-archive)
app/libapp.a(font.c.obj)      (--whole-archive)
app/libapp.a(mt29f_nand.c.obj)
                              (--whole-archive)
app/libapp.a(nvs.c.obj)       (--whole-archive)
app/libapp.a(ui_display.c.obj)
                              (--whole-archive)
app/libapp.a(ui_menu.c.obj)   (--whole-archive)
app/libapp.a(ui.c.obj)        (--whole-archive)
app/libapp.a(UIFunctions.c.obj)
                              (--whole-archive)
app/libapp.a(imu.c.obj)       (--whole-archive)
app/libapp.a(ICM_42670.c.obj)
                              (--whole-archive)
app/libapp.a(inv_imu_driver.c.obj)
                              (--whole-archive)
app/libapp.a(inv_imu_apex.c.obj)
                              (--whole-archive)
app/libapp.a(imu_process.c.obj)
                              (--whole-archive)
app/libapp.a(inv_imu_transport.c.obj)
                              (--whole-archive)
app/libapp.a(inv_time.c.obj)  (--whole-archive)
zephyr/libzephyr.a(heap.c.obj)
                              (--whole-archive)
zephyr/libzephyr.a(cbprintf_packaged.c.obj)
                              (--whole-archive)
zephyr/libzephyr.a(printk.c.obj)
                              (--whole-archive)
zephyr/libzephyr.a(sem.c.obj)
                              (--whole-archive)
zephyr/libzephyr.a(thread_entry.c.obj)
                              (--whole-archive)
zephyr/libzephyr.a(cbprintf_complete.c.obj)
                              (--whole-archive)
zephyr/libzephyr.a(cbprintf.c.obj)
                              (--whole-archive)
zephyr/libzephyr.a(assert.c.obj)
                              (--whole-archive)
zephyr/libzephyr.a(mpsc_pbuf.c.obj)
                              (--whole-archive)
zephyr/libzephyr.a(dec.c.obj)
                              (--whole-archive)
zephyr/libzephyr.a(hex.c.obj)
                              (--whole-archive)
zephyr/libzephyr.a(rb.c.obj)  (--whole-archive)
zephyr/libzephyr.a(timeutil.c.obj)
                              (--whole-archive)
zephyr/libzephyr.a(bitarray.c.obj)
                              (--whole-archive)
zephyr/libzephyr.a(onoff.c.obj)
                              (--whole-archive)
zephyr/libzephyr.a(notify.c.obj)
                              (--whole-archive)
zephyr/libzephyr.a(ring_buffer.c.obj)
                              (--whole-archive)
zephyr/libzephyr.a(last_section_id.c.obj)
                              (--whole-archive)
zephyr/libzephyr.a(configs.c.obj)
                              (--whole-archive)
zephyr/libzephyr.a(thread_info.c.obj)
                              (--whole-archive)
zephyr/libzephyr.a(log_core.c.obj)
                              (--whole-archive)
zephyr/libzephyr.a(log_mgmt.c.obj)
                              (--whole-archive)
zephyr/libzephyr.a(log_cache.c.obj)
                              (--whole-archive)
zephyr/libzephyr.a(log_msg.c.obj)
                              (--whole-archive)
zephyr/libzephyr.a(log_output.c.obj)
                              (--whole-archive)
zephyr/libzephyr.a(log_backend_uart.c.obj)
                              (--whole-archive)
zephyr/libzephyr.a(mem_attr.c.obj)
                              (--whole-archive)
zephyr/libzephyr.a(tracing_none.c.obj)
                              (--whole-archive)
zephyr/libzephyr.a(banner.c.obj)
                              (--whole-archive)
zephyr/libzephyr.a(flash_map_partition_manager.c.obj)
                              (--whole-archive)
zephyr/arch/common/libarch__common.a(sw_isr_common.c.obj)
                              (--whole-archive)
zephyr/arch/arch/arm/core/libarch__arm__core.a(fatal.c.obj)
                              (--whole-archive)
zephyr/arch/arch/arm/core/libarch__arm__core.a(nmi.c.obj)
                              (--whole-archive)
zephyr/arch/arch/arm/core/libarch__arm__core.a(nmi_on_reset.S.obj)
                              (--whole-archive)
zephyr/arch/arch/arm/core/cortex_m/libarch__arm__core__cortex_m.a(exc_exit.c.obj)
                              (--whole-archive)
zephyr/arch/arch/arm/core/cortex_m/libarch__arm__core__cortex_m.a(fault.c.obj)
                              (--whole-archive)
zephyr/arch/arch/arm/core/cortex_m/libarch__arm__core__cortex_m.a(fault_s.S.obj)
[...]
Memory Configuration

Name             Origin             Length             Attributes
FLASH            0x0000000000000000 0x0000000000080000 xr
RAM              0x0000000020000000 0x0000000000010000 xw
IDT_LIST         0x00000000ffff7fff 0x0000000000008000 xw
*default*        0x0000000000000000 0xffffffffffffffff

Linker script and memory map

LOAD zephyr/CMakeFiles/zephyr_pre0.dir/misc/empty_file.c.obj
LOAD zephyr/CMakeFiles/offsets.dir/./arch/arm/core/offsets/offsets.c.obj
LOAD app/libapp.a
LOAD zephyr/libzephyr.a
LOAD zephyr/arch/common/libarch__common.a
LOAD zephyr/arch/arch/arm/core/libarch__arm__core.a
LOAD zephyr/arch/arch/arm/core/cortex_m/libarch__arm__core__cortex_m.a
LOAD zephyr/arch/arch/arm/core/mpu/libarch__arm__core__mpu.a
LOAD zephyr/lib/libc/newlib/liblib__libc__newlib.a
LOAD zephyr/lib/libc/common/liblib__libc__common.a
LOAD zephyr/soc/soc/nrf52832/libsoc__nordic.a
LOAD zephyr/drivers/clock_control/libdrivers__clock_control.a
LOAD zephyr/drivers/console/libdrivers__console.a
LOAD zephyr/drivers/gpio/libdrivers__gpio.a
LOAD zephyr/drivers/pinctrl/libdrivers__pinctrl.a
LOAD zephyr/drivers/sensor/nordic/temp/libdrivers__sensor__nordic__temp.a
LOAD zephyr/drivers/serial/libdrivers__serial.a
LOAD zephyr/drivers/spi/libdrivers__spi.a
LOAD zephyr/drivers/timer/libdrivers__timer.a
LOAD modules/hal_nordic/modules/hal_nordic/nrfx/libmodules__hal_nordic__nrfx.a
LOAD zephyr/kernel/libkernel.a
LOAD zephyr/arch/common/libisr_tables.a
LOAD /home/anders/ncs/toolchains/b2ecd2435d/opt/zephyr-sdk/arm-zephyr-eabi/arm-zephyr-eabi/lib/thumb/v7e-m/nofp/libm_nano.a
LOAD /home/anders/ncs/toolchains/b2ecd2435d/opt/zephyr-sdk/arm-zephyr-eabi/arm-zephyr-eabi/lib/thumb/v7e-m/nofp/libc_nano.a
LOAD /home/anders/ncs/toolchains/b2ecd2435d/opt/zephyr-sdk/arm-zephyr-eabi/bin/../lib/gcc/arm-zephyr-eabi/12.2.0/thumb/v7e-m/nofp/libgcc.a
LOAD /home/anders/ncs/toolchains/b2ecd2435d/opt/zephyr-sdk/arm-zephyr-eabi/arm-zephyr-eabi/lib/thumb/v7e-m/nofp/libc_nano.a
                0x0000000000000020                _region_min_align = 0x20

.rel.plt        0x0000000000000000        0x0
 *(SORT_BY_ALIGNMENT(.rel.plt))
                [!provide]                        PROVIDE (__rel_iplt_start = .)
 *(SORT_BY_ALIGNMENT(.rel.iplt))
 .rel.iplt      0x0000000000000000        0x0 app/libapp.a(main.c.obj)
                [!provide]                        PROVIDE (__rel_iplt_end = .)

.rela.plt       0x0000000000000000        0x0
 *(SORT_BY_ALIGNMENT(.rela.plt))
                [!provide]                        PROVIDE (__rela_iplt_start = .)
 *(SORT_BY_ALIGNMENT(.rela.iplt))
                [!provide]                        PROVIDE (__rela_iplt_end = .)

.rel.dyn
 *(SORT_BY_ALIGNMENT(.rel.*))

.rela.dyn
 *(SORT_BY_ALIGNMENT(.rela.*))

/DISCARD/
 *(SORT_BY_ALIGNMENT(.plt))

/DISCARD/
 *(SORT_BY_ALIGNMENT(.iplt))
                0x0000000000000000                __rom_region_start = 0x0

rom_start       0x0000000000000000       0xdc
                0x0000000000000000                __rom_start_address = .
 FILL mask 0x00
                0x0000000000000000                . = (. + (0x0 - (. - __rom_start_address)))
                0x0000000000000000                . = ALIGN (0x4)
                0x0000000000000000                . = ALIGN (0x80)
                0x0000000000000000                . = ALIGN (0x100)
                0x0000000000000000                _vector_start = .
 *(SORT_BY_ALIGNMENT(.exc_vector_table))
 *(SORT_BY_ALIGNMENT(.exc_vector_table.*))
 .exc_vector_table._vector_table_section
                0x0000000000000000       0x40 zephyr/arch/arch/arm/core/cortex_m/libarch__arm__core__cortex_m.a(vector_table.S.obj)
                0x0000000000000000                _vector_table
 *(SORT_BY_ALIGNMENT(.vectors))
                0x00000000000000dc                _vector_end = .
                0x0000000000000040                . = ALIGN (0x4)
 *(SORT_BY_ALIGNMENT(.gnu.linkonce.irq_vector_table*))
 .gnu.linkonce.irq_vector_table
                0x0000000000000040       0x9c zephyr/arch/common/libisr_tables.a(isr_tables.c.obj)
                0x0000000000000040                _irq_vector_table
                0x00000000000000dc                _vector_end = .

text            0x00000000000000e0     0xfdc0
                0x00000000000000e0                __text_region_start = .
 *(SORT_BY_ALIGNMENT(.text))
 .text          0x00000000000000e0       0xa0 /home/anders/ncs/toolchains/b2ecd2435d/opt/zephyr-sdk/arm-zephyr-eabi/arm-zephyr-eabi/lib/thumb/v7e-m/nofp/libc_nano.a(lib_a-memchr.o)
                0x00000000000000e0                memchr
 .text          0x0000000000000180      0x378 /home/anders/ncs/toolchains/b2ecd2435d/opt/zephyr-sdk/arm-zephyr-eabi/bin/../lib/gcc/arm-zephyr-eabi/12.2.0/thumb/v7e-m/nofp/libgcc.a(_arm_addsubdf3.o)
                0x0000000000000180                __aeabi_drsub
                0x0000000000000188                __aeabi_dsub
                0x0000000000000188                __subdf3
                0x000000000000018c                __adddf3
                0x000000000000018c                __aeabi_dadd
                0x0000000000000404                __aeabi_ui2d
                0x0000000000000404                __floatunsidf
                0x0000000000000424                __floatsidf
                0x0000000000000424                __aeabi_i2d
                0x0000000000000448                __extendsfdf2
                0x0000000000000448                __aeabi_f2d
                0x000000000000048c                __aeabi_ul2d
                0x000000000000048c                __floatundidf
                0x000000000000049c                __floatdidf
                0x000000000000049c                __aeabi_l2d
 .text          0x00000000000004f8      0x424 /home/anders/ncs/toolchains/b2ecd2435d/opt/zephyr-sdk/arm-zephyr-eabi/bin/../lib/gcc/arm-zephyr-eabi/12.2.0/thumb/v7e-m/nofp/libgcc.a(_arm_muldivdf3.o)
                0x00000000000004f8                __aeabi_dmul
                0x00000000000004f8                __muldf3
                0x000000000000074c                __aeabi_ddiv
                0x000000000000074c                __divdf3
 .text          0x000000000000091c      0x110 /home/anders/ncs/toolchains/b2ecd2435d/opt/zephyr-sdk/arm-zephyr-eabi/bin/../lib/gcc/arm-zephyr-eabi/12.2.0/thumb/v7e-m/nofp/libgcc.a(_arm_cmpdf2.o)
                0x000000000000091c                __gtdf2
                0x000000000000091c                __gedf2
                0x0000000000000924                __ltdf2
                0x0000000000000924                __ledf2
                0x000000000000092c                __cmpdf2
                0x000000000000092c                __eqdf2
                0x000000000000092c                __nedf2
                0x00000000000009a8                __aeabi_cdrcmple
                0x00000000000009b8                __aeabi_cdcmple
                0x00000000000009b8                __aeabi_cdcmpeq
                0x00000000000009c8                __aeabi_dcmpeq
                0x00000000000009dc                __aeabi_dcmplt
                0x00000000000009f0                __aeabi_dcmple
                0x0000000000000a04                __aeabi_dcmpge
                0x0000000000000a18                __aeabi_dcmpgt
 .text          0x0000000000000a2c       0x2c /home/anders/ncs/toolchains/b2ecd2435d/opt/zephyr-sdk/arm-zephyr-eabi/bin/../lib/gcc/arm-zephyr-eabi/12.2.0/thumb/v7e-m/nofp/libgcc.a(_arm_unorddf2.o)
                0x0000000000000a2c                __aeabi_dcmpun
                0x0000000000000a2c                __unorddf2
 .text          0x0000000000000a58       0x50 /home/anders/ncs/toolchains/b2ecd2435d/opt/zephyr-sdk/arm-zephyr-eabi/bin/../lib/gcc/arm-zephyr-eabi/12.2.0/thumb/v7e-m/nofp/libgcc.a(_arm_fixdfsi.o)
                0x0000000000000a58                __fixdfsi
                0x0000000000000a58                __aeabi_d2iz
 .text          0x0000000000000aa8       0x40 /home/anders/ncs/toolchains/b2ecd2435d/opt/zephyr-sdk/arm-zephyr-eabi/bin/../lib/gcc/arm-zephyr-eabi/12.2.0/thumb/v7e-m/nofp/libgcc.a(_arm_fixunsdfsi.o)
                0x0000000000000aa8                __fixunsdfsi
                0x0000000000000aa8                __aeabi_d2uiz
 .text          0x0000000000000ae8       0x30 /home/anders/ncs/toolchains/b2ecd2435d/opt/zephyr-sdk/arm-zephyr-eabi/bin/../lib/gcc/arm-zephyr-eabi/12.2.0/thumb/v7e-m/nofp/libgcc.a(_aeabi_uldivmod.o)
                0x0000000000000ae8                __aeabi_uldivmod
 .text          0x0000000000000b18        0x4 /home/anders/ncs/toolchains/b2ecd2435d/opt/zephyr-sdk/arm-zephyr-eabi/bin/../lib/gcc/arm-zephyr-eabi/12.2.0/thumb/v7e-m/nofp/libgcc.a(_dvmd_tls.o)
                0x0000000000000b18                __aeabi_ldiv0
                0x0000000000000b18                __aeabi_idiv0
 .text          0x0000000000000b1c       0x10 /home/anders/ncs/toolchains/b2ecd2435d/opt/zephyr-sdk/arm-zephyr-eabi/arm-zephyr-eabi/lib/thumb/v7e-m/nofp/libc_nano.a(lib_a-strlen.o)
                0x0000000000000b1c                strlen
 .text          0x0000000000000b2c      0x2a0 /home/anders/ncs/toolchains/b2ecd2435d/opt/zephyr-sdk/arm-zephyr-eabi/bin/../lib/gcc/arm-zephyr-eabi/12.2.0/thumb/v7e-m/nofp/libgcc.a(_udivmoddi4.o)
                0x0000000000000b2c                __udivmoddi4
 *(SORT_BY_ALIGNMENT(.text.*))
 *fill*         0x0000000000000dcc        0x4 
 .text.get_ms   0x0000000000000dd0       0x78 app/libapp.a(clock.c.obj)
                0x0000000000000dd0                get_ms
 .text.imu_get_temp
                0x0000000000000e48       0x44 app/libapp.a(imu.c.obj)
                0x0000000000000e48                imu_get_temp
 *fill*         0x0000000000000e8c        0x4 
 .text._dtoa_r  0x0000000000000e90      0xc5c /home/anders/ncs/toolchains/b2ecd2435d/opt/zephyr-sdk/arm-zephyr-eabi/arm-zephyr-eabi/lib/thumb/v7e-m/nofp/libc_nano.a(lib_a-dtoa.o)
                0x0000000000000e90                _dtoa_r
 .text.clock_update_thread_entry
                0x0000000000001aec       0x18 app/libapp.a(main.c.obj)
                0x0000000000001aec                clock_update_thread_entry
 .text.ui_refresh_thread_entry
                0x0000000000001b04       0x28 app/libapp.a(main.c.obj)
                0x0000000000001b04                ui_refresh_thread_entry
 .text.display_timeout_thread_entry
                0x0000000000001b2c       0x28 app/libapp.a(main.c.obj)
                0x0000000000001b2c                display_timeout_thread_entry
 .text.button_handler_thread_entry
                0x0000000000001b54       0x9c app/libapp.a(main.c.obj)
                0x0000000000001b54                button_handler_thread_entry
 .text.main     0x0000000000001bf0      0x150 app/libapp.a(main.c.obj)
                0x0000000000001bf0                main
 .text.get_raw_ms
                0x0000000000001d40       0x20 app/libapp.a(clock.c.obj)
                0x0000000000001d40                get_raw_ms
 .text.get_sys_time
                0x0000000000001d60       0x78 app/libapp.a(clock.c.obj)
                0x0000000000001d60                get_sys_time
 .text.z_impl_gpio_pin_interrupt_configure
                0x0000000000001dd8       0x34 app/libapp.a(interrupt.c.obj)
 .text.btn_int2_handler
                0x0000000000001e0c       0x10 app/libapp.a(interrupt.c.obj)
 .text.btn_int1_handler
                0x0000000000001e1c       0x10 app/libapp.a(interrupt.c.obj)
 .text.config_all_interrupts
                0x0000000000001e2c       0x74 app/libapp.a(interrupt.c.obj)
                0x0000000000001e2c                config_all_interrupts
 .text.timer0_callback
                0x0000000000001ea0       0x64 app/libapp.a(timer.c.obj)
 .text.timer1_callback
                0x0000000000001f04       0x10 app/libapp.a(timer.c.obj)
 .text.timer2_callback
                0x0000000000001f14       0x10 app/libapp.a(timer.c.obj)
 .text.timer3_callback
                0x0000000000001f24       0x10 app/libapp.a(timer.c.obj)
 .text.timer_start
                0x0000000000001f34       0x7c app/libapp.a(timer.c.obj)
                0x0000000000001f34                timer_start
 .text.pick_led
                0x0000000000001fb0       0x28 app/libapp.a(led.c.obj)
                0x0000000000001fb0                pick_led
 .text.led_init
                0x0000000000001fd8       0x64 app/libapp.a(led.c.obj)
                0x0000000000001fd8                led_init
 .text.led_fast_blink
                0x000000000000203c       0x34 app/libapp.a(led.c.obj)
                0x000000000000203c                led_fast_blink
 .text.init_display
                0x0000000000002070       0x24 app/libapp.a(display.c.obj)
                0x0000000000002070                init_display
 .text.printLine
                0x0000000000002094       0x58 app/libapp.a(display.c.obj)
                0x0000000000002094                printLine
 .text.initCommands
                0x00000000000020ec       0x28 app/libapp.a(st7735s.c.obj)
                0x00000000000020ec                initCommands
 .text.ST7735S_sleepIn
                0x0000000000002114       0x28 app/libapp.a(st7735s.c.obj)
                0x0000000000002114                ST7735S_sleepIn
 .text.ST7735S_sleepOut
                0x000000000000213c       0x28 app/libapp.a(st7735s.c.obj)
                0x000000000000213c                ST7735S_sleepOut
 .text.resetWindow
                0x0000000000002164       0x38 app/libapp.a(st7735s.c.obj)
                0x0000000000002164                resetWindow
 .text.updateWindow
                0x000000000000219c       0x5c app/libapp.a(st7735s.c.obj)
                0x000000000000219c                updateWindow
 .text.ST7735S_flush
                0x00000000000021f8      0x104 app/libapp.a(st7735s.c.obj)
                0x00000000000021f8                ST7735S_flush
 .text.set_hvpixel
                0x00000000000022fc      0x154 app/libapp.a(st7735s.c.obj)
                0x00000000000022fc                set_hvpixel
 .text.ST7735S_Pixel
                0x0000000000002450       0x24 app/libapp.a(st7735s.c.obj)
                0x0000000000002450                ST7735S_Pixel
 .text.ST7735S_bgPixel
                0x0000000000002474       0x44 app/libapp.a(st7735s.c.obj)
                0x0000000000002474                ST7735S_bgPixel
 .text.SPI_Init_ST7735
                0x00000000000024b8       0x48 app/libapp.a(st7735s_compat.c.obj)
                0x00000000000024b8                SPI_Init_ST7735
 .text.Pin_RES_High
                0x0000000000002500       0x14 app/libapp.a(st7735s_compat.c.obj)
                0x0000000000002500                Pin_RES_High
 .text.Pin_RES_Low
                0x0000000000002514       0x14 app/libapp.a(st7735s_compat.c.obj)
                0x0000000000002514                Pin_RES_Low
 .text.Pin_DC_High
                0x0000000000002528       0x18 app/libapp.a(st7735s_compat.c.obj)
                0x0000000000002528                Pin_DC_High
 .text.Pin_DC_Low
                0x0000000000002540       0x18 app/libapp.a(st7735s_compat.c.obj)
                0x0000000000002540                Pin_DC_Low
 .text.Pin_BLK_Pct
                0x0000000000002558        0xc app/libapp.a(st7735s_compat.c.obj)
                0x0000000000002558                Pin_BLK_Pct
 .text.SPI_send
                0x0000000000002564       0x24 app/libapp.a(st7735s_compat.c.obj)
                0x0000000000002564                SPI_send
 .text.fillScreen
                0x0000000000002588       0x20 app/libapp.a(gfx.c.obj)
                0x0000000000002588                fillScreen
 .text.setFont  0x00000000000025a8       0x30 app/libapp.a(gfx.c.obj)
                0x00000000000025a8                setFont
 .text._lookupGlyph
                0x00000000000025d8       0x7c app/libapp.a(gfx.c.obj)
                0x00000000000025d8                _lookupGlyph
 .text.drawGlyph
                0x0000000000002654       0x8c app/libapp.a(gfx.c.obj)
                0x0000000000002654                drawGlyph
 .text.drawText
                0x00000000000026e0       0x2c app/libapp.a(gfx.c.obj)
                0x00000000000026e0                drawText
 .text.setColorC
                0x000000000000270c       0x1c app/libapp.a(gfx.c.obj)
                0x000000000000270c                setColorC
 .text.display_out_bms
                0x0000000000002728       0x24 app/libapp.a(ui_display.c.obj)
                0x0000000000002728                display_out_bms
 .text.display_out_time
                0x000000000000274c       0x30 app/libapp.a(ui_display.c.obj)
                0x000000000000274c                display_out_time
 .text.display_out_pedometer
                0x000000000000277c       0x24 app/libapp.a(ui_display.c.obj)
                0x000000000000277c                display_out_pedometer
 .text.display_out_temp
                0x00000000000027a0       0x24 app/libapp.a(ui_display.c.obj)
                0x00000000000027a0                display_out_temp
 .text.display_out_imu
                0x00000000000027c4       0x58 app/libapp.a(ui_display.c.obj)
                0x00000000000027c4                display_out_imu
 .text.display_out_measurement
                0x000000000000281c       0x30 app/libapp.a(ui_display.c.obj)
                0x000000000000281c                display_out_measurement
 .text.initMenu
                0x000000000000284c       0x14 app/libapp.a(ui_menu.c.obj)
                0x000000000000284c                initMenu
 .text.updateMainMenuScreen
                0x0000000000002860       0x5c app/libapp.a(ui_menu.c.obj)
                0x0000000000002860                updateMainMenuScreen
 .text.returnMenu
                0x00000000000028bc       0x24 app/libapp.a(ui_menu.c.obj)
                0x00000000000028bc                returnMenu
 .text.updateCursor
                0x00000000000028e0       0x3c app/libapp.a(ui_menu.c.obj)
                0x00000000000028e0                updateCursor
 .text.commenceUIAction
                0x000000000000291c       0x1c app/libapp.a(ui_menu.c.obj)
                0x000000000000291c                commenceUIAction
 .text.changeMainMenuPosition
                0x0000000000002938       0x40 app/libapp.a(ui_menu.c.obj)
                0x0000000000002938                changeMainMenuPosition
 .text.get_running_state
                0x0000000000002978        0xc app/libapp.a(ui_menu.c.obj)
                0x0000000000002978                get_running_state
 .text.updateSubMenuScreen
                0x0000000000002984       0x9c app/libapp.a(ui_menu.c.obj)
                0x0000000000002984                updateSubMenuScreen
 .text.changeSubMenuPosition
                0x0000000000002a20       0x50 app/libapp.a(ui_menu.c.obj)
                0x0000000000002a20                changeSubMenuPosition
 .text.updateMenuScreen
                0x0000000000002a70       0x98 app/libapp.a(ui_menu.c.obj)
                0x0000000000002a70                updateMenuScreen
 .text.init_ui  0x0000000000002b08       0x24 app/libapp.a(ui.c.obj)
                0x0000000000002b08                init_ui
 .text.ui_refresh
                0x0000000000002b2c       0x70 app/libapp.a(ui.c.obj)
                0x0000000000002b2c                ui_refresh
 .text.change_ui_mode
                0x0000000000002b9c       0x4c app/libapp.a(ui.c.obj)
                0x0000000000002b9c                change_ui_mode
 .text.reset_uifunc_params
                0x0000000000002be8        0xc app/libapp.a(UIFunctions.c.obj)
                0x0000000000002be8                reset_uifunc_params
 .text.system_prompt_for_time_UI_FUNC
                0x0000000000002bf4       0xf4 app/libapp.a(UIFunctions.c.obj)
                0x0000000000002bf4                system_prompt_for_time_UI_FUNC
 .text.system_change_display_contrast_UI_FUNC
                0x0000000000002ce8       0x60 app/libapp.a(UIFunctions.c.obj)
                0x0000000000002ce8                system_change_display_contrast_UI_FUNC
 .text.imutempRead_UI_FUNC
                0x0000000000002d48       0x18 app/libapp.a(UIFunctions.c.obj)
                0x0000000000002d48                imutempRead_UI_FUNC
 .text.imu_deque
                0x0000000000002d60       0x30 app/libapp.a(imu.c.obj)
                0x0000000000002d60                imu_deque
 .text.getTempDataFromIMUReg
                0x0000000000002d90       0x10 app/libapp.a(ICM_42670.c.obj)
                0x0000000000002d90                getTempDataFromIMUReg
 .text.inv_imu_get_temp_register
                0x0000000000002da0       0x5c app/libapp.a(inv_imu_driver.c.obj)
                0x0000000000002da0                inv_imu_get_temp_register
 .text.get_register_cache_addr
                0x0000000000002dfc       0x3c app/libapp.a(inv_imu_transport.c.obj)
 .text.inv_imu_switch_off_mclk
                0x0000000000002e38       0x70 app/libapp.a(inv_imu_transport.c.obj)
                0x0000000000002e38                inv_imu_switch_off_mclk
 .text.inv_imu_switch_on_mclk
                0x0000000000002ea8       0xbc app/libapp.a(inv_imu_transport.c.obj)
                0x0000000000002ea8                inv_imu_switch_on_mclk
 .text.cbvprintf_package
                0x0000000000002f64      0x4b4 zephyr/libzephyr.a(cbprintf_packaged.c.obj)
                0x0000000000002f64                cbvprintf_package
 .text.cbprintf_package_convert
                0x0000000000003418      0x4c4 zephyr/libzephyr.a(cbprintf_packaged.c.obj)
                0x0000000000003418                cbprintf_package_convert
 .text.__printk_hook_install
                0x00000000000038dc        0xc zephyr/libzephyr.a(printk.c.obj)
                0x00000000000038dc                __printk_hook_install
 .text.vsnprintk
                0x00000000000038e8       0x30 zephyr/libzephyr.a(printk.c.obj)
                0x00000000000038e8                vsnprintk
 .text.extract_decimal
                0x0000000000003918       0x2c zephyr/libzephyr.a(cbprintf_complete.c.obj)
 .text.extract_flags
                0x0000000000003944       0xc4 zephyr/libzephyr.a(cbprintf_complete.c.obj)
 .text.encode_uint
                0x0000000000003a08       0xac zephyr/libzephyr.a(cbprintf_complete.c.obj)
 .text.z_cbvprintf_impl
                0x0000000000003ab4      0x598 zephyr/libzephyr.a(cbprintf_complete.c.obj)
                0x0000000000003ab4                z_cbvprintf_impl
 .text.process_event
                0x000000000000404c      0x16c zephyr/libzephyr.a(onoff.c.obj)
 .text.msg_process
                0x00000000000041b8       0x3c zephyr/libzephyr.a(log_core.c.obj)
 .text.log_backend_notify_all
                0x00000000000041f4       0x30 zephyr/libzephyr.a(log_core.c.obj)
 .text.activate_foreach_backend
                0x0000000000004224       0x64 zephyr/libzephyr.a(log_core.c.obj)
 .text.z_log_init
                0x0000000000004288       0x94 zephyr/libzephyr.a(log_core.c.obj)
 .text.thread_set
                0x000000000000431c       0x28 zephyr/libzephyr.a(log_core.c.obj)
 .text.log_process_thread_timer_expiry_fn
                0x0000000000004344       0x10 zephyr/libzephyr.a(log_core.c.obj)
 .text.enable_logger
                0x0000000000004354       0x5c zephyr/libzephyr.a(log_core.c.obj)
 .text.log_format_func_t_get
                0x00000000000043b0        0xc zephyr/libzephyr.a(log_core.c.obj)
                0x00000000000043b0                log_format_func_t_get
 .text.log_set_timestamp_func
                0x00000000000043bc       0x24 zephyr/libzephyr.a(log_core.c.obj)
                0x00000000000043bc                log_set_timestamp_func
 .text.z_log_notify_backend_enabled
                0x00000000000043e0       0x20 zephyr/libzephyr.a(log_core.c.obj)
                0x00000000000043e0                z_log_notify_backend_enabled
 .text.z_log_dropped
                0x0000000000004400       0x54 zephyr/libzephyr.a(log_core.c.obj)
                0x0000000000004400                z_log_dropped
 .text.z_log_dropped_read_and_clear
                0x0000000000004454       0x20 zephyr/libzephyr.a(log_core.c.obj)
                0x0000000000004454                z_log_dropped_read_and_clear
 .text.dropped_notify
                0x0000000000004474       0x38 zephyr/libzephyr.a(log_core.c.obj)
                0x0000000000004474                dropped_notify
 .text.z_log_dropped_pending
                0x00000000000044ac       0x14 zephyr/libzephyr.a(log_core.c.obj)
                0x00000000000044ac                z_log_dropped_pending
 .text.z_log_msg_init
                0x00000000000044c0       0x20 zephyr/libzephyr.a(log_core.c.obj)
                0x00000000000044c0                z_log_msg_init
 .text.log_core_init
                0x00000000000044e0       0x50 zephyr/libzephyr.a(log_core.c.obj)
                0x00000000000044e0                log_core_init
 .text.z_log_msg_alloc
                0x0000000000004530       0x10 zephyr/libzephyr.a(log_core.c.obj)
                0x0000000000004530                z_log_msg_alloc
 .text.z_log_msg_local_claim
                0x0000000000004540       0x10 zephyr/libzephyr.a(log_core.c.obj)
                0x0000000000004540                z_log_msg_local_claim
 .text.z_log_msg_free
                0x0000000000004550       0x14 zephyr/libzephyr.a(log_core.c.obj)
                0x0000000000004550                z_log_msg_free
 .text.z_log_msg_pending
                0x0000000000004564       0x10 zephyr/libzephyr.a(log_core.c.obj)
                0x0000000000004564                z_log_msg_pending
 .text.z_impl_log_process
                0x0000000000004574       0xbc zephyr/libzephyr.a(log_core.c.obj)
                0x0000000000004574                z_impl_log_process
 .text.z_impl_log_panic
                0x0000000000004630       0x4c zephyr/libzephyr.a(log_core.c.obj)
                0x0000000000004630                z_impl_log_panic
 .text.z_log_msg_post_finalize
                0x000000000000467c       0x84 zephyr/libzephyr.a(log_core.c.obj)
 .text.z_log_msg_commit
                0x0000000000004700       0x20 zephyr/libzephyr.a(log_core.c.obj)
                0x0000000000004700                z_log_msg_commit
 .text.log_process_thread_func
                0x0000000000004720       0x70 zephyr/libzephyr.a(log_core.c.obj)
 .text.log_src_cnt_get
                0x0000000000004790       0x14 zephyr/libzephyr.a(log_mgmt.c.obj)
                0x0000000000004790                log_src_cnt_get
 .text.log_source_name_get
                0x00000000000047a4       0x1c zephyr/libzephyr.a(log_mgmt.c.obj)
                0x00000000000047a4                log_source_name_get
 .text.cbprintf_package_copy
                0x00000000000047c0       0x30 zephyr/libzephyr.a(log_msg.c.obj)
 .text.z_impl_z_log_msg_static_create
                0x00000000000047f0      0x158 zephyr/libzephyr.a(log_msg.c.obj)
                0x00000000000047f0                z_impl_z_log_msg_static_create
 .text.z_log_msg_runtime_vcreate
                0x0000000000004948       0xac zephyr/libzephyr.a(log_msg.c.obj)
                0x0000000000004948                z_log_msg_runtime_vcreate
 .text.log_msg_get_source_id
                0x00000000000049f4       0x18 zephyr/libzephyr.a(log_msg.c.obj)
                0x00000000000049f4                log_msg_get_source_id
 .text.print_formatted
                0x0000000000004a0c       0x28 zephyr/libzephyr.a(log_output.c.obj)
 .text.timestamp_print
                0x0000000000004a34       0x8c zephyr/libzephyr.a(log_output.c.obj)
 .text.color_print
                0x0000000000004ac0       0x2c zephyr/libzephyr.a(log_output.c.obj)
 .text.ids_print
                0x0000000000004aec       0x70 zephyr/libzephyr.a(log_output.c.obj)
 .text.prefix_print
                0x0000000000004b5c       0x88 zephyr/libzephyr.a(log_output.c.obj)
 .text.newline_print
                0x0000000000004be4       0x28 zephyr/libzephyr.a(log_output.c.obj)
 .text.hexdump_line_print
                0x0000000000004c0c       0xc4 zephyr/libzephyr.a(log_output.c.obj)
 .text.log_output_process
                0x0000000000004cd0       0x88 zephyr/libzephyr.a(log_output.c.obj)
                0x0000000000004cd0                log_output_process
 .text.log_output_dropped_process
                0x0000000000004d58       0x84 zephyr/libzephyr.a(log_output.c.obj)
                0x0000000000004d58                log_output_dropped_process
 .text.log_output_timestamp_freq_set
                0x0000000000004ddc       0x2c zephyr/libzephyr.a(log_output.c.obj)
                0x0000000000004ddc                log_output_timestamp_freq_set
 .text.char_out
                0x0000000000004e08       0x24 zephyr/libzephyr.a(log_backend_uart.c.obj)
 .text.mem_attr_get_regions
                0x0000000000004e2c        0xc zephyr/libzephyr.a(mem_attr.c.obj)
                0x0000000000004e2c                mem_attr_get_regions
 .text.boot_banner
                0x0000000000004e38       0x18 zephyr/libzephyr.a(banner.c.obj)
                0x0000000000004e38                boot_banner
 .text.esf_dump
                0x0000000000004e50      0x160 zephyr/arch/arch/arm/core/libarch__arm__core.a(fatal.c.obj)
 .text.z_arm_fatal_error
                0x0000000000004fb0       0x38 zephyr/arch/arch/arm/core/libarch__arm__core.a(fatal.c.obj)
                0x0000000000004fb0                z_arm_fatal_error
 .text.z_SysNmiOnReset
                0x0000000000004fe8        0x8 zephyr/arch/arch/arm/core/libarch__arm__core.a(nmi_on_reset.S.obj)
                0x0000000000004fe8                z_SysNmiOnReset
 .text._HandlerModeExit
                0x0000000000004ff0       0x20 zephyr/arch/arch/arm/core/cortex_m/libarch__arm__core__cortex_m.a(exc_exit.c.obj)
                0x0000000000004ff0                z_arm_exc_exit
                0x0000000000004ff0                z_arm_int_exit
 .text.z_arm_is_synchronous_svc
                0x0000000000005010       0x3c zephyr/arch/arch/arm/core/cortex_m/libarch__arm__core__cortex_m.a(fault.c.obj)
 .text.get_esf  0x000000000000504c       0x48 zephyr/arch/arch/arm/core/cortex_m/libarch__arm__core__cortex_m.a(fault.c.obj)
 .text.usage_fault
                0x0000000000005094       0xd4 zephyr/arch/arch/arm/core/cortex_m/libarch__arm__core__cortex_m.a(fault.c.obj)
 .text.debug_monitor
                0x0000000000005168       0x1c zephyr/arch/arch/arm/core/cortex_m/libarch__arm__core__cortex_m.a(fault.c.obj)
 .text.reserved_exception
                0x0000000000005184       0xd8 zephyr/arch/arch/arm/core/cortex_m/libarch__arm__core__cortex_m.a(fault.c.obj)
 .text.mem_manage_fault
                0x000000000000525c      0x114 zephyr/arch/arch/arm/core/cortex_m/libarch__arm__core__cortex_m.a(fault.c.obj)
 .text.bus_fault
                0x0000000000005370      0x110 zephyr/arch/arch/arm/core/cortex_m/libarch__arm__core__cortex_m.a(fault.c.obj)
 .text.hard_fault
                0x0000000000005480       0xd0 zephyr/arch/arch/arm/core/cortex_m/libarch__arm__core__cortex_m.a(fault.c.obj)
 .text.z_arm_fault
                0x0000000000005550       0x88 zephyr/arch/arch/arm/core/cortex_m/libarch__arm__core__cortex_m.a(fault.c.obj)
                0x0000000000005550                z_arm_fault
 .text.z_arm_fault_init
                0x00000000000055d8       0x18 zephyr/arch/arch/arm/core/cortex_m/libarch__arm__core__cortex_m.a(fault.c.obj)
                0x00000000000055d8                z_arm_fault_init
 .text.__fault  0x00000000000055f0       0x14 zephyr/arch/arch/arm/core/cortex_m/libarch__arm__core__cortex_m.a(fault_s.S.obj)
                0x00000000000055f0                z_arm_bus_fault
                0x00000000000055f0                z_arm_usage_fault
                0x00000000000055f0                z_arm_mpu_fault
                0x00000000000055f0                z_arm_exc_spurious
                0x00000000000055f0                z_arm_debug_monitor
                0x00000000000055f0                z_arm_hard_fault
 .text._reset_section
                0x0000000000005604       0x60 zephyr/arch/arch/arm/core/cortex_m/libarch__arm__core__cortex_m.a(reset.S.obj)
                0x0000000000005604                z_arm_reset
                0x0000000000005604                __start
 .text.z_arm_clear_arm_mpu_config
                0x0000000000005664       0x28 zephyr/arch/arch/arm/core/cortex_m/libarch__arm__core__cortex_m.a(scb.c.obj)
                0x0000000000005664                z_arm_clear_arm_mpu_config
 .text.z_arm_init_arch_hw_at_boot
                0x000000000000568c       0x54 zephyr/arch/arch/arm/core/cortex_m/libarch__arm__core__cortex_m.a(scb.c.obj)
                0x000000000000568c                z_arm_init_arch_hw_at_boot
 .text.z_impl_k_thread_abort
                0x00000000000056e0       0x34 zephyr/arch/arch/arm/core/cortex_m/libarch__arm__core__cortex_m.a(thread_abort.c.obj)
                0x00000000000056e0                z_impl_k_thread_abort
 .text.z_arm_pendsv
                0x0000000000005714       0x4c zephyr/arch/arch/arm/core/cortex_m/libarch__arm__core__cortex_m.a(swap_helper.S.obj)
                0x0000000000005714                z_arm_pendsv
 .text.z_arm_svc
                0x0000000000005760       0x24 zephyr/arch/arch/arm/core/cortex_m/libarch__arm__core__cortex_m.a(swap_helper.S.obj)
                0x0000000000005760                z_arm_svc
 .text.__NVIC_EnableIRQ
                0x0000000000005784       0x1c zephyr/arch/arch/arm/core/cortex_m/libarch__arm__core__cortex_m.a(irq_manage.c.obj)
 .text.__NVIC_DisableIRQ
                0x00000000000057a0       0x24 zephyr/arch/arch/arm/core/cortex_m/libarch__arm__core__cortex_m.a(irq_manage.c.obj)
 .text.__NVIC_SetPriority
                0x00000000000057c4       0x28 zephyr/arch/arch/arm/core/cortex_m/libarch__arm__core__cortex_m.a(irq_manage.c.obj)
 .text.arm_irq_is_enabled
                0x00000000000057ec       0x1c zephyr/arch/arch/arm/core/cortex_m/libarch__arm__core__cortex_m.a(irq_manage.c.obj)
                0x00000000000057ec                arm_irq_is_enabled
 .text.relocate_vector_table
                0x0000000000005808       0x1c zephyr/arch/arch/arm/core/cortex_m/libarch__arm__core__cortex_m.a(prep_c.c.obj)
                0x0000000000005808                relocate_vector_table
 .text.z_prep_c
                0x0000000000005824       0x28 zephyr/arch/arch/arm/core/cortex_m/libarch__arm__core__cortex_m.a(prep_c.c.obj)
                0x0000000000005824                z_prep_c
 .text.arch_new_thread
                0x000000000000584c       0x44 zephyr/arch/arch/arm/core/cortex_m/libarch__arm__core__cortex_m.a(thread.c.obj)
                0x000000000000584c                arch_new_thread
 .text.arch_switch_to_main_thread
                0x0000000000005890       0x30 zephyr/arch/arch/arm/core/cortex_m/libarch__arm__core__cortex_m.a(thread.c.obj)
                0x0000000000005890                arch_switch_to_main_thread
 .text.z_arm_cpu_idle_init
                0x00000000000058c0        0xc zephyr/arch/arch/arm/core/cortex_m/libarch__arm__core__cortex_m.a(cpu_idle.c.obj)
                0x00000000000058c0                z_arm_cpu_idle_init
 .text.z_arm_interrupt_init
                0x00000000000058cc       0x34 zephyr/arch/arch/arm/core/cortex_m/libarch__arm__core__cortex_m.a(irq_init.c.obj)
                0x00000000000058cc                z_arm_interrupt_init
 .text._isr_wrapper
                0x0000000000005900       0x20 zephyr/arch/arch/arm/core/cortex_m/libarch__arm__core__cortex_m.a(isr_wrapper.c.obj)
                0x0000000000005900                _isr_wrapper
 .text.z_arm_configure_static_mpu_regions
                0x0000000000005920       0x1c zephyr/arch/arch/arm/core/mpu/libarch__arm__core__mpu.a(arm_core_mpu.c.obj)
                0x0000000000005920                z_arm_configure_static_mpu_regions
 .text.region_init
                0x000000000000593c       0x28 zephyr/arch/arch/arm/core/mpu/libarch__arm__core__mpu.a(arm_mpu.c.obj)
 .text.region_allocate_and_init
                0x0000000000005964       0x3c zephyr/arch/arch/arm/core/mpu/libarch__arm__core__mpu.a(arm_mpu.c.obj)
 .text.mpu_configure_regions
                0x00000000000059a0       0x64 zephyr/arch/arch/arm/core/mpu/libarch__arm__core__mpu.a(arm_mpu.c.obj)
 .text.mpu_configure_static_mpu_regions
                0x0000000000005a04       0x14 zephyr/arch/arch/arm/core/mpu/libarch__arm__core__mpu.a(arm_mpu.c.obj)
 .text.arm_core_mpu_enable
                0x0000000000005a18       0x18 zephyr/arch/arch/arm/core/mpu/libarch__arm__core__mpu.a(arm_mpu.c.obj)
                0x0000000000005a18                arm_core_mpu_enable
 .text.arm_core_mpu_disable
                0x0000000000005a30       0x14 zephyr/arch/arch/arm/core/mpu/libarch__arm__core__mpu.a(arm_mpu.c.obj)
                0x0000000000005a30                arm_core_mpu_disable
 .text.z_arm_mpu_init
                0x0000000000005a44       0x80 zephyr/arch/arch/arm/core/mpu/libarch__arm__core__mpu.a(arm_mpu.c.obj)
                0x0000000000005a44                z_arm_mpu_init
 .text.__stdout_hook_install
                0x0000000000005ac4        0xc zephyr/lib/libc/newlib/liblib__libc__newlib.a(libc-hooks.c.obj)
                0x0000000000005ac4                __stdout_hook_install
 .text.z_impl_zephyr_read_stdin
                0x0000000000005ad0       0x2c zephyr/lib/libc/newlib/liblib__libc__newlib.a(libc-hooks.c.obj)
                0x0000000000005ad0                z_impl_zephyr_read_stdin
 .text.z_impl_zephyr_write_stdout
                0x0000000000005afc       0x34 zephyr/lib/libc/newlib/liblib__libc__newlib.a(libc-hooks.c.obj)
                0x0000000000005afc                z_impl_zephyr_write_stdout
 .text._sbrk    0x0000000000005b30       0x2c zephyr/lib/libc/newlib/liblib__libc__newlib.a(libc-hooks.c.obj)
                0x0000000000005b30                _sbrk
                0x0000000000005b30                sbrk
 .text.abort    0x0000000000005b5c       0x1c zephyr/lib/libc/common/liblib__libc__common.a(abort.c.obj)
                0x0000000000005b5c                abort
 .text.nordicsemi_nrf52_init
                0x0000000000005b78       0x10 zephyr/soc/soc/nrf52832/libsoc__nordic.a(soc.c.obj)
 .text.arch_busy_wait
                0x0000000000005b88       0x18 zephyr/soc/soc/nrf52832/libsoc__nordic.a(soc.c.obj)
                0x0000000000005b88                arch_busy_wait
 .text.get_hf_flags
                0x0000000000005ba0        0x8 zephyr/drivers/clock_control/libdrivers__clock_control.a(clock_control_nrf.c.obj)
 .text.get_subsys
                0x0000000000005ba8       0x18 zephyr/drivers/clock_control/libdrivers__clock_control.a(clock_control_nrf.c.obj)
 .text.onoff_stop
                0x0000000000005bc0       0x20 zephyr/drivers/clock_control/libdrivers__clock_control.a(clock_control_nrf.c.obj)
 .text.onoff_start
                0x0000000000005be0       0x34 zephyr/drivers/clock_control/libdrivers__clock_control.a(clock_control_nrf.c.obj)
 .text.generic_hfclk_start
                0x0000000000005c14       0x70 zephyr/drivers/clock_control/libdrivers__clock_control.a(clock_control_nrf.c.obj)
 .text.generic_hfclk_stop
                0x0000000000005c84       0x34 zephyr/drivers/clock_control/libdrivers__clock_control.a(clock_control_nrf.c.obj)
 .text.lfclk_spinwait
                0x0000000000005cb8       0x7c zephyr/drivers/clock_control/libdrivers__clock_control.a(clock_control_nrf.c.obj)
 .text.api_blocking_start
                0x0000000000005d34       0x3c zephyr/drivers/clock_control/libdrivers__clock_control.a(clock_control_nrf.c.obj)
 .text.clk_init
                0x0000000000005d70       0x68 zephyr/drivers/clock_control/libdrivers__clock_control.a(clock_control_nrf.c.obj)
 .text.clock_event_handler
                0x0000000000005dd8       0x40 zephyr/drivers/clock_control/libdrivers__clock_control.a(clock_control_nrf.c.obj)
 .text.anomaly_132_workaround
                0x0000000000005e18       0x20 zephyr/drivers/clock_control/libdrivers__clock_control.a(clock_control_nrf.c.obj)
 .text.z_nrf_clock_control_get_onoff
                0x0000000000005e38       0x10 zephyr/drivers/clock_control/libdrivers__clock_control.a(clock_control_nrf.c.obj)
                0x0000000000005e38                z_nrf_clock_control_get_onoff
 .text.z_nrf_clock_control_lf_on
                0x0000000000005e48       0x54 zephyr/drivers/clock_control/libdrivers__clock_control.a(clock_control_nrf.c.obj)
                0x0000000000005e48                z_nrf_clock_control_lf_on
 .text.get_temperature
                0x0000000000005e9c       0x44 zephyr/drivers/clock_control/libdrivers__clock_control.a(nrf_clock_calibration.c.obj)
 .text.hf_release
                0x0000000000005ee0       0x10 zephyr/drivers/clock_control/libdrivers__clock_control.a(nrf_clock_calibration.c.obj)
 .text.start_cycle
                0x0000000000005ef0       0x30 zephyr/drivers/clock_control/libdrivers__clock_control.a(nrf_clock_calibration.c.obj)
 .text.start_hw_cal
                0x0000000000005f20       0x14 zephyr/drivers/clock_control/libdrivers__clock_control.a(nrf_clock_calibration.c.obj)
 .text.cal_hf_callback
                0x0000000000005f34       0x20 zephyr/drivers/clock_control/libdrivers__clock_control.a(nrf_clock_calibration.c.obj)
 .text.measure_temperature
                0x0000000000005f54       0x6c zephyr/drivers/clock_control/libdrivers__clock_control.a(nrf_clock_calibration.c.obj)
 .text.hf_request
                0x0000000000005fc0       0x1c zephyr/drivers/clock_control/libdrivers__clock_control.a(nrf_clock_calibration.c.obj)
 .text.start_cal_process
                0x0000000000005fdc       0x2c zephyr/drivers/clock_control/libdrivers__clock_control.a(nrf_clock_calibration.c.obj)
 .text.start_unconditional_cal_process
                0x0000000000006008       0x14 zephyr/drivers/clock_control/libdrivers__clock_control.a(nrf_clock_calibration.c.obj)
 .text.z_nrf_clock_calibration_init
                0x000000000000601c       0x1c zephyr/drivers/clock_control/libdrivers__clock_control.a(nrf_clock_calibration.c.obj)
                0x000000000000601c                z_nrf_clock_calibration_init
 .text.z_nrf_clock_calibration_lfclk_stopped
                0x0000000000006038       0x10 zephyr/drivers/clock_control/libdrivers__clock_control.a(nrf_clock_calibration.c.obj)
                0x0000000000006038                z_nrf_clock_calibration_lfclk_stopped
 .text.z_nrf_clock_calibration_done_handler
                0x0000000000006048       0x14 zephyr/drivers/clock_control/libdrivers__clock_control.a(nrf_clock_calibration.c.obj)
                0x0000000000006048                z_nrf_clock_calibration_done_handler
 .text.console_out
                0x000000000000605c       0x28 zephyr/drivers/console/libdrivers__console.a(uart_console.c.obj)
 .text.uart_console_hook_install
                0x0000000000006084       0x18 zephyr/drivers/console/libdrivers__console.a(uart_console.c.obj)
 .text.uart_console_init
                0x000000000000609c       0x1c zephyr/drivers/console/libdrivers__console.a(uart_console.c.obj)
 .text.get_dev  0x00000000000060b8       0x10 zephyr/drivers/gpio/libdrivers__gpio.a(gpio_nrfx.c.obj)
 .text.gpio_nrfx_pin_interrupt_configure
                0x00000000000060c8      0x114 zephyr/drivers/gpio/libdrivers__gpio.a(gpio_nrfx.c.obj)
 .text.gpio_nrfx_pin_configure
                0x00000000000061dc      0x1b8 zephyr/drivers/gpio/libdrivers__gpio.a(gpio_nrfx.c.obj)
 .text.gpio_nrfx_init
                0x0000000000006394       0x5c zephyr/drivers/gpio/libdrivers__gpio.a(gpio_nrfx.c.obj)
 .text.nrf_gpio_cfg
                0x00000000000063f0       0x44 zephyr/drivers/pinctrl/libdrivers__pinctrl.a(pinctrl_nrf.c.obj)
 .text.pinctrl_configure_pins
                0x0000000000006434      0x128 zephyr/drivers/pinctrl/libdrivers__pinctrl.a(pinctrl_nrf.c.obj)
                0x0000000000006434                pinctrl_configure_pins
 .text.hfclk_on_callback
                0x000000000000655c        0xc zephyr/drivers/sensor/nordic/temp/libdrivers__sensor__nordic__temp.a(temp_nrf5.c.obj)
 .text.temp_nrf5_channel_get
                0x0000000000006568       0x3c zephyr/drivers/sensor/nordic/temp/libdrivers__sensor__nordic__temp.a(temp_nrf5.c.obj)
 .text.temp_nrf5_sample_fetch
                0x00000000000065a4       0x80 zephyr/drivers/sensor/nordic/temp/libdrivers__sensor__nordic__temp.a(temp_nrf5.c.obj)
 .text.temp_nrf5_init
                0x0000000000006624       0x40 zephyr/drivers/sensor/nordic/temp/libdrivers__sensor__nordic__temp.a(temp_nrf5.c.obj)
 .text.temp_nrf5_isr
                0x0000000000006664       0x1c zephyr/drivers/sensor/nordic/temp/libdrivers__sensor__nordic__temp.a(temp_nrf5.c.obj)
 .text.event_txdrdy_check
                0x0000000000006680       0x14 zephyr/drivers/serial/libdrivers__serial.a(uart_nrfx_uart.c.obj)
 .text.event_txdrdy_clear
                0x0000000000006694       0x14 zephyr/drivers/serial/libdrivers__serial.a(uart_nrfx_uart.c.obj)
 .text.baudrate_set
                0x00000000000066a8      0x15c zephyr/drivers/serial/libdrivers__serial.a(uart_nrfx_uart.c.obj)
 .text.uart_nrfx_poll_in
                0x0000000000006804       0x28 zephyr/drivers/serial/libdrivers__serial.a(uart_nrfx_uart.c.obj)
 .text.uart_nrfx_err_check
                0x000000000000682c       0x10 zephyr/drivers/serial/libdrivers__serial.a(uart_nrfx_uart.c.obj)
 .text.uart_nrfx_configure
                0x000000000000683c       0x78 zephyr/drivers/serial/libdrivers__serial.a(uart_nrfx_uart.c.obj)
 .text.uart_nrfx_poll_out
                0x00000000000068b4       0x78 zephyr/drivers/serial/libdrivers__serial.a(uart_nrfx_uart.c.obj)
 .text.uart_nrfx_init
                0x000000000000692c       0x40 zephyr/drivers/serial/libdrivers__serial.a(uart_nrfx_uart.c.obj)
 .text.get_nrf_spi_frequency
                0x000000000000696c       0x68 zephyr/drivers/spi/libdrivers__spi.a(spi_nrfx_spi.c.obj)
 .text.spi_context_wait_for_completion
                0x00000000000069d4       0x74 zephyr/drivers/spi/libdrivers__spi.a(spi_nrfx_spi.c.obj)
 .text.configure
                0x0000000000006a48      0x21c zephyr/drivers/spi/libdrivers__spi.a(spi_nrfx_spi.c.obj)
 .text.transfer_next_chunk
                0x0000000000006c64       0x6c zephyr/drivers/spi/libdrivers__spi.a(spi_nrfx_spi.c.obj)
 .text.event_handler
                0x0000000000006cd0       0xb4 zephyr/drivers/spi/libdrivers__spi.a(spi_nrfx_spi.c.obj)
 .text.transceive
                0x0000000000006d84       0xc8 zephyr/drivers/spi/libdrivers__spi.a(spi_nrfx_spi.c.obj)
 .text.spi_context_cs_configure_all
                0x0000000000006e4c       0xfc zephyr/drivers/spi/libdrivers__spi.a(spi_nrfx_spi.c.obj)
 .text.spi_nrfx_init
                0x0000000000006f48       0x70 zephyr/drivers/spi/libdrivers__spi.a(spi_nrfx_spi.c.obj)
 .text.nrf_gpio_cfg
                0x0000000000006fb8       0x44 zephyr/drivers/spi/libdrivers__spi.a(spi_nrfx_common.c.obj)
 .text.spi_nrfx_wake_init
                0x0000000000006ffc       0x64 zephyr/drivers/spi/libdrivers__spi.a(spi_nrfx_common.c.obj)
                0x0000000000006ffc                spi_nrfx_wake_init
 .text.set_comparator
                0x0000000000007060       0x14 zephyr/drivers/timer/libdrivers__timer.a(nrf_rtc_timer.c.obj)
 .text.event_enable
                0x0000000000007074       0x14 zephyr/drivers/timer/libdrivers__timer.a(nrf_rtc_timer.c.obj)
 .text.event_disable
                0x0000000000007088       0x14 zephyr/drivers/timer/libdrivers__timer.a(nrf_rtc_timer.c.obj)
 .text.counter  0x000000000000709c        0xc zephyr/drivers/timer/libdrivers__timer.a(nrf_rtc_timer.c.obj)
 .text.set_alarm
                0x00000000000070a8       0x88 zephyr/drivers/timer/libdrivers__timer.a(nrf_rtc_timer.c.obj)
 .text.int_event_disable_rtc
                0x0000000000007130       0x18 zephyr/drivers/timer/libdrivers__timer.a(nrf_rtc_timer.c.obj)
 .text.compare_int_lock
                0x0000000000007148       0x4c zephyr/drivers/timer/libdrivers__timer.a(nrf_rtc_timer.c.obj)
 .text.channel_processing_check_and_clear
                0x0000000000007194       0x60 zephyr/drivers/timer/libdrivers__timer.a(nrf_rtc_timer.c.obj)
 .text.compare_int_unlock
                0x00000000000071f4       0x60 zephyr/drivers/timer/libdrivers__timer.a(nrf_rtc_timer.c.obj)
 .text.sys_clock_timeout_handler
                0x0000000000007254       0x50 zephyr/drivers/timer/libdrivers__timer.a(nrf_rtc_timer.c.obj)
 .text.z_nrf_rtc_timer_read
                0x00000000000072a4       0x40 zephyr/drivers/timer/libdrivers__timer.a(nrf_rtc_timer.c.obj)
                0x00000000000072a4                z_nrf_rtc_timer_read
 .text.compare_set_nolocks
                0x00000000000072e4       0xac zephyr/drivers/timer/libdrivers__timer.a(nrf_rtc_timer.c.obj)
 .text.sys_clock_driver_init
                0x0000000000007390       0x9c zephyr/drivers/timer/libdrivers__timer.a(nrf_rtc_timer.c.obj)
 .text.process_channel
                0x000000000000742c       0x7c zephyr/drivers/timer/libdrivers__timer.a(nrf_rtc_timer.c.obj)
 .text.rtc_nrf_isr
                0x00000000000074a8       0x40 zephyr/drivers/timer/libdrivers__timer.a(nrf_rtc_timer.c.obj)
                0x00000000000074a8                rtc_nrf_isr
 .text.sys_clock_set_timeout
                0x00000000000074e8       0x74 zephyr/drivers/timer/libdrivers__timer.a(nrf_rtc_timer.c.obj)
                0x00000000000074e8                sys_clock_set_timeout
 .text.sys_clock_elapsed
                0x000000000000755c       0x14 zephyr/drivers/timer/libdrivers__timer.a(nrf_rtc_timer.c.obj)
                0x000000000000755c                sys_clock_elapsed
 .text.__NVIC_SystemReset
                0x0000000000007570       0x24 modules/hal_nordic/modules/hal_nordic/nrfx/libmodules__hal_nordic__nrfx.a(system_nrf52.c.obj)
 .text.nvmc_wait
                0x0000000000007594       0x10 modules/hal_nordic/modules/hal_nordic/nrfx/libmodules__hal_nordic__nrfx.a(system_nrf52.c.obj)
                0x0000000000007594                nvmc_wait
 .text.nvmc_config
                0x00000000000075a4       0x14 modules/hal_nordic/modules/hal_nordic/nrfx/libmodules__hal_nordic__nrfx.a(system_nrf52.c.obj)
                0x00000000000075a4                nvmc_config
 .text.SystemInit
                0x00000000000075b8      0x1e0 modules/hal_nordic/modules/hal_nordic/nrfx/libmodules__hal_nordic__nrfx.a(system_nrf52.c.obj)
                0x00000000000075b8                SystemInit
 .text.nrfx_flag32_alloc
                0x0000000000007798       0x48 modules/hal_nordic/modules/hal_nordic/nrfx/libmodules__hal_nordic__nrfx.a(nrfx_flag32_allocator.c.obj)
                0x0000000000007798                nrfx_flag32_alloc
 .text.nrfx_flag32_free
                0x00000000000077e0       0x44 modules/hal_nordic/modules/hal_nordic/nrfx/libmodules__hal_nordic__nrfx.a(nrfx_flag32_allocator.c.obj)
                0x00000000000077e0                nrfx_flag32_free
 .text.nrfx_clock_anomaly_132
                0x0000000000007824       0x40 modules/hal_nordic/modules/hal_nordic/nrfx/libmodules__hal_nordic__nrfx.a(nrfx_clock.c.obj)
 .text.clock_stop
                0x0000000000007864       0x90 modules/hal_nordic/modules/hal_nordic/nrfx/libmodules__hal_nordic__nrfx.a(nrfx_clock.c.obj)
 .text.nrfx_clock_init
                0x00000000000078f4       0x28 modules/hal_nordic/modules/hal_nordic/nrfx/libmodules__hal_nordic__nrfx.a(nrfx_clock.c.obj)
                0x00000000000078f4                nrfx_clock_init
 .text.nrfx_clock_enable
                0x000000000000791c       0x20 modules/hal_nordic/modules/hal_nordic/nrfx/libmodules__hal_nordic__nrfx.a(nrfx_clock.c.obj)
                0x000000000000791c                nrfx_clock_enable
 .text.nrfx_clock_start
                0x000000000000793c       0xe4 modules/hal_nordic/modules/hal_nordic/nrfx/libmodules__hal_nordic__nrfx.a(nrfx_clock.c.obj)
                0x000000000000793c                nrfx_clock_start
 .text.nrfx_clock_calibration_start
                0x0000000000007a20       0x9c modules/hal_nordic/modules/hal_nordic/nrfx/libmodules__hal_nordic__nrfx.a(nrfx_clock.c.obj)
                0x0000000000007a20                nrfx_clock_calibration_start
 .text.nrfx_power_clock_irq_handler
                0x0000000000007abc       0x74 modules/hal_nordic/modules/hal_nordic/nrfx/libmodules__hal_nordic__nrfx.a(nrfx_clock.c.obj)
                0x0000000000007abc                nrfx_power_clock_irq_handler
 .text.nrf_gpio_cfg_default
                0x0000000000007b30       0x2c modules/hal_nordic/modules/hal_nordic/nrfx/libmodules__hal_nordic__nrfx.a(nrfx_gpiote.c.obj)
 .text.get_cb   0x0000000000007b5c        0x8 modules/hal_nordic/modules/hal_nordic/nrfx/libmodules__hal_nordic__nrfx.a(nrfx_gpiote.c.obj)
 .text.get_config
                0x0000000000007b64        0x8 modules/hal_nordic/modules/hal_nordic/nrfx/libmodules__hal_nordic__nrfx.a(nrfx_gpiote.c.obj)
 .text.gpiote_output_configure
                0x0000000000007b6c       0xf8 modules/hal_nordic/modules/hal_nordic/nrfx/libmodules__hal_nordic__nrfx.a(nrfx_gpiote.c.obj)
 .text.gpiote_channel_get
                0x0000000000007c64       0x38 modules/hal_nordic/modules/hal_nordic/nrfx/libmodules__hal_nordic__nrfx.a(nrfx_gpiote.c.obj)
 .text.pin_channel_alloc
                0x0000000000007c9c       0x14 modules/hal_nordic/modules/hal_nordic/nrfx/libmodules__hal_nordic__nrfx.a(nrfx_gpiote.c.obj)
 .text.pin_handler_set
                0x0000000000007cb0       0x88 modules/hal_nordic/modules/hal_nordic/nrfx/libmodules__hal_nordic__nrfx.a(nrfx_gpiote.c.obj)
 .text.gpiote_input_configure
                0x0000000000007d38      0x15c modules/hal_nordic/modules/hal_nordic/nrfx/libmodules__hal_nordic__nrfx.a(nrfx_gpiote.c.obj)
 .text.pin_uninit
                0x0000000000007e94       0x34 modules/hal_nordic/modules/hal_nordic/nrfx/libmodules__hal_nordic__nrfx.a(nrfx_gpiote.c.obj)
 .text.pin_channel_free
                0x0000000000007ec8       0x14 modules/hal_nordic/modules/hal_nordic/nrfx/libmodules__hal_nordic__nrfx.a(nrfx_gpiote.c.obj)
 .text.gpiote_init
                0x0000000000007edc       0x54 modules/hal_nordic/modules/hal_nordic/nrfx/libmodules__hal_nordic__nrfx.a(nrfx_gpiote.c.obj)
 .text.irq_handler
                0x0000000000007f30       0x54 modules/hal_nordic/modules/hal_nordic/nrfx/libmodules__hal_nordic__nrfx.a(nrfx_gpiote.c.obj)
 .text.nrfx_gpiote_0_irq_handler
                0x0000000000007f84       0x14 modules/hal_nordic/modules/hal_nordic/nrfx/libmodules__hal_nordic__nrfx.a(nrfx_gpiote.c.obj)
                0x0000000000007f84                nrfx_gpiote_0_irq_handler
 .text.nrf_gpio_cfg
                0x0000000000007f98       0x44 modules/hal_nordic/modules/hal_nordic/nrfx/libmodules__hal_nordic__nrfx.a(nrfx_spi.c.obj)
 .text.nrf_gpio_cfg_output
                0x0000000000007fdc       0x2c modules/hal_nordic/modules/hal_nordic/nrfx/libmodules__hal_nordic__nrfx.a(nrfx_spi.c.obj)
 .text.nrf_gpio_cfg_default
                0x0000000000008008       0x2c modules/hal_nordic/modules/hal_nordic/nrfx/libmodules__hal_nordic__nrfx.a(nrfx_spi.c.obj)
 .text.pins_configure
                0x0000000000008034       0xcc modules/hal_nordic/modules/hal_nordic/nrfx/libmodules__hal_nordic__nrfx.a(nrfx_spi.c.obj)
 .text.spi_configure
                0x0000000000008100       0x88 modules/hal_nordic/modules/hal_nordic/nrfx/libmodules__hal_nordic__nrfx.a(nrfx_spi.c.obj)
 .text.nrfx_spi_init
                0x0000000000008188       0x68 modules/hal_nordic/modules/hal_nordic/nrfx/libmodules__hal_nordic__nrfx.a(nrfx_spi.c.obj)
                0x0000000000008188                nrfx_spi_init
 .text.nrfx_spi_uninit
                0x00000000000081f0       0x88 modules/hal_nordic/modules/hal_nordic/nrfx/libmodules__hal_nordic__nrfx.a(nrfx_spi.c.obj)
                0x00000000000081f0                nrfx_spi_uninit
 .text.nrfx_spi_xfer
                0x0000000000008278       0xa0 modules/hal_nordic/modules/hal_nordic/nrfx/libmodules__hal_nordic__nrfx.a(nrfx_spi.c.obj)
                0x0000000000008278                nrfx_spi_xfer
 .text.nrfx_spi_1_irq_handler
                0x0000000000008318       0x14 modules/hal_nordic/modules/hal_nordic/nrfx/libmodules__hal_nordic__nrfx.a(nrfx_spi.c.obj)
                0x0000000000008318                nrfx_spi_1_irq_handler
 .text.z_device_state_init
                0x000000000000832c       0x18 zephyr/kernel/libkernel.a(device.c.obj)
                0x000000000000832c                z_device_state_init
 .text.reason_to_str
                0x0000000000008344       0x40 zephyr/kernel/libkernel.a(fatal.c.obj)
 .text.thread_name_get
                0x0000000000008384       0x20 zephyr/kernel/libkernel.a(fatal.c.obj)
 .text.k_sys_fatal_error_handler
                0x00000000000083a4       0x20 zephyr/kernel/libkernel.a(fatal.c.obj)
                0x00000000000083a4                k_sys_fatal_error_handler
 .text.z_fatal_error
                0x00000000000083c4      0x1f4 zephyr/kernel/libkernel.a(fatal.c.obj)
                0x00000000000083c4                z_fatal_error
 .text.z_sys_init_run_level
                0x00000000000085b8       0x38 zephyr/kernel/libkernel.a(init.c.obj)
 .text.init_idle_thread
                0x00000000000085f0       0x5c zephyr/kernel/libkernel.a(init.c.obj)
 .text.thread_schedule_new
                0x000000000000864c       0x1c zephyr/kernel/libkernel.a(init.c.obj)
 .text.z_init_static_threads
                0x0000000000008668       0x70 zephyr/kernel/libkernel.a(init.c.obj)
 .text.bg_thread_main
                0x00000000000086d8       0x34 zephyr/kernel/libkernel.a(init.c.obj)
 .text.switch_to_main_thread
                0x000000000000870c       0x14 zephyr/kernel/libkernel.a(init.c.obj)
 .text.z_bss_zero
                0x0000000000008720       0x18 zephyr/kernel/libkernel.a(init.c.obj)
                0x0000000000008720                z_bss_zero
 .text.z_init_cpu
                0x0000000000008738       0x40 zephyr/kernel/libkernel.a(init.c.obj)
                0x0000000000008738                z_init_cpu
 .text.prepare_multithreading
                0x0000000000008778       0x60 zephyr/kernel/libkernel.a(init.c.obj)
 .text.z_cstart
                0x00000000000087d8       0x80 zephyr/kernel/libkernel.a(init.c.obj)
                0x00000000000087d8                z_cstart
 .text.z_impl_k_mutex_lock
                0x0000000000008858      0x100 zephyr/kernel/libkernel.a(mutex.c.obj)
                0x0000000000008858                z_impl_k_mutex_lock
 .text.z_impl_k_mutex_unlock
                0x0000000000008958       0xac zephyr/kernel/libkernel.a(mutex.c.obj)
                0x0000000000008958                z_impl_k_mutex_unlock
 .text.z_impl_k_sem_give
                0x0000000000008a04       0x90 zephyr/kernel/libkernel.a(sem.c.obj)
                0x0000000000008a04                z_impl_k_sem_give
 .text.z_impl_k_sem_take
                0x0000000000008a94       0x50 zephyr/kernel/libkernel.a(sem.c.obj)
                0x0000000000008a94                z_impl_k_sem_take
 .text.z_impl_k_sem_reset
                0x0000000000008ae4       0x88 zephyr/kernel/libkernel.a(sem.c.obj)
                0x0000000000008ae4                z_impl_k_sem_reset
 .text.queue_submit_locked
                0x0000000000008b6c       0x80 zephyr/kernel/libkernel.a(work.c.obj)
 .text.finalize_cancel_locked
                0x0000000000008bec       0x5c zephyr/kernel/libkernel.a(work.c.obj)
 .text.work_queue_main
                0x0000000000008c48      0x110 zephyr/kernel/libkernel.a(work.c.obj)
 .text.k_work_submit
                0x0000000000008d58       0x10 zephyr/kernel/libkernel.a(work.c.obj)
                0x0000000000008d58                k_work_submit
 .text.k_work_queue_start
                0x0000000000008d68       0x8c zephyr/kernel/libkernel.a(work.c.obj)
                0x0000000000008d68                k_work_queue_start
 .text.thread_schedule_new
                0x0000000000008df4       0x1c zephyr/kernel/libkernel.a(thread.c.obj)
 .text.z_impl_k_thread_name_set
                0x0000000000008e10       0x24 zephyr/kernel/libkernel.a(thread.c.obj)
                0x0000000000008e10                z_impl_k_thread_name_set
 .text.z_setup_new_thread
                0x0000000000008e34       0xc4 zephyr/kernel/libkernel.a(thread.c.obj)
                0x0000000000008e34                z_setup_new_thread
 .text.z_dummy_thread_init
                0x0000000000008ef8       0x20 zephyr/kernel/libkernel.a(thread.c.obj)
                0x0000000000008ef8                z_dummy_thread_init
 .text.z_swap_irqlock
                0x0000000000008f18       0x34 zephyr/kernel/libkernel.a(sched.c.obj)
 .text.ready_thread
                0x0000000000008f4c       0xb4 zephyr/kernel/libkernel.a(sched.c.obj)
 .text.unready_thread
                0x0000000000009000       0x68 zephyr/kernel/libkernel.a(sched.c.obj)
 .text.thread_halt_spin
                0x0000000000009068      0x114 zephyr/kernel/libkernel.a(sched.c.obj)
 .text.add_thread_timeout
                0x000000000000917c       0x20 zephyr/kernel/libkernel.a(sched.c.obj)
 .text.move_thread_to_end_of_prio_q
                0x000000000000919c       0xc8 zephyr/kernel/libkernel.a(sched.c.obj)
                0x000000000000919c                move_thread_to_end_of_prio_q
 .text.z_pend_curr
                0x0000000000009264       0x38 zephyr/kernel/libkernel.a(sched.c.obj)
                0x0000000000009264                z_pend_curr
 .text.z_thread_prio_set
                0x000000000000929c      0x14c zephyr/kernel/libkernel.a(sched.c.obj)
                0x000000000000929c                z_thread_prio_set
 .text.z_reschedule
                0x00000000000093e8       0x2c zephyr/kernel/libkernel.a(sched.c.obj)
                0x00000000000093e8                z_reschedule
 .text.z_reschedule_irqlock
                0x0000000000009414       0x2c zephyr/kernel/libkernel.a(sched.c.obj)
                0x0000000000009414                z_reschedule_irqlock
 .text.k_sched_lock
                0x0000000000009440       0x30 zephyr/kernel/libkernel.a(sched.c.obj)
                0x0000000000009440                k_sched_lock
 .text.k_sched_unlock
                0x0000000000009470       0x70 zephyr/kernel/libkernel.a(sched.c.obj)
                0x0000000000009470                k_sched_unlock
 .text.z_sched_init
                0x00000000000094e0       0x10 zephyr/kernel/libkernel.a(sched.c.obj)
                0x00000000000094e0                z_sched_init
 .text.z_impl_k_yield
                0x00000000000094f0       0xa0 zephyr/kernel/libkernel.a(sched.c.obj)
                0x00000000000094f0                z_impl_k_yield
 .text.z_tick_sleep
                0x0000000000009590       0x7c zephyr/kernel/libkernel.a(sched.c.obj)
 .text.z_impl_k_usleep
                0x000000000000960c       0x78 zephyr/kernel/libkernel.a(sched.c.obj)
                0x000000000000960c                z_impl_k_usleep
 .text.z_impl_k_wakeup
                0x0000000000009684       0x48 zephyr/kernel/libkernel.a(sched.c.obj)
                0x0000000000009684                z_impl_k_wakeup
 .text.z_impl_k_sched_current_thread_query
                0x00000000000096cc        0xc zephyr/kernel/libkernel.a(sched.c.obj)
                0x00000000000096cc                z_impl_k_sched_current_thread_query
 .text.z_thread_abort
                0x00000000000096d8      0x164 zephyr/kernel/libkernel.a(sched.c.obj)
                0x00000000000096d8                z_thread_abort
 .text.z_sched_wait
                0x000000000000983c       0x28 zephyr/kernel/libkernel.a(sched.c.obj)
                0x000000000000983c                z_sched_wait
 .text.slice_timeout
                0x0000000000009864       0x20 zephyr/kernel/libkernel.a(timeslicing.c.obj)
 .text.thread_is_sliceable
                0x0000000000009884       0x4c zephyr/kernel/libkernel.a(timeslicing.c.obj)
                0x0000000000009884                thread_is_sliceable
 .text.z_reset_time_slice
                0x00000000000098d0       0x50 zephyr/kernel/libkernel.a(timeslicing.c.obj)
                0x00000000000098d0                z_reset_time_slice
 .text.z_time_slice
                0x0000000000009920       0x70 zephyr/kernel/libkernel.a(timeslicing.c.obj)
                0x0000000000009920                z_time_slice
 .text.z_thread_monitor_exit
                0x0000000000009990       0x3c zephyr/kernel/libkernel.a(thread_monitor.c.obj)
                0x0000000000009990                z_thread_monitor_exit
 .text.z_data_copy
                0x00000000000099cc       0x34 zephyr/kernel/libkernel.a(xip.c.obj)
                0x00000000000099cc                z_data_copy
 .text.first    0x0000000000009a00       0x14 zephyr/kernel/libkernel.a(timeout.c.obj)
 .text.next     0x0000000000009a14       0x18 zephyr/kernel/libkernel.a(timeout.c.obj)
 .text.elapsed  0x0000000000009a2c       0x18 zephyr/kernel/libkernel.a(timeout.c.obj)
 .text.z_add_timeout
                0x0000000000009a44      0x144 zephyr/kernel/libkernel.a(timeout.c.obj)
                0x0000000000009a44                z_add_timeout
 .text.sys_clock_announce
                0x0000000000009b88       0xc4 zephyr/kernel/libkernel.a(timeout.c.obj)
                0x0000000000009b88                sys_clock_announce
 .text.sys_clock_tick_get
                0x0000000000009c4c       0x40 zephyr/kernel/libkernel.a(timeout.c.obj)
                0x0000000000009c4c                sys_clock_tick_get
 .text.z_timer_expiration_handler
                0x0000000000009c8c       0xf8 zephyr/kernel/libkernel.a(timer.c.obj)
                0x0000000000009c8c                z_timer_expiration_handler
 .text.z_impl_k_timer_start
                0x0000000000009d84       0x80 zephyr/kernel/libkernel.a(timer.c.obj)
                0x0000000000009d84                z_impl_k_timer_start
 .text.clear_event_registration
                0x0000000000009e04       0x34 zephyr/kernel/libkernel.a(poll.c.obj)
 .text.z_impl_k_poll
                0x0000000000009e38       0xb8 zephyr/kernel/libkernel.a(poll.c.obj)
                0x0000000000009e38                z_impl_k_poll
 .text.z_impl_k_poll_signal_raise
                0x0000000000009ef0       0x50 zephyr/kernel/libkernel.a(poll.c.obj)
                0x0000000000009ef0                z_impl_k_poll_signal_raise
 .text.k_sys_work_q_init
                0x0000000000009f40       0x2c zephyr/kernel/libkernel.a(system_work_q.c.obj)
 .text.malloc   0x0000000000009f6c       0x10 /home/anders/ncs/toolchains/b2ecd2435d/opt/zephyr-sdk/arm-zephyr-eabi/arm-zephyr-eabi/lib/thumb/v7e-m/nofp/libc_nano.a(lib_a-malloc.o)
                0x0000000000009f6c                malloc
 .text._free_r  0x0000000000009f7c       0x94 /home/anders/ncs/toolchains/b2ecd2435d/opt/zephyr-sdk/arm-zephyr-eabi/arm-zephyr-eabi/lib/thumb/v7e-m/nofp/libc_nano.a(lib_a-nano-freer.o)
                0x0000000000009f7c                _free_r
 .text._malloc_r
                0x000000000000a010       0xb4 /home/anders/ncs/toolchains/b2ecd2435d/opt/zephyr-sdk/arm-zephyr-eabi/arm-zephyr-eabi/lib/thumb/v7e-m/nofp/libc_nano.a(lib_a-nano-mallocr.o)
                0x000000000000a010                _malloc_r
 .text._printf_float
                0x000000000000a0c4      0x46c /home/anders/ncs/toolchains/b2ecd2435d/opt/zephyr-sdk/arm-zephyr-eabi/arm-zephyr-eabi/lib/thumb/v7e-m/nofp/libc_nano.a(lib_a-nano-vfprintf_float.o)
                0x000000000000a0c4                _printf_float
 .text._printf_i
                0x000000000000a530      0x25c /home/anders/ncs/toolchains/b2ecd2435d/opt/zephyr-sdk/arm-zephyr-eabi/arm-zephyr-eabi/lib/thumb/v7e-m/nofp/libc_nano.a(lib_a-nano-vfprintf_i.o)
                0x000000000000a530                _printf_i
 .text._sbrk_r  0x000000000000a78c       0x20 /home/anders/ncs/toolchains/b2ecd2435d/opt/zephyr-sdk/arm-zephyr-eabi/arm-zephyr-eabi/lib/thumb/v7e-m/nofp/libc_nano.a(lib_a-sbrkr.o)
                0x000000000000a78c                _sbrk_r
 .text.sprintf  0x000000000000a7ac       0x40 /home/anders/ncs/toolchains/b2ecd2435d/opt/zephyr-sdk/arm-zephyr-eabi/arm-zephyr-eabi/lib/thumb/v7e-m/nofp/libc_nano.a(lib_a-sprintf.o)
                0x000000000000a7ac                sprintf
                0x000000000000a7ac                siprintf
 .text._localeconv_r
                0x000000000000a7ec        0x8 /home/anders/ncs/toolchains/b2ecd2435d/opt/zephyr-sdk/arm-zephyr-eabi/arm-zephyr-eabi/lib/thumb/v7e-m/nofp/libc_nano.a(lib_a-localeconv.o)
                0x000000000000a7ec                _localeconv_r
 .text.__malloc_lock
                0x000000000000a7f4        0xc /home/anders/ncs/toolchains/b2ecd2435d/opt/zephyr-sdk/arm-zephyr-eabi/arm-zephyr-eabi/lib/thumb/v7e-m/nofp/libc_nano.a(lib_a-mlock.o)
                0x000000000000a7f4                __malloc_lock
 .text.__malloc_unlock
                0x000000000000a800        0xc /home/anders/ncs/toolchains/b2ecd2435d/opt/zephyr-sdk/arm-zephyr-eabi/arm-zephyr-eabi/lib/thumb/v7e-m/nofp/libc_nano.a(lib_a-mlock.o)
                0x000000000000a800                __malloc_unlock
 .text._Balloc  0x000000000000a80c       0x80 /home/anders/ncs/toolchains/b2ecd2435d/opt/zephyr-sdk/arm-zephyr-eabi/arm-zephyr-eabi/lib/thumb/v7e-m/nofp/libc_nano.a(lib_a-mprec.o)
                0x000000000000a80c                _Balloc
 .text._Bfree   0x000000000000a88c       0x44 /home/anders/ncs/toolchains/b2ecd2435d/opt/zephyr-sdk/arm-zephyr-eabi/arm-zephyr-eabi/lib/thumb/v7e-m/nofp/libc_nano.a(lib_a-mprec.o)
                0x000000000000a88c                _Bfree
 .text.__multadd
                0x000000000000a8d0       0x8c /home/anders/ncs/toolchains/b2ecd2435d/opt/zephyr-sdk/arm-zephyr-eabi/arm-zephyr-eabi/lib/thumb/v7e-m/nofp/libc_nano.a(lib_a-mprec.o)
                0x000000000000a8d0                __multadd
 .text.__i2b    0x000000000000a95c       0x2c /home/anders/ncs/toolchains/b2ecd2435d/opt/zephyr-sdk/arm-zephyr-eabi/arm-zephyr-eabi/lib/thumb/v7e-m/nofp/libc_nano.a(lib_a-mprec.o)
                0x000000000000a95c                __i2b
 .text.__multiply
                0x000000000000a988      0x154 /home/anders/ncs/toolchains/b2ecd2435d/opt/zephyr-sdk/arm-zephyr-eabi/arm-zephyr-eabi/lib/thumb/v7e-m/nofp/libc_nano.a(lib_a-mprec.o)
                0x000000000000a988                __multiply
 .text.__pow5mult
                0x000000000000aadc       0xb4 /home/anders/ncs/toolchains/b2ecd2435d/opt/zephyr-sdk/arm-zephyr-eabi/arm-zephyr-eabi/lib/thumb/v7e-m/nofp/libc_nano.a(lib_a-mprec.o)
                0x000000000000aadc                __pow5mult
 .text.__lshift
                0x000000000000ab90       0xd8 /home/anders/ncs/toolchains/b2ecd2435d/opt/zephyr-sdk/arm-zephyr-eabi/arm-zephyr-eabi/lib/thumb/v7e-m/nofp/libc_nano.a(lib_a-mprec.o)
                0x000000000000ab90                __lshift
 .text.__mdiff  0x000000000000ac68      0x124 /home/anders/ncs/toolchains/b2ecd2435d/opt/zephyr-sdk/arm-zephyr-eabi/arm-zephyr-eabi/lib/thumb/v7e-m/nofp/libc_nano.a(lib_a-mprec.o)
                0x000000000000ac68                __mdiff
 .text.__d2b    0x000000000000ad8c       0xb0 /home/anders/ncs/toolchains/b2ecd2435d/opt/zephyr-sdk/arm-zephyr-eabi/arm-zephyr-eabi/lib/thumb/v7e-m/nofp/libc_nano.a(lib_a-mprec.o)
                0x000000000000ad8c                __d2b
 .text._svfprintf_r
                0x000000000000ae3c      0x1f8 /home/anders/ncs/toolchains/b2ecd2435d/opt/zephyr-sdk/arm-zephyr-eabi/arm-zephyr-eabi/lib/thumb/v7e-m/nofp/libc_nano.a(lib_a-nano-svfprintf.o)
                0x000000000000ae3c                _svfprintf_r
                0x000000000000ae3c                _svfiprintf_r
 .text.__assert_func
                0x000000000000b034       0x3c /home/anders/ncs/toolchains/b2ecd2435d/opt/zephyr-sdk/arm-zephyr-eabi/arm-zephyr-eabi/lib/thumb/v7e-m/nofp/libc_nano.a(lib_a-assert.o)
                0x000000000000b034                __assert_func
 .text.fprintf  0x000000000000b070       0x24 /home/anders/ncs/toolchains/b2ecd2435d/opt/zephyr-sdk/arm-zephyr-eabi/arm-zephyr-eabi/lib/thumb/v7e-m/nofp/libc_nano.a(lib_a-fprintf.o)
                0x000000000000b070                fprintf
                0x000000000000b070                fiprintf
 .text._vfprintf_r
                0x000000000000b094      0x258 /home/anders/ncs/toolchains/b2ecd2435d/opt/zephyr-sdk/arm-zephyr-eabi/arm-zephyr-eabi/lib/thumb/v7e-m/nofp/libc_nano.a(lib_a-nano-vfprintf.o)
                0x000000000000b094                _vfiprintf_r
                0x000000000000b094                _vfprintf_r
 .text.__swbuf_r
                0x000000000000b2ec       0xa4 /home/anders/ncs/toolchains/b2ecd2435d/opt/zephyr-sdk/arm-zephyr-eabi/arm-zephyr-eabi/lib/thumb/v7e-m/nofp/libc_nano.a(lib_a-wbuf.o)
                0x000000000000b2ec                __swbuf_r
 .text.__swsetup_r
                0x000000000000b390       0xd8 /home/anders/ncs/toolchains/b2ecd2435d/opt/zephyr-sdk/arm-zephyr-eabi/arm-zephyr-eabi/lib/thumb/v7e-m/nofp/libc_nano.a(lib_a-wsetup.o)
                0x000000000000b390                __swsetup_r
 .text._fflush_r
                0x000000000000b468       0x78 /home/anders/ncs/toolchains/b2ecd2435d/opt/zephyr-sdk/arm-zephyr-eabi/arm-zephyr-eabi/lib/thumb/v7e-m/nofp/libc_nano.a(lib_a-fflush.o)
                0x000000000000b468                _fflush_r
 .text.std      0x000000000000b4e0       0x48 /home/anders/ncs/toolchains/b2ecd2435d/opt/zephyr-sdk/arm-zephyr-eabi/arm-zephyr-eabi/lib/thumb/v7e-m/nofp/libc_nano.a(lib_a-findfp.o)
 .text._cleanup_r
                0x000000000000b528        0xc /home/anders/ncs/toolchains/b2ecd2435d/opt/zephyr-sdk/arm-zephyr-eabi/arm-zephyr-eabi/lib/thumb/v7e-m/nofp/libc_nano.a(lib_a-findfp.o)
                0x000000000000b528                _cleanup_r
 .text.__sfp_lock_acquire
                0x000000000000b534        0xc /home/anders/ncs/toolchains/b2ecd2435d/opt/zephyr-sdk/arm-zephyr-eabi/arm-zephyr-eabi/lib/thumb/v7e-m/nofp/libc_nano.a(lib_a-findfp.o)
                0x000000000000b534                __sfp_lock_acquire
 .text.__sfp_lock_release
                0x000000000000b540        0xc /home/anders/ncs/toolchains/b2ecd2435d/opt/zephyr-sdk/arm-zephyr-eabi/arm-zephyr-eabi/lib/thumb/v7e-m/nofp/libc_nano.a(lib_a-findfp.o)
                0x000000000000b540                __sfp_lock_release
 .text.__sinit_lock_acquire
                0x000000000000b54c        0xc /home/anders/ncs/toolchains/b2ecd2435d/opt/zephyr-sdk/arm-zephyr-eabi/arm-zephyr-eabi/lib/thumb/v7e-m/nofp/libc_nano.a(lib_a-findfp.o)
                0x000000000000b54c                __sinit_lock_acquire
 .text.__sinit_lock_release
                0x000000000000b558        0xc /home/anders/ncs/toolchains/b2ecd2435d/opt/zephyr-sdk/arm-zephyr-eabi/arm-zephyr-eabi/lib/thumb/v7e-m/nofp/libc_nano.a(lib_a-findfp.o)
                0x000000000000b558                __sinit_lock_release
 .text.__sinit  0x000000000000b564       0x70 /home/anders/ncs/toolchains/b2ecd2435d/opt/zephyr-sdk/arm-zephyr-eabi/arm-zephyr-eabi/lib/thumb/v7e-m/nofp/libc_nano.a(lib_a-findfp.o)
                0x000000000000b564                __sinit
 .text.__sfp    0x000000000000b5d4       0x8c /home/anders/ncs/toolchains/b2ecd2435d/opt/zephyr-sdk/arm-zephyr-eabi/arm-zephyr-eabi/lib/thumb/v7e-m/nofp/libc_nano.a(lib_a-findfp.o)
                0x000000000000b5d4                __sfp
 .text.__smakebuf_r
                0x000000000000b660       0x80 /home/anders/ncs/toolchains/b2ecd2435d/opt/zephyr-sdk/arm-zephyr-eabi/arm-zephyr-eabi/lib/thumb/v7e-m/nofp/libc_nano.a(lib_a-makebuf.o)
                0x000000000000b660                __smakebuf_r
 .text._write_r
                0x000000000000b6e0       0x24 /home/anders/ncs/toolchains/b2ecd2435d/opt/zephyr-sdk/arm-zephyr-eabi/arm-zephyr-eabi/lib/thumb/v7e-m/nofp/libc_nano.a(lib_a-writer.o)
                0x000000000000b6e0                _write_r
 .text._close_r
                0x000000000000b704       0x20 /home/anders/ncs/toolchains/b2ecd2435d/opt/zephyr-sdk/arm-zephyr-eabi/arm-zephyr-eabi/lib/thumb/v7e-m/nofp/libc_nano.a(lib_a-closer.o)
                0x000000000000b704                _close_r
 .text._fstat_r
                0x000000000000b724       0x24 /home/anders/ncs/toolchains/b2ecd2435d/opt/zephyr-sdk/arm-zephyr-eabi/arm-zephyr-eabi/lib/thumb/v7e-m/nofp/libc_nano.a(lib_a-fstatr.o)
                0x000000000000b724                _fstat_r
 .text._isatty_r
                0x000000000000b748       0x20 /home/anders/ncs/toolchains/b2ecd2435d/opt/zephyr-sdk/arm-zephyr-eabi/arm-zephyr-eabi/lib/thumb/v7e-m/nofp/libc_nano.a(lib_a-isattyr.o)
                0x000000000000b748                _isatty_r
 .text._lseek_r
                0x000000000000b768       0x24 /home/anders/ncs/toolchains/b2ecd2435d/opt/zephyr-sdk/arm-zephyr-eabi/arm-zephyr-eabi/lib/thumb/v7e-m/nofp/libc_nano.a(lib_a-lseekr.o)
                0x000000000000b768                _lseek_r
 .text._read_r  0x000000000000b78c       0x24 /home/anders/ncs/toolchains/b2ecd2435d/opt/zephyr-sdk/arm-zephyr-eabi/arm-zephyr-eabi/lib/thumb/v7e-m/nofp/libc_nano.a(lib_a-readr.o)
                0x000000000000b78c                _read_r
 .text._OffsetAbsSyms
                0x000000000000b7b0        0x2 zephyr/CMakeFiles/offsets.dir/./arch/arm/core/offsets/offsets.c.obj
                0x000000000000b7b0                _OffsetAbsSyms
 .text.circular_buffer_remove
                0x000000000000b7b2       0x30 app/libapp.a(circular_buffer.c.obj)
                0x000000000000b7b2                circular_buffer_remove
 .text.k_uptime_get_32
                0x000000000000b7e2       0x34 app/libapp.a(clock.c.obj)
 .text.increment_second
                0x000000000000b816        0xc app/libapp.a(clock.c.obj)
                0x000000000000b816                increment_second
 .text.increment_hour
                0x000000000000b822        0xc app/libapp.a(clock.c.obj)
                0x000000000000b822                increment_hour
 .text.increment_minute
                0x000000000000b82e        0xc app/libapp.a(clock.c.obj)
                0x000000000000b82e                increment_minute
 .text.get_current_time
                0x000000000000b83a       0x3c app/libapp.a(clock.c.obj)
                0x000000000000b83a                get_current_time
 .text.gpio_pin_interrupt_configure_dt
                0x000000000000b876       0x10 app/libapp.a(interrupt.c.obj)
 .text.z_impl_gpio_pin_configure
                0x000000000000b886       0x50 app/libapp.a(interrupt.c.obj)
 .text.gpio_pin_configure_dt
                0x000000000000b8d6       0x16 app/libapp.a(interrupt.c.obj)
 .text.gpio_add_callback
                0x000000000000b8ec       0x14 app/libapp.a(interrupt.c.obj)
 .text.init_timer
                0x000000000000b900       0x10 app/libapp.a(timer.c.obj)
                0x000000000000b900                init_timer
 .text.z_impl_gpio_pin_configure
                0x000000000000b910       0x50 app/libapp.a(led.c.obj)
 .text.gpio_pin_configure_dt
                0x000000000000b960       0x16 app/libapp.a(led.c.obj)
 .text.gpio_pin_set_raw
                0x000000000000b976       0x20 app/libapp.a(led.c.obj)
 .text.gpio_pin_set
                0x000000000000b996       0x1a app/libapp.a(led.c.obj)
 .text.gpio_pin_toggle_dt
                0x000000000000b9b0       0x14 app/libapp.a(led.c.obj)
 .text.led_set  0x000000000000b9c4       0x14 app/libapp.a(led.c.obj)
                0x000000000000b9c4                led_set
 .text.button_poll
                0x000000000000b9d8        0x2 app/libapp.a(button.c.obj)
                0x000000000000b9d8                button_poll
 .text.printToScreen
                0x000000000000b9da       0x14 app/libapp.a(display.c.obj)
                0x000000000000b9da                printToScreen
 .text.clear_display
                0x000000000000b9ee       0x12 app/libapp.a(display.c.obj)
                0x000000000000b9ee                clear_display
 .text.changeContrast
                0x000000000000ba00        0x2 app/libapp.a(display.c.obj)
                0x000000000000ba00                changeContrast
 .text.switch_display
                0x000000000000ba02       0x10 app/libapp.a(display.c.obj)
                0x000000000000ba02                switch_display
 .text.k_msleep
                0x000000000000ba12       0x2c app/libapp.a(st7735s.c.obj)
 .text.ST7735S_Init
                0x000000000000ba3e       0x58 app/libapp.a(st7735s.c.obj)
                0x000000000000ba3e                ST7735S_Init
 .text.z_impl_gpio_pin_configure
                0x000000000000ba96       0x50 app/libapp.a(st7735s_compat.c.obj)
 .text.gpio_pin_configure_dt
                0x000000000000bae6       0x16 app/libapp.a(st7735s_compat.c.obj)
 .text.gpio_pin_set_raw
                0x000000000000bafc       0x20 app/libapp.a(st7735s_compat.c.obj)
 .text.gpio_pin_set
                0x000000000000bb1c       0x1a app/libapp.a(st7735s_compat.c.obj)
 .text.spi_write_dt
                0x000000000000bb36       0x14 app/libapp.a(st7735s_compat.c.obj)
 .text.spi_is_ready_dt
                0x000000000000bb4a       0x1c app/libapp.a(st7735s_compat.c.obj)
 .text.k_msleep
                0x000000000000bb66       0x2c app/libapp.a(st7735s_compat.c.obj)
 .text.SPI_TransmitCmd
                0x000000000000bb92       0x14 app/libapp.a(st7735s_compat.c.obj)
                0x000000000000bb92                SPI_TransmitCmd
 .text.SPI_TransmitData
                0x000000000000bba6       0x14 app/libapp.a(st7735s_compat.c.obj)
                0x000000000000bba6                SPI_TransmitData
 .text.SPI_Transmit
                0x000000000000bbba       0x1c app/libapp.a(st7735s_compat.c.obj)
                0x000000000000bbba                SPI_Transmit
 .text.flushBuffer
                0x000000000000bbd6        0x8 app/libapp.a(gfx.c.obj)
                0x000000000000bbd6                flushBuffer
 .text._LineLow
                0x000000000000bbde       0x62 app/libapp.a(gfx.c.obj)
                0x000000000000bbde                _LineLow
 .text._LineHigh
                0x000000000000bc40       0x62 app/libapp.a(gfx.c.obj)
                0x000000000000bc40                _LineHigh
 .text.drawLine
                0x000000000000bca2       0x60 app/libapp.a(gfx.c.obj)
                0x000000000000bca2                drawLine
 .text.filledRect
                0x000000000000bd02       0xa4 app/libapp.a(gfx.c.obj)
                0x000000000000bd02                filledRect
 .text.setColor
                0x000000000000bda6       0x34 app/libapp.a(gfx.c.obj)
                0x000000000000bda6                setColor
 .text.getSubMenuLength
                0x000000000000bdda       0x14 app/libapp.a(ui_menu.c.obj)
                0x000000000000bdda                getSubMenuLength
 .text.k_msleep
                0x000000000000bdee       0x2c app/libapp.a(UIFunctions.c.obj)
 .text.system_clear_faults_UI_FUNC
                0x000000000000be1a        0x2 app/libapp.a(UIFunctions.c.obj)
                0x000000000000be1a                system_clear_faults_UI_FUNC
 .text.imuRead_UI_FUNC
                0x000000000000be1c       0x2e app/libapp.a(UIFunctions.c.obj)
                0x000000000000be1c                imuRead_UI_FUNC
 .text.read_sreg
                0x000000000000be4a       0x2c app/libapp.a(inv_imu_transport.c.obj)
 .text.write_sreg
                0x000000000000be76       0x2c app/libapp.a(inv_imu_transport.c.obj)
 .text.write_mclk_reg
                0x000000000000bea2       0x9e app/libapp.a(inv_imu_transport.c.obj)
 .text.inv_imu_write_reg
                0x000000000000bf40       0x6a app/libapp.a(inv_imu_transport.c.obj)
                0x000000000000bf40                inv_imu_write_reg
 .text.read_mclk_reg
                0x000000000000bfaa       0x9c app/libapp.a(inv_imu_transport.c.obj)
 .text.inv_imu_read_reg
                0x000000000000c046       0x4a app/libapp.a(inv_imu_transport.c.obj)
                0x000000000000c046                inv_imu_read_reg
 .text.inv_imu_get_time_us
                0x000000000000c090       0x28 app/libapp.a(inv_time.c.obj)
                0x000000000000c090                inv_imu_get_time_us
 .text.cbprintf_via_va_list
                0x000000000000c0b8        0xe zephyr/libzephyr.a(cbprintf_packaged.c.obj)
 .text.is_fmt_spec
                0x000000000000c0c6        0xe zephyr/libzephyr.a(cbprintf_packaged.c.obj)
 .text.get_package_len
                0x000000000000c0d4       0x2a zephyr/libzephyr.a(cbprintf_packaged.c.obj)
 .text.append_string
                0x000000000000c0fe       0x2c zephyr/libzephyr.a(cbprintf_packaged.c.obj)
 .text.cbpprintf_external
                0x000000000000c12a       0x60 zephyr/libzephyr.a(cbprintf_packaged.c.obj)
                0x000000000000c12a                cbpprintf_external
 .text.is_ptr   0x000000000000c18a       0x4e zephyr/libzephyr.a(cbprintf_packaged.c.obj)
                0x000000000000c18a                is_ptr
 .text.arch_printk_char_out
                0x000000000000c1d8        0x4 zephyr/libzephyr.a(printk.c.obj)
                0x000000000000c1d8                arch_printk_char_out
 .text.str_out  0x000000000000c1dc       0x2e zephyr/libzephyr.a(printk.c.obj)
 .text.vprintk  0x000000000000c20a        0x8 zephyr/libzephyr.a(printk.c.obj)
                0x000000000000c20a                vprintk
 .text.printk   0x000000000000c212       0x1c zephyr/libzephyr.a(printk.c.obj)
                0x000000000000c212                printk
 .text.snprintk
                0x000000000000c22e       0x1c zephyr/libzephyr.a(printk.c.obj)
                0x000000000000c22e                snprintk
 .text.z_thread_entry
                0x000000000000c24a       0x14 zephyr/libzephyr.a(thread_entry.c.obj)
                0x000000000000c24a                z_thread_entry
 .text.extract_width
                0x000000000000c25e       0x5e zephyr/libzephyr.a(cbprintf_complete.c.obj)
 .text.extract_prec
                0x000000000000c2bc       0x64 zephyr/libzephyr.a(cbprintf_complete.c.obj)
 .text.extract_length
                0x000000000000c320       0xce zephyr/libzephyr.a(cbprintf_complete.c.obj)
 .text.extract_specifier
                0x000000000000c3ee      0x122 zephyr/libzephyr.a(cbprintf_complete.c.obj)
 .text.extract_conversion
                0x000000000000c510       0x44 zephyr/libzephyr.a(cbprintf_complete.c.obj)
 .text.conversion_radix
                0x000000000000c554       0x2a zephyr/libzephyr.a(cbprintf_complete.c.obj)
 .text.store_count
                0x000000000000c57e       0x3e zephyr/libzephyr.a(cbprintf_complete.c.obj)
 .text.outs     0x000000000000c5bc       0x30 zephyr/libzephyr.a(cbprintf_complete.c.obj)
 .text.free_space
                0x000000000000c5ec       0x28 zephyr/libzephyr.a(mpsc_pbuf.c.obj)
 .text.available
                0x000000000000c614       0x24 zephyr/libzephyr.a(mpsc_pbuf.c.obj)
 .text.get_usage
                0x000000000000c638       0x24 zephyr/libzephyr.a(mpsc_pbuf.c.obj)
 .text.max_utilization_update
                0x000000000000c65c       0x26 zephyr/libzephyr.a(mpsc_pbuf.c.obj)
 .text.rd_idx_inc
                0x000000000000c682       0x26 zephyr/libzephyr.a(mpsc_pbuf.c.obj)
 .text.add_skip_item
                0x000000000000c6a8       0x66 zephyr/libzephyr.a(mpsc_pbuf.c.obj)
 .text.drop_item_locked
                0x000000000000c70e      0x12e zephyr/libzephyr.a(mpsc_pbuf.c.obj)
 .text.post_drop_action
                0x000000000000c83c       0x62 zephyr/libzephyr.a(mpsc_pbuf.c.obj)
 .text.mpsc_pbuf_init
                0x000000000000c89e       0x42 zephyr/libzephyr.a(mpsc_pbuf.c.obj)
                0x000000000000c89e                mpsc_pbuf_init
 .text.mpsc_pbuf_alloc
                0x000000000000c8e0      0x134 zephyr/libzephyr.a(mpsc_pbuf.c.obj)
                0x000000000000c8e0                mpsc_pbuf_alloc
 .text.mpsc_pbuf_commit
                0x000000000000ca14       0x50 zephyr/libzephyr.a(mpsc_pbuf.c.obj)
                0x000000000000ca14                mpsc_pbuf_commit
 .text.mpsc_pbuf_claim
                0x000000000000ca64       0xd0 zephyr/libzephyr.a(mpsc_pbuf.c.obj)
                0x000000000000ca64                mpsc_pbuf_claim
 .text.mpsc_pbuf_free
                0x000000000000cb34       0x88 zephyr/libzephyr.a(mpsc_pbuf.c.obj)
                0x000000000000cb34                mpsc_pbuf_free
 .text.mpsc_pbuf_is_pending
                0x000000000000cbbc       0x2c zephyr/libzephyr.a(mpsc_pbuf.c.obj)
                0x000000000000cbbc                mpsc_pbuf_is_pending
 .text.set_state
                0x000000000000cbe8       0x10 zephyr/libzephyr.a(onoff.c.obj)
 .text.notify_monitors
                0x000000000000cbf8       0x44 zephyr/libzephyr.a(onoff.c.obj)
 .text.process_recheck
                0x000000000000cc3c       0x32 zephyr/libzephyr.a(onoff.c.obj)
 .text.process_complete
                0x000000000000cc6e       0xa2 zephyr/libzephyr.a(onoff.c.obj)
 .text.validate_args
                0x000000000000cd10       0x2a zephyr/libzephyr.a(onoff.c.obj)
 .text.notify_one
                0x000000000000cd3a       0x26 zephyr/libzephyr.a(onoff.c.obj)
 .text.notify_all
                0x000000000000cd60       0x2e zephyr/libzephyr.a(onoff.c.obj)
 .text.transition_complete
                0x000000000000cd8e       0x1c zephyr/libzephyr.a(onoff.c.obj)
 .text.onoff_manager_init
                0x000000000000cdaa       0x3a zephyr/libzephyr.a(onoff.c.obj)
                0x000000000000cdaa                onoff_manager_init
 .text.onoff_request
                0x000000000000cde4       0xbe zephyr/libzephyr.a(onoff.c.obj)
                0x000000000000cde4                onoff_request
 .text.onoff_release
                0x000000000000cea2       0x4a zephyr/libzephyr.a(onoff.c.obj)
                0x000000000000cea2                onoff_release
 .text.sys_notify_validate
                0x000000000000ceec       0x3e zephyr/libzephyr.a(notify.c.obj)
                0x000000000000ceec                sys_notify_validate
 .text.sys_notify_finalize
                0x000000000000cf2a       0x32 zephyr/libzephyr.a(notify.c.obj)
                0x000000000000cf2a                sys_notify_finalize
 .text._ConfigAbsSyms
                0x000000000000cf5c        0x2 zephyr/libzephyr.a(configs.c.obj)
                0x000000000000cf5c                _ConfigAbsSyms
 .text.log_msg_generic_get_wlen
                0x000000000000cf5e       0x20 zephyr/libzephyr.a(log_core.c.obj)
 .text.log_backend_init
                0x000000000000cf7e       0x14 zephyr/libzephyr.a(log_core.c.obj)
 .text.dummy_timestamp
                0x000000000000cf92        0x4 zephyr/libzephyr.a(log_core.c.obj)
 .text.msg_filter_check
                0x000000000000cf96        0x4 zephyr/libzephyr.a(log_core.c.obj)
 .text.default_get_timestamp
                0x000000000000cf9a        0x8 zephyr/libzephyr.a(log_core.c.obj)
 .text.k_msleep
                0x000000000000cfa2       0x2c zephyr/libzephyr.a(log_core.c.obj)
 .text.msg_alloc
                0x000000000000cfce        0xc zephyr/libzephyr.a(log_core.c.obj)
 .text.msg_free
                0x000000000000cfda        0x8 zephyr/libzephyr.a(log_core.c.obj)
 .text.msg_pending
                0x000000000000cfe2        0x8 zephyr/libzephyr.a(log_core.c.obj)
 .text.z_log_vprintk
                0x000000000000cfea       0x1e zephyr/libzephyr.a(log_core.c.obj)
                0x000000000000cfea                z_log_vprintk
 .text.z_log_notify_drop
                0x000000000000d008        0xa zephyr/libzephyr.a(log_core.c.obj)
 .text.z_log_msg_claim
                0x000000000000d012        0x8 zephyr/libzephyr.a(log_core.c.obj)
                0x000000000000d012                z_log_msg_claim
 .text.msg_commit
                0x000000000000d01a        0xc zephyr/libzephyr.a(log_core.c.obj)
 .text.z_log_get_tag
                0x000000000000d026        0x4 zephyr/libzephyr.a(log_core.c.obj)
                0x000000000000d026                z_log_get_tag
 .text.log_backend_enable
                0x000000000000d02a       0x16 zephyr/libzephyr.a(log_mgmt.c.obj)
                0x000000000000d02a                log_backend_enable
 .text.z_cbprintf_cpy
                0x000000000000d040       0x2c zephyr/libzephyr.a(log_msg.c.obj)
 .text.z_log_msg_finalize
                0x000000000000d06c       0x2e zephyr/libzephyr.a(log_msg.c.obj)
                0x000000000000d06c                z_log_msg_finalize
 .text.z_log_msg_simple_create
                0x000000000000d09a       0x62 zephyr/libzephyr.a(log_msg.c.obj)
 .text.z_impl_z_log_msg_simple_create_0
                0x000000000000d0fc       0x14 zephyr/libzephyr.a(log_msg.c.obj)
                0x000000000000d0fc                z_impl_z_log_msg_simple_create_0
 .text.z_impl_z_log_msg_simple_create_1
                0x000000000000d110       0x16 zephyr/libzephyr.a(log_msg.c.obj)
                0x000000000000d110                z_impl_z_log_msg_simple_create_1
 .text.z_log_msg_static_create
                0x000000000000d126        0x8 zephyr/libzephyr.a(log_msg.c.obj)
 .text.log_output_flush
                0x000000000000d12e       0x2e zephyr/libzephyr.a(log_output.c.obj)
 .text.out_func
                0x000000000000d15c       0x38 zephyr/libzephyr.a(log_output.c.obj)
 .text.cr_out_func
                0x000000000000d194       0x1e zephyr/libzephyr.a(log_output.c.obj)
 .text.cbvprintf
                0x000000000000d1b2       0x10 zephyr/libzephyr.a(log_output.c.obj)
 .text.color_prefix
                0x000000000000d1c2        0xc zephyr/libzephyr.a(log_output.c.obj)
 .text.color_postfix
                0x000000000000d1ce        0xc zephyr/libzephyr.a(log_output.c.obj)
 .text.postfix_print
                0x000000000000d1da       0x18 zephyr/libzephyr.a(log_output.c.obj)
 .text.log_msg_hexdump
                0x000000000000d1f2       0x36 zephyr/libzephyr.a(log_output.c.obj)
 .text.log_output_msg_process
                0x000000000000d228       0x66 zephyr/libzephyr.a(log_output.c.obj)
                0x000000000000d228                log_output_msg_process
 .text.log_output_flush
                0x000000000000d28e       0x2e zephyr/libzephyr.a(log_backend_uart.c.obj)
 .text.format_set
                0x000000000000d2bc        0xc zephyr/libzephyr.a(log_backend_uart.c.obj)
 .text.log_backend_uart_init
                0x000000000000d2c8        0xc zephyr/libzephyr.a(log_backend_uart.c.obj)
 .text.panic    0x000000000000d2d4       0x14 zephyr/libzephyr.a(log_backend_uart.c.obj)
 .text.dropped  0x000000000000d2e8        0xe zephyr/libzephyr.a(log_backend_uart.c.obj)
 .text.process  0x000000000000d2f6       0x1c zephyr/libzephyr.a(log_backend_uart.c.obj)
 .text.z_do_kernel_oops